<html>
<body>
<pre>
<h1>µVision Build Log</h1>
<h2>Tool Versions:</h2>
IDE-Version: ¦ÌVision V5.29.0.0
Copyright (C) 2019 ARM Ltd and ARM Germany GmbH. All rights reserved.
License Information: 12 Microsoft, Microsoft, LIC=9WSKC-73LE1-MM89I-T3M2C-NW0Z3-312MB
 
Tool Versions:
Toolchain:       MDK-ARM Plus  Version: 5.29.0.0
Toolchain Path:  F:\Keil_v5\ARM\ARMCC\Bin
C Compiler:      Armcc.exe V5.06 update 6 (build 750)
Assembler:       Armasm.exe V5.06 update 6 (build 750)
Linker/Locator:  ArmLink.exe V5.06 update 6 (build 750)
Library Manager: ArmAr.exe V5.06 update 6 (build 750)
Hex Converter:   FromElf.exe V5.06 update 6 (build 750)
CPU DLL:         SARMCM3.DLL V5.29.0.0
Dialog DLL:      DCM.DLL V1.17.3.0
Target DLL:      Segger\JL2CM3.dll V2.99.36.0
Dialog DLL:      TCM.DLL V1.36.5.0
 
<h2>Project:</h2>
G:\FV-5000(232modbusV1.0.0)\motor control4_1(f103)(DMA)(FV-5000)\USER\user.uvprojx
Project File Date:  11/13/2020

<h2>Output:</h2>
*** Using Compiler 'V5.06 update 6 (build 750)', folder: 'F:\Keil_v5\ARM\ARMCC\Bin'
Build target 'Target 1'
compiling usart_485.c...
compiling stm32f10x_it.c...
compiling usart_232.c...
compiling main.c...
main.c(404): warning:  #177-D: variable "pd"  was declared but never referenced
  	u16 *pd;
main.c(407): warning:  #177-D: variable "PowerOnFlag"  was declared but never referenced
  	static u16 TimeCnt,PowerOnFlag;
main.c: 2 warnings, 0 errors
compiling adc.c...
compiling ctrl.c...
..\HARDWARE\ctrl.c(304): warning:  #68-D: integer conversion resulted in a change of sign
  			case 1: if(LastHallData==5){gCurrentPulseNum++;motor_dir=CCW;}  if(LastHallData==3){gCurrentPulseNum--;motor_dir=CW;}break;
..\HARDWARE\ctrl.c(305): warning:  #68-D: integer conversion resulted in a change of sign
  			case 2: if(LastHallData==3){gCurrentPulseNum++;motor_dir=CCW;}  if(LastHallData==6){gCurrentPulseNum--;motor_dir=CW;}break;
..\HARDWARE\ctrl.c(306): warning:  #68-D: integer conversion resulted in a change of sign
  			case 3: if(LastHallData==1){gCurrentPulseNum++;motor_dir=CCW;}  if(LastHallData==2){gCurrentPulseNum--;motor_dir=CW;}break;
..\HARDWARE\ctrl.c(307): warning:  #68-D: integer conversion resulted in a change of sign
  			case 4: if(LastHallData==6){gCurrentPulseNum++;motor_dir=CCW;}  if(LastHallData==5){gCurrentPulseNum--;motor_dir=CW;}break;
..\HARDWARE\ctrl.c(308): warning:  #68-D: integer conversion resulted in a change of sign
  			case 5: if(LastHallData==4){gCurrentPulseNum++;motor_dir=CCW;}  if(LastHallData==1){gCurrentPulseNum--;motor_dir=CW;}break;
..\HARDWARE\ctrl.c(309): warning:  #68-D: integer conversion resulted in a change of sign
  			case 6: if(LastHallData==2){gCurrentPulseNum++;motor_dir=CCW;}  if(LastHallData==4){gCurrentPulseNum--;motor_dir=CW;}break;
..\HARDWARE\ctrl.c(314): warning:  #188-D: enumerated type mixed with another type
  	return motor_dir;
..\HARDWARE\ctrl.c: 7 warnings, 0 errors
compiling stmflash.c...
compiling bsp.c...
compiling handle.c...
..\HARDWARE\handle.c(474): warning:  #550-D: variable "Ivalue"  was set but never used
  	static int Dir_I_stop=0,Ivalue;
..\HARDWARE\handle.c: 1 warning, 0 errors
compiling pid_control.c...
compiling longkey.c...
compiling modbus.c...
compiling lcdtest.c...
..\HARDWARE\lcdtest.c(223): warning:  #940-D: missing return statement at end of non-void function "RealTimeDis" 
  }
..\HARDWARE\lcdtest.c: 1 warning, 0 errors
linking...
Program Size: Code=36596 RO-data=1212 RW-data=932 ZI-data=8500  
FromELF: creating hex file...
After Build - User command #1: fromelf.exe --bin -o "..\user.bin" "..\user.axf"
"..\user.axf" - 0 Error(s), 11 Warning(s).

<h2>Software Packages used:</h2>

Package Vendor: Keil
                http://www.keil.com/pack/Keil.STM32F1xx_DFP.1.1.0.pack
                Keil.STM32F1xx_DFP.1.1.0
                STMicroelectronics STM32F1 Series Device Support, Drivers and Examples

<h2>Collection of Component include folders:</h2>
  .\RTE\_Target_1
  F:\Users\Administrator\AppData\Local\Arm\Packs\Keil\STM32F1xx_DFP\1.1.0\Device\Include

<h2>Collection of Component Files used:</h2>
Build Time Elapsed:  00:00:06
</pre>
</body>
</html>
