<html>
<body>
<pre>
<h1>礦ision Build Log</h1>
<h2>Tool Versions:</h2>
IDE-Version: μVision V5.14.0.0
Copyright (C) 2015 ARM Ltd and ARM Germany GmbH. All rights reserved.
License Information: 332323 wimxt.com, wimxt.com, LIC=0VRJJ-UBZK4-SGK7K-ZW2KZ-0EQBR-0FHXW
 
Tool Versions:
Toolchain:       MDK-ARM Professional  Version: 5.14.0.0
Toolchain Path:  F:\soft\ARM\ARMCC\Bin
C Compiler:      Armcc.exe V5.05 update 1 (build 106)
Assembler:       Armasm.exe V5.05 update 1 (build 106)
Linker/Locator:  ArmLink.exe V5.05 update 1 (build 106)
Library Manager: ArmAr.exe V5.05 update 1 (build 106)
Hex Converter:   FromElf.exe V5.05 update 1 (build 106)
CPU DLL:         SARMCM3.DLL V5.14.0.0
Dialog DLL:      DARMSTM.DLL V1.65.0.0
Target DLL:      UL2CM3.DLL V1.155.0.0
Dialog DLL:      TCM.DLL V1.14.4.0
 
<h2>Project:</h2>
F:\工程模板\UCOSII工程模板\USER\user.uvprojx
Project File Date:  09/12/2018

<h2>Output:</h2>
Build target 'Target 1'
compiling bsp.c...
..\HARDWARE\bsp.c(13): warning:  #223-D: function "delay_init" declared implicitly
        delay_init();     //延时函数初始化      
..\HARDWARE\bsp.c(54): warning:  #177-D: variable "NVIC_InitStr" was declared but never referenced
        NVIC_InitTypeDef NVIC_InitStr;
..\HARDWARE\bsp.c: 2 warnings, 0 errors
linking...
Program Size: Code=4316 RO-data=592 RW-data=76 ZI-data=5036  
FromELF: creating hex file...
"..\OBJ\user.axf" - 0 Error(s), 2 Warning(s).

<h2>Collection of Component include folders:</h2>
  F:\工程模板\UCOSII工程模板\USER\RTE
  F:\soft\ARM\PACK\Keil\STM32F1xx_DFP\1.0.5\Device\Include

<h2>Collection of Component Files used:</h2>
</pre>
</body>
</html>
