Component: ARM Compiler 5.06 update 6 (build 750) Tool: armlink [4d35ed]

==============================================================================

Section Cross References

    main.o(i.ParameterInit) refers to main.o(i.SetDataInit) for SetDataInit
    main.o(i.ParameterInit) refers to main.o(i.SensorInit) for SensorInit
    main.o(i.ParameterInit) refers to modbus.o(i.Modbus_Init) for Modbus_Init
    main.o(i.SensorInit) refers to main.o(.data) for g_Mat0_SensorL_H
    main.o(i.SetDataInit) refers to main.o(.data) for gCheckFlag
    main.o(i.lcd_task) refers to main.o(i.SetDataInit) for SetDataInit
    main.o(i.lcd_task) refers to lcdtest.o(i.BackupRestore) for BackupRestore
    main.o(i.lcd_task) refers to lcdtest.o(i.WarmOut) for WarmOut
    main.o(i.lcd_task) refers to lcdtest.o(i.SensorDis) for SensorDis
    main.o(i.lcd_task) refers to dflt_clz.o(x$fpl$dfltu) for __aeabi_ui2d
    main.o(i.lcd_task) refers to dmul.o(x$fpl$dmul) for __aeabi_dmul
    main.o(i.lcd_task) refers to dfixu.o(x$fpl$dfixu) for __aeabi_d2uiz
    main.o(i.lcd_task) refers to delay.o(i.delay_ms) for delay_ms
    main.o(i.lcd_task) refers to modbus.o(.constdata) for pHWorkMode
    main.o(i.lcd_task) refers to main.o(.data) for gWorkMode
    main.o(i.lcd_task) refers to lcdtest.o(.data) for MatCal
    main.o(i.lcd_task) refers to handle.o(.data) for HallRate
    main.o(i.lcd_task) refers to main.o(.bss) for LongPortFun
    main.o(i.led_task) refers to bsp.o(i.Interrupt_Config) for Interrupt_Config
    main.o(i.led_task) refers to delay.o(i.delay_ms) for delay_ms
    main.o(i.main) refers to os_core.o(i.OSInit) for OSInit
    main.o(i.main) refers to os_task.o(i.OSTaskCreate) for OSTaskCreate
    main.o(i.main) refers to os_core.o(i.OSStart) for OSStart
    main.o(i.main) refers to main.o(.bss) for START_TASK_STK
    main.o(i.main) refers to main.o(i.start_task) for start_task
    main.o(i.modbus_task) refers to os_mbox.o(i.OSMboxCreate) for OSMboxCreate
    main.o(i.modbus_task) refers to os_sem.o(i.OSSemCreate) for OSSemCreate
    main.o(i.modbus_task) refers to os_mutex.o(i.OSMutexCreate) for OSMutexCreate
    main.o(i.modbus_task) refers to modbus.o(i.Modbus_Event) for Modbus_Event
    main.o(i.modbus_task) refers to lcdtest.o(i.AddSub) for AddSub
    main.o(i.modbus_task) refers to delay.o(i.delay_ms) for delay_ms
    main.o(i.modbus_task) refers to main.o(.data) for iMbox
    main.o(i.modbus_task) refers to modbus.o(.constdata) for pHAdjustFlag
    main.o(i.modbus_task) refers to lcdtest.o(.data) for TravelCal
    main.o(i.readio_task) refers to wdg.o(i.IWDG_Init) for IWDG_Init
    main.o(i.readio_task) refers to longkey.o(i.ReadLong) for ReadLong
    main.o(i.readio_task) refers to delay.o(i.delay_ms) for delay_ms
    main.o(i.readio_task) refers to wdg.o(i.IWDG_Feed) for IWDG_Feed
    main.o(i.readio_task) refers to main.o(.bss) for LongPortFun
    main.o(i.readio_task) refers to main.o(.data) for LastSwitch1EPC
    main.o(i.readio_task) refers to modbus.o(.constdata) for pHSensorMode
    main.o(i.start_task) refers to bsp.o(i.BSP_Init) for BSP_Init
    main.o(i.start_task) refers to stm32f10x_rcc.o(i.RCC_GetFlagStatus) for RCC_GetFlagStatus
    main.o(i.start_task) refers to stmflash.o(i.ReadPara) for ReadPara
    main.o(i.start_task) refers to stmflash.o(i.ReadSensor) for ReadSensor
    main.o(i.start_task) refers to main.o(i.SetDataInit) for SetDataInit
    main.o(i.start_task) refers to main.o(i.SensorInit) for SensorInit
    main.o(i.start_task) refers to modbus.o(i.Modbus_Init) for Modbus_Init
    main.o(i.start_task) refers to os_core.o(i.OSStatInit) for OSStatInit
    main.o(i.start_task) refers to os_cpu_a.o(.text) for OS_CPU_SR_Save
    main.o(i.start_task) refers to os_task.o(i.OSTaskCreate) for OSTaskCreate
    main.o(i.start_task) refers to os_task.o(i.OSTaskSuspend) for OSTaskSuspend
    main.o(i.start_task) refers to main.o(.data) for gIwdgFlag
    main.o(i.start_task) refers to modbus.o(.constdata) for pHWorkMode
    main.o(i.start_task) refers to main.o(.bss) for READ_IO_TASK_STK
    main.o(i.start_task) refers to main.o(i.readio_task) for readio_task
    main.o(i.start_task) refers to main.o(i.modbus_task) for modbus_task
    main.o(i.start_task) refers to main.o(i.lcd_task) for lcd_task
    main.o(i.start_task) refers to main.o(i.led_task) for led_task
    stm32f10x_it.o(i.DMA1_Channel1_IRQHandler) refers to stm32f10x_dma.o(i.DMA_GetITStatus) for DMA_GetITStatus
    stm32f10x_it.o(i.DMA1_Channel1_IRQHandler) refers to stm32f10x_dma.o(i.DMA_ClearITPendingBit) for DMA_ClearITPendingBit
    stm32f10x_it.o(i.DMA1_Channel1_IRQHandler) refers to ctrl.o(i.PwmOut) for PwmOut
    stm32f10x_it.o(i.DMA1_Channel1_IRQHandler) refers to stm32f10x_it.o(.data) for SpeedOut
    stm32f10x_it.o(i.TIM1_CC_IRQHandler) refers to stm32f10x_adc.o(i.ADC_SoftwareStartConvCmd) for ADC_SoftwareStartConvCmd
    stm32f10x_it.o(i.TIM3_IRQHandler) refers to ctrl.o(i.huanxiang) for huanxiang
[...]
    RCC_Configuration                        0x08005105   Thumb Code   122  bsp.o(i.RCC_Configuration)
    RCC_DeInit                               0x08005181   Thumb Code    64  stm32f10x_rcc.o(i.RCC_DeInit)
    RCC_GetClocksFreq                        0x080051cd   Thumb Code   192  stm32f10x_rcc.o(i.RCC_GetClocksFreq)
    RCC_GetFlagStatus                        0x080052a1   Thumb Code    56  stm32f10x_rcc.o(i.RCC_GetFlagStatus)
    RCC_GetSYSCLKSource                      0x080052dd   Thumb Code    10  stm32f10x_rcc.o(i.RCC_GetSYSCLKSource)
    RCC_HCLKConfig                           0x080052ed   Thumb Code    18  stm32f10x_rcc.o(i.RCC_HCLKConfig)
    RCC_HSEConfig                            0x08005305   Thumb Code    70  stm32f10x_rcc.o(i.RCC_HSEConfig)
    RCC_PCLK1Config                          0x08005351   Thumb Code    18  stm32f10x_rcc.o(i.RCC_PCLK1Config)
    RCC_PCLK2Config                          0x08005369   Thumb Code    20  stm32f10x_rcc.o(i.RCC_PCLK2Config)
    RCC_PLLCmd                               0x08005381   Thumb Code     6  stm32f10x_rcc.o(i.RCC_PLLCmd)
    RCC_PLLConfig                            0x0800538d   Thumb Code    24  stm32f10x_rcc.o(i.RCC_PLLConfig)
    RCC_SYSCLKConfig                         0x080053a9   Thumb Code    18  stm32f10x_rcc.o(i.RCC_SYSCLKConfig)
    RS232_SendData                           0x080053c1   Thumb Code    28  usart_232.o(i.RS232_SendData)
    RS485_SendData                           0x080053e1   Thumb Code    24  usart_485.o(i.RS485_SendData)
    ReadLong                                 0x080053fd   Thumb Code    44  longkey.o(i.ReadLong)
    ReadLongIO                               0x0800542d   Thumb Code    80  longkey.o(i.ReadLongIO)
    ReadPara                                 0x0800547d   Thumb Code   406  stmflash.o(i.ReadPara)
    ReadSensor                               0x080056cd   Thumb Code   362  stmflash.o(i.ReadSensor)
    RealTimeDis                              0x080058e1   Thumb Code   632  lcdtest.o(i.RealTimeDis)
    Receive232_DataPack                      0x08005b71   Thumb Code   100  usart_232.o(i.Receive232_DataPack)
    Receive_DataPack                         0x08005be5   Thumb Code   100  usart_485.o(i.Receive_DataPack)
    Restore                                  0x08005c59   Thumb Code   374  stmflash.o(i.Restore)
    SPCPID                                   0x08005e79   Thumb Code   420  pid_control.o(i.SPCPID)
    SPC_Control                              0x08006051   Thumb Code   532  handle.o(i.SPC_Control)
    STMFLASH_Read                            0x08006285   Thumb Code    38  stmflash.o(i.STMFLASH_Read)
    STMFLASH_ReadHalfWord                    0x080062ab   Thumb Code     6  stmflash.o(i.STMFLASH_ReadHalfWord)
    STMFLASH_Write                           0x080062b1   Thumb Code   222  stmflash.o(i.STMFLASH_Write)
    STMFLASH_Write_NoCheck                   0x08006399   Thumb Code    38  stmflash.o(i.STMFLASH_Write_NoCheck)
    SVC_Handler                              0x080063bf   Thumb Code     2  stm32f10x_it.o(i.SVC_Handler)
    SavePara                                 0x080063c1   Thumb Code   316  stmflash.o(i.SavePara)
    SensorDis                                0x080065b5   Thumb Code    26  lcdtest.o(i.SensorDis)
    SensorInit                               0x080065dd   Thumb Code   274  main.o(i.SensorInit)
    SetDataInit                              0x08006791   Thumb Code   256  main.o(i.SetDataInit)
    SetZone                                  0x08006a29   Thumb Code    48  handle.o(i.SetZone)
    ShelterDis                               0x08006a5d   Thumb Code   112  lcdtest.o(i.ShelterDis)
    SpeedPID                                 0x08006ae5   Thumb Code   420  pid_control.o(i.SpeedPID)
    Speed_limit                              0x08006c9d   Thumb Code    24  handle.o(i.Speed_limit)
    SysTick_CLKSourceConfig                  0x08006cb5   Thumb Code    40  misc.o(i.SysTick_CLKSourceConfig)
    SysTick_Handler                          0x08006cdd   Thumb Code    24  delay.o(i.SysTick_Handler)
    SystemInit                               0x08006cf9   Thumb Code    78  system_stm32f10x.o(i.SystemInit)
    TIM1_BRK_IRQHandler                      0x08006f99   Thumb Code     2  stm32f10x_it.o(i.TIM1_BRK_IRQHandler)
    TIM1_CC_IRQHandler                       0x08006f9d   Thumb Code    22  stm32f10x_it.o(i.TIM1_CC_IRQHandler)
    TIM3_IRQHandler                          0x08006fbd   Thumb Code   334  stm32f10x_it.o(i.TIM3_IRQHandler)
    TIM4_IRQHandler                          0x0800712d   Thumb Code   894  stm32f10x_it.o(i.TIM4_IRQHandler)
    TIM_BDTRConfig                           0x0800751d   Thumb Code    32  stm32f10x_tim.o(i.TIM_BDTRConfig)
    TIM_ClearITPendingBit                    0x0800753d   Thumb Code     6  stm32f10x_tim.o(i.TIM_ClearITPendingBit)
    TIM_Cmd                                  0x08007543   Thumb Code    24  stm32f10x_tim.o(i.TIM_Cmd)
    TIM_CtrlPWMOutputs                       0x0800755b   Thumb Code    30  stm32f10x_tim.o(i.TIM_CtrlPWMOutputs)
    TIM_DeInit                               0x08007579   Thumb Code   424  stm32f10x_tim.o(i.TIM_DeInit)
    TIM_ICInit                               0x08007761   Thumb Code   150  stm32f10x_tim.o(i.TIM_ICInit)
    TIM_ITConfig                             0x0800780d   Thumb Code    18  stm32f10x_tim.o(i.TIM_ITConfig)
    TIM_OC1Init                              0x08007821   Thumb Code   132  stm32f10x_tim.o(i.TIM_OC1Init)
    TIM_OC1PreloadConfig                     0x080078b9   Thumb Code    18  stm32f10x_tim.o(i.TIM_OC1PreloadConfig)
    TIM_OC2Init                              0x080078cd   Thumb Code   154  stm32f10x_tim.o(i.TIM_OC2Init)
    TIM_OC2PreloadConfig                     0x08007971   Thumb Code    26  stm32f10x_tim.o(i.TIM_OC2PreloadConfig)
    TIM_OC3Init                              0x0800798d   Thumb Code   150  stm32f10x_tim.o(i.TIM_OC3Init)
    TIM_OC3PreloadConfig                     0x08007a2d   Thumb Code    18  stm32f10x_tim.o(i.TIM_OC3PreloadConfig)
    TIM_OC4Init                              0x08007a41   Thumb Code   114  stm32f10x_tim.o(i.TIM_OC4Init)
    TIM_SelectHallSensor                     0x08007abd   Thumb Code    24  stm32f10x_tim.o(i.TIM_SelectHallSensor)
    TIM_SelectInputTrigger                   0x08007ad5   Thumb Code    18  stm32f10x_tim.o(i.TIM_SelectInputTrigger)
    TIM_SelectMasterSlaveMode                0x08007ae7   Thumb Code    18  stm32f10x_tim.o(i.TIM_SelectMasterSlaveMode)
    TIM_SelectOutputTrigger                  0x08007af9   Thumb Code    18  stm32f10x_tim.o(i.TIM_SelectOutputTrigger)
    TIM_SelectSlaveMode                      0x08007b0b   Thumb Code    18  stm32f10x_tim.o(i.TIM_SelectSlaveMode)
    TIM_SetIC1Prescaler                      0x08007b1d   Thumb Code    18  stm32f10x_tim.o(i.TIM_SetIC1Prescaler)
    TIM_SetIC2Prescaler                      0x08007b2f   Thumb Code    26  stm32f10x_tim.o(i.TIM_SetIC2Prescaler)
    TIM_SetIC3Prescaler                      0x08007b49   Thumb Code    18  stm32f10x_tim.o(i.TIM_SetIC3Prescaler)
    TIM_SetIC4Prescaler                      0x08007b5b   Thumb Code    26  stm32f10x_tim.o(i.TIM_SetIC4Prescaler)
    TIM_TimeBaseInit                         0x08007b75   Thumb Code   122  stm32f10x_tim.o(i.TIM_TimeBaseInit)
    T_Aplan                                  0x08007c19   Thumb Code    48  stm32f10x_it.o(i.T_Aplan)
    T_Cplan                                  0x08007c49   Thumb Code    48  stm32f10x_it.o(i.T_Cplan)
    T_Mplan                                  0x08007c79   Thumb Code    84  stm32f10x_it.o(i.T_Mplan)
    TravelCalibration                        0x08007ccd   Thumb Code   196  handle.o(i.TravelCalibration)
    USART2_IRQHandler                        0x08007db9   Thumb Code   136  usart_485.o(i.USART2_IRQHandler)
    USART3_IRQHandler                        0x08007e4d   Thumb Code   134  usart_232.o(i.USART3_IRQHandler)
    USART_ClearFlag                          0x08007ee1   Thumb Code    18  stm32f10x_usart.o(i.USART_ClearFlag)
    USART_ClearITPendingBit                  0x08007ef3   Thumb Code    30  stm32f10x_usart.o(i.USART_ClearITPendingBit)
    USART_Cmd                                0x08007f11   Thumb Code    24  stm32f10x_usart.o(i.USART_Cmd)
    USART_DMACmd                             0x08007f29   Thumb Code    18  stm32f10x_usart.o(i.USART_DMACmd)
    USART_GetFlagStatus                      0x08007f3b   Thumb Code    26  stm32f10x_usart.o(i.USART_GetFlagStatus)
    USART_GetITStatus                        0x08007f55   Thumb Code    84  stm32f10x_usart.o(i.USART_GetITStatus)
    USART_ITConfig                           0x08007fa9   Thumb Code    74  stm32f10x_usart.o(i.USART_ITConfig)
    USART_Init                               0x08007ff5   Thumb Code   210  stm32f10x_usart.o(i.USART_Init)
    USART_ReceiveData                        0x080080cd   Thumb Code    10  stm32f10x_usart.o(i.USART_ReceiveData)
    UsageFault_Handler                       0x080080d7   Thumb Code     4  stm32f10x_it.o(i.UsageFault_Handler)
    WWDG_IRQHandler                          0x080080dd   Thumb Code    34  wdg.o(i.WWDG_IRQHandler)
    WarmOut                                  0x08008105   Thumb Code   284  lcdtest.o(i.WarmOut)
    WorkModeOut                              0x08008239   Thumb Code   368  handle.o(i.WorkModeOut)
    WriteSensor                              0x080083ed   Thumb Code   284  stmflash.o(i.WriteSensor)
    __ARM_fpclassify                         0x080085b1   Thumb Code    40  fpclassify.o(i.__ARM_fpclassify)
    _is_digit                                0x080085d9   Thumb Code    14  __printf_wp.o(i._is_digit)
    decspeed                                 0x080085e7   Thumb Code    34  stm32f10x_it.o(i.decspeed)
    delay_init                               0x08008609   Thumb Code    76  delay.o(i.delay_init)
    delay_ms                                 0x08008665   Thumb Code    66  delay.o(i.delay_ms)
    delay_osschedlock                        0x080086b5   Thumb Code     8  delay.o(i.delay_osschedlock)
    delay_osschedunlock                      0x080086bd   Thumb Code     8  delay.o(i.delay_osschedunlock)
    delay_ostimedly                          0x080086c5   Thumb Code    12  delay.o(i.delay_ostimedly)
    delay_us                                 0x080086d1   Thumb Code    86  delay.o(i.delay_us)
    filter                                   0x0800872d   Thumb Code    44  stm32f10x_it.o(i.filter)
    fputc                                    0x08008759   Thumb Code    30  fputc.o(i.fputc)
    getKeepOutRate                           0x0800877d   Thumb Code   110  handle.o(i.getKeepOutRate)
    huanxiang                                0x080087f5   Thumb Code   396  ctrl.o(i.huanxiang)
    lcd_task                                 0x0800899d   Thumb Code   918  main.o(i.lcd_task)
    led_task                                 0x08008ebd   Thumb Code    38  main.o(i.led_task)
    main                                     0x08008eed   Thumb Code    26  main.o(i.main)
    max485Enable_RX                          0x08008f11   Thumb Code    12  usart_485.o(i.max485Enable_RX)
    max485Enable_TX                          0x08008f21   Thumb Code    12  usart_485.o(i.max485Enable_TX)
    modbus_task                              0x08008f31   Thumb Code   136  main.o(i.modbus_task)
    readio_task                              0x08008fe1   Thumb Code   100  main.o(i.readio_task)
    reversal                                 0x08009059   Thumb Code    72  stm32f10x_it.o(i.reversal)
    start_task                               0x080090a9   Thumb Code   280  main.o(i.start_task)
    uart2_init                               0x08009219   Thumb Code   312  usart_485.o(i.uart2_init)
    uart3_init                               0x08009365   Thumb Code   286  usart_232.o(i.uart3_init)
    _get_lc_numeric                          0x08009499   Thumb Code    44  lc_numeric_c.o(locale$$code)
    __aeabi_d2f                              0x080094c5   Thumb Code     0  d2f.o(x$fpl$d2f)
    _d2f                                     0x080094c5   Thumb Code    98  d2f.o(x$fpl$d2f)
    __aeabi_dadd                             0x08009529   Thumb Code     0  daddsub_clz.o(x$fpl$dadd)
    _dadd                                    0x08009529   Thumb Code   332  daddsub_clz.o(x$fpl$dadd)
    __fpl_dcmp_Inf                           0x08009679   Thumb Code    24  dcmpi.o(x$fpl$dcmpinf)
    __aeabi_ddiv                             0x08009691   Thumb Code     0  ddiv.o(x$fpl$ddiv)
    _ddiv                                    0x08009691   Thumb Code   552  ddiv.o(x$fpl$ddiv)
    __aeabi_d2iz                             0x08009941   Thumb Code     0  dfix.o(x$fpl$dfix)
    _dfix                                    0x08009941   Thumb Code    94  dfix.o(x$fpl$dfix)
    __aeabi_d2uiz                            0x080099a1   Thumb Code     0  dfixu.o(x$fpl$dfixu)
    _dfixu                                   0x080099a1   Thumb Code    90  dfixu.o(x$fpl$dfixu)
    __aeabi_i2d                              0x080099fb   Thumb Code     0  dflt_clz.o(x$fpl$dflt)
    _dflt                                    0x080099fb   Thumb Code    46  dflt_clz.o(x$fpl$dflt)
    __aeabi_ui2d                             0x08009a29   Thumb Code     0  dflt_clz.o(x$fpl$dfltu)
    _dfltu                                   0x08009a29   Thumb Code    38  dflt_clz.o(x$fpl$dfltu)
    __aeabi_cdcmple                          0x08009a51   Thumb Code     0  dleqf.o(x$fpl$dleqf)
    _dcmple                                  0x08009a51   Thumb Code   120  dleqf.o(x$fpl$dleqf)
    __fpl_dcmple_InfNaN                      0x08009ab3   Thumb Code     0  dleqf.o(x$fpl$dleqf)
    __aeabi_dmul                             0x08009ac9   Thumb Code     0  dmul.o(x$fpl$dmul)
    _dmul                                    0x08009ac9   Thumb Code   332  dmul.o(x$fpl$dmul)
    __fpl_dnaninf                            0x08009c1d   Thumb Code   156  dnaninf.o(x$fpl$dnaninf)
    __fpl_dretinf                            0x08009cb9   Thumb Code    12  dretinf.o(x$fpl$dretinf)
    __aeabi_cdrcmple                         0x08009cc5   Thumb Code     0  drleqf.o(x$fpl$drleqf)
    _drcmple                                 0x08009cc5   Thumb Code   108  drleqf.o(x$fpl$drleqf)
    __aeabi_dsub                             0x08009d31   Thumb Code     0  daddsub_clz.o(x$fpl$dsub)
    _dsub                                    0x08009d31   Thumb Code   464  daddsub_clz.o(x$fpl$dsub)
    __aeabi_f2d                              0x08009f05   Thumb Code     0  f2d.o(x$fpl$f2d)
    _f2d                                     0x08009f05   Thumb Code    86  f2d.o(x$fpl$f2d)
    __aeabi_fadd                             0x08009f5d   Thumb Code     0  faddsub_clz.o(x$fpl$fadd)
    _fadd                                    0x08009f5d   Thumb Code   196  faddsub_clz.o(x$fpl$fadd)
    __fpl_fcmp_Inf                           0x0800a021   Thumb Code    24  fcmpi.o(x$fpl$fcmpinf)
    __aeabi_cfcmpeq                          0x0800a039   Thumb Code     0  feqf.o(x$fpl$feqf)
    _fcmpeq                                  0x0800a039   Thumb Code   104  feqf.o(x$fpl$feqf)
    __aeabi_f2iz                             0x0800a0a1   Thumb Code     0  ffix.o(x$fpl$ffix)
    _ffix                                    0x0800a0a1   Thumb Code    54  ffix.o(x$fpl$ffix)
    __aeabi_f2uiz                            0x0800a0d9   Thumb Code     0  ffixu.o(x$fpl$ffixu)
    _ffixu                                   0x0800a0d9   Thumb Code    62  ffixu.o(x$fpl$ffixu)
    __aeabi_i2f                              0x0800a119   Thumb Code     0  fflt_clz.o(x$fpl$fflt)
    _fflt                                    0x0800a119   Thumb Code    48  fflt_clz.o(x$fpl$fflt)
    __aeabi_ui2f                             0x0800a149   Thumb Code     0  fflt_clz.o(x$fpl$ffltu)
    _ffltu                                   0x0800a149   Thumb Code    38  fflt_clz.o(x$fpl$ffltu)
    __aeabi_cfcmple                          0x0800a171   Thumb Code     0  fleqf.o(x$fpl$fleqf)
    _fcmple                                  0x0800a171   Thumb Code   104  fleqf.o(x$fpl$fleqf)
    __fpl_fcmple_InfNaN                      0x0800a1c3   Thumb Code     0  fleqf.o(x$fpl$fleqf)
    __aeabi_fmul                             0x0800a1d9   Thumb Code     0  fmul.o(x$fpl$fmul)
    _fmul                                    0x0800a1d9   Thumb Code   258  fmul.o(x$fpl$fmul)
    __fpl_fnaninf                            0x0800a2db   Thumb Code   140  fnaninf.o(x$fpl$fnaninf)
    __fpl_fretinf                            0x0800a367   Thumb Code    10  fretinf.o(x$fpl$fretinf)
    __aeabi_cfrcmple                         0x0800a371   Thumb Code     0  frleqf.o(x$fpl$frleqf)
    _frcmple                                 0x0800a371   Thumb Code    98  frleqf.o(x$fpl$frleqf)
    __aeabi_fsub                             0x0800a3d5   Thumb Code     0  faddsub_clz.o(x$fpl$fsub)
    _fsub                                    0x0800a3d5   Thumb Code   234  faddsub_clz.o(x$fpl$fsub)
    _printf_fp_dec                           0x0800a4bf   Thumb Code     4  printf1.o(x$fpl$printf1)
    __I$use$fp                               0x0800a4c2   Number         0  usenofp.o(x$fpl$usenofp)
    pGainDead                                0x0800a4c4   Data           4  modbus.o(.constdata)
    pFineTune                                0x0800a4c8   Data           4  modbus.o(.constdata)
    pDisPulseNum                             0x0800a4cc   Data           4  modbus.o(.constdata)
    pSensorRate                              0x0800a4d0   Data           4  modbus.o(.constdata)
    pSensorValue                             0x0800a4d4   Data           4  modbus.o(.constdata)
    pMatDis                                  0x0800a4d8   Data           4  modbus.o(.constdata)
    pLimitFun1                               0x0800a4dc   Data           4  modbus.o(.constdata)
    pLimitFun2                               0x0800a4e0   Data           4  modbus.o(.constdata)
    pSPCFun1                                 0x0800a4e4   Data           4  modbus.o(.constdata)
    pSPCFun2                                 0x0800a4e8   Data           4  modbus.o(.constdata)
    pNoMatFun1                               0x0800a4ec   Data           4  modbus.o(.constdata)
    pNoMatFun2                               0x0800a4f0   Data           4  modbus.o(.constdata)
    pAFlex                                   0x0800a4f4   Data           4  modbus.o(.constdata)
    pMFlex                                   0x0800a4f8   Data           4  modbus.o(.constdata)
    pAutoSpeed                               0x0800a4fc   Data           4  modbus.o(.constdata)
    pManuSpeed                               0x0800a500   Data           4  modbus.o(.constdata)
    pCentSpeed                               0x0800a504   Data           4  modbus.o(.constdata)
    pCurrentPara                             0x0800a508   Data           4  modbus.o(.constdata)
    pAdjustData                              0x0800a50c   Data           4  modbus.o(.constdata)
    pPortFun                                 0x0800a510   Data           4  modbus.o(.constdata)
    pFunc                                    0x0800a514   Data           4  modbus.o(.constdata)
    pHAdjustFlag                             0x0800a518   Data           4  modbus.o(.constdata)
    pHClickBut                               0x0800a51c   Data           4  modbus.o(.constdata)
    pHAddSub                                 0x0800a520   Data           4  modbus.o(.constdata)
    pHParaConfirm                            0x0800a524   Data           4  modbus.o(.constdata)
    pHSCaliStep                              0x0800a528   Data           4  modbus.o(.constdata)
    pHSensorNum                              0x0800a52c   Data           4  modbus.o(.constdata)
    pHTCaliFlag                              0x0800a530   Data           4  modbus.o(.constdata)
    pHTCaliCancel                            0x0800a534   Data           4  modbus.o(.constdata)
    pHFlexSpeed                              0x0800a538   Data           4  modbus.o(.constdata)
    pHSysYes                                 0x0800a53c   Data           4  modbus.o(.constdata)
    pHWarmFlag                               0x0800a540   Data           4  modbus.o(.constdata)
    pHWorkMode                               0x0800a544   Data           4  modbus.o(.constdata)
    pHMatNum                                 0x0800a548   Data           4  modbus.o(.constdata)
    pHTCaliTorque                            0x0800a54c   Data           4  modbus.o(.constdata)
    pHLimitMode                              0x0800a550   Data           4  modbus.o(.constdata)
    pHSPCMode                                0x0800a554   Data           4  modbus.o(.constdata)
    pHNoWaitEN                               0x0800a558   Data           4  modbus.o(.constdata)
    pHAutoPolar                              0x0800a55c   Data           4  modbus.o(.constdata)
    pHManuPolar                              0x0800a560   Data           4  modbus.o(.constdata)
    pHSensorMode                             0x0800a564   Data           4  modbus.o(.constdata)
    pHMotorType                              0x0800a568   Data           4  modbus.o(.constdata)
    pHPowerOnMode                            0x0800a56c   Data           4  modbus.o(.constdata)
    pHAlarmSwitch                            0x0800a570   Data           4  modbus.o(.constdata)
    pHSignal                                 0x0800a574   Data           4  modbus.o(.constdata)
    pHRelay                                  0x0800a578   Data           4  modbus.o(.constdata)
    pHKeepWait                               0x0800a57c   Data           4  modbus.o(.constdata)
    pHPortFun0                               0x0800a580   Data           4  modbus.o(.constdata)
    pHPortFun1                               0x0800a584   Data           4  modbus.o(.constdata)
    pHPortFun2                               0x0800a588   Data           4  modbus.o(.constdata)
    pHPortFun3                               0x0800a58c   Data           4  modbus.o(.constdata)
    auchCRCHi                                0x0800a590   Data         256  modbus.o(.constdata)
    auchCRCLo                                0x0800a690   Data         256  modbus.o(.constdata)
    OSUnMapTbl                               0x0800a790   Data         256  os_core.o(.constdata)
    Region$$Table$$Base                      0x0800a924   Number         0  anon$$obj.o(Region$$Table)
    Region$$Table$$Limit                     0x0800a944   Number         0  anon$$obj.o(Region$$Table)
    gCheckFlag                               0x20000000   Data           2  main.o(.data)
    gIwdgFlag                                0x20000002   Data           2  main.o(.data)
    gBackupFlag                              0x20000004   Data           2  main.o(.data)
    gWorkMode                                0x20000006   Data           2  main.o(.data)
    gSensorMode                              0x20000008   Data           2  main.o(.data)
    gSensorSignal                            0x2000000a   Data           2  main.o(.data)
    gAutoPolar                               0x2000000c   Data           2  main.o(.data)
    gManuPolar                               0x2000000e   Data           2  main.o(.data)
    gMotorType                               0x20000010   Data           2  main.o(.data)
    gPowerOnMode                             0x20000012   Data           2  main.o(.data)
    gCurMatNum                               0x20000014   Data           2  main.o(.data)
    gGainData                                0x20000016   Data           2  main.o(.data)
    gDeadZone                                0x20000018   Data           2  main.o(.data)
    gFineTune                                0x2000001a   Data           2  main.o(.data)
    gAutoSpeed                               0x2000001c   Data           2  main.o(.data)
    gManuSpeed                               0x2000001e   Data           2  main.o(.data)
    gCentSpeed                               0x20000020   Data           2  main.o(.data)
    gCaliTorque                              0x20000022   Data           2  main.o(.data)
    gFuncTorque                              0x20000024   Data           2  main.o(.data)
    gCurrentPulseNum                         0x20000026   Data           2  main.o(.data)
    gMAXPulseNum                             0x20000028   Data           2  main.o(.data)
    gLimitMode                               0x2000002a   Data           2  main.o(.data)
    gExtendLimit                             0x2000002c   Data           2  main.o(.data)
    gCenterLimit                             0x2000002e   Data           2  main.o(.data)
    gIndentLimit                             0x20000030   Data           2  main.o(.data)
    gSPCMode                                 0x20000032   Data           2  main.o(.data)
    gSPCStopTime                             0x20000034   Data           2  main.o(.data)
    gSPCExtendLimit                          0x20000036   Data           2  main.o(.data)
    gSPCIndentLimit                          0x20000038   Data           2  main.o(.data)
    gNoWaitEN                                0x2000003a   Data           2  main.o(.data)
    gNoDetectValve                           0x2000003c   Data           2  main.o(.data)
    gNoDetectTime                            0x2000003e   Data           2  main.o(.data)
    gNoWaitTime                              0x20000040   Data           2  main.o(.data)
    gLongIo0Mode                             0x20000042   Data           2  main.o(.data)
    gLongIo1Mode                             0x20000044   Data           2  main.o(.data)
    gLongIo2Mode                             0x20000046   Data           2  main.o(.data)
    gLongIo3Mode                             0x20000048   Data           2  main.o(.data)
    gAFlexAcc                                0x2000004a   Data           2  main.o(.data)
    gAFlexDec                                0x2000004c   Data           2  main.o(.data)
    gMFlexAcc                                0x2000004e   Data           2  main.o(.data)
    gMFlexDec                                0x20000050   Data           2  main.o(.data)
    gAlarmSwitch                             0x20000052   Data           2  main.o(.data)
    gRelay                                   0x20000054   Data           2  main.o(.data)
    gKeepWait                                0x20000056   Data           2  main.o(.data)
    g_Mat0_SensorL_H                         0x20000058   Data           2  main.o(.data)
    g_Mat0_SensorL_L                         0x2000005a   Data           2  main.o(.data)
    g_Mat0_SensorR_H                         0x2000005c   Data           2  main.o(.data)
    g_Mat0_SensorR_L                         0x2000005e   Data           2  main.o(.data)
    Mat0EPC12                                0x20000060   Data           2  main.o(.data)
    g_Mat1_SensorL_H                         0x20000062   Data           2  main.o(.data)
    g_Mat1_SensorL_L                         0x20000064   Data           2  main.o(.data)
    g_Mat1_SensorR_H                         0x20000066   Data           2  main.o(.data)
    g_Mat1_SensorR_L                         0x20000068   Data           2  main.o(.data)
    Mat1EPC12                                0x2000006a   Data           2  main.o(.data)
    g_Mat2_SensorL_H                         0x2000006c   Data           2  main.o(.data)
    g_Mat2_SensorL_L                         0x2000006e   Data           2  main.o(.data)
    g_Mat2_SensorR_H                         0x20000070   Data           2  main.o(.data)
    g_Mat2_SensorR_L                         0x20000072   Data           2  main.o(.data)
    Mat2EPC12                                0x20000074   Data           2  main.o(.data)
    g_Mat3_SensorL_H                         0x20000076   Data           2  main.o(.data)
    g_Mat3_SensorL_L                         0x20000078   Data           2  main.o(.data)
    g_Mat3_SensorR_H                         0x2000007a   Data           2  main.o(.data)
    g_Mat3_SensorR_L                         0x2000007c   Data           2  main.o(.data)
    Mat3EPC12                                0x2000007e   Data           2  main.o(.data)
    g_Mat4_SensorL_H                         0x20000080   Data           2  main.o(.data)
    g_Mat4_SensorL_L                         0x20000082   Data           2  main.o(.data)
    g_Mat4_SensorR_H                         0x20000084   Data           2  main.o(.data)
    g_Mat4_SensorR_L                         0x20000086   Data           2  main.o(.data)
    Mat4EPC12                                0x20000088   Data           2  main.o(.data)
    g_Mat5_SensorL_H                         0x2000008a   Data           2  main.o(.data)
    g_Mat5_SensorL_L                         0x2000008c   Data           2  main.o(.data)
    g_Mat5_SensorR_H                         0x2000008e   Data           2  main.o(.data)
    g_Mat5_SensorR_L                         0x20000090   Data           2  main.o(.data)
    Mat5EPC12                                0x20000092   Data           2  main.o(.data)
    g_Mat6_SensorL_H                         0x20000094   Data           2  main.o(.data)
    g_Mat6_SensorL_L                         0x20000096   Data           2  main.o(.data)
    g_Mat6_SensorR_H                         0x20000098   Data           2  main.o(.data)
    g_Mat6_SensorR_L                         0x2000009a   Data           2  main.o(.data)
    Mat6EPC12                                0x2000009c   Data           2  main.o(.data)
    g_Mat7_SensorL_H                         0x2000009e   Data           2  main.o(.data)
    g_Mat7_SensorL_L                         0x200000a0   Data           2  main.o(.data)
    g_Mat7_SensorR_H                         0x200000a2   Data           2  main.o(.data)
    g_Mat7_SensorR_L                         0x200000a4   Data           2  main.o(.data)
    Mat7EPC12                                0x200000a6   Data           2  main.o(.data)
    ClickButton                              0x200000a8   Data           2  main.o(.data)
    g_ADC_Buf                                0x200000aa   Data           8  main.o(.data)
    SensorL_value                            0x200000b2   Data           2  main.o(.data)
    SensorR_value                            0x200000b4   Data           2  main.o(.data)
    NUMBERTURN                               0x200000b8   Data           4  main.o(.data)
    SERIES                                   0x200000bc   Data           1  main.o(.data)
    LastHallData                             0x200000bd   Data           1  main.o(.data)
    iMbox                                    0x200000c0   Data           4  main.o(.data)
    sem_p                                    0x200000c4   Data           4  main.o(.data)
    sem_v                                    0x200000c8   Data           4  main.o(.data)
    mutex                                    0x200000cc   Data           4  main.o(.data)
    inputEvent                               0x200000d8   Data           1  stm32f10x_it.o(.data)
    time0                                    0x200000e8   Data           4  stm32f10x_it.o(.data)
    time1                                    0x200000ec   Data           4  stm32f10x_it.o(.data)
    time2                                    0x200000f0   Data           4  stm32f10x_it.o(.data)
    g_ADC_OK                                 0x200000f4   Data           1  stm32f10x_it.o(.data)
    SystemCoreClock                          0x20000118   Data           4  system_stm32f10x.o(.data)
    AHBPrescTable                            0x2000011c   Data          16  system_stm32f10x.o(.data)
    __stdout                                 0x2000012c   Data           4  fputc.o(.data)
    __stdin                                  0x20000130   Data           4  fputc.o(.data)
    bldc_dev                                 0x20000138   Data          16  ctrl.o(.data)
    HallA_data                               0x20000148   Data           1  ctrl.o(.data)
    HallB_data                               0x20000149   Data           1  ctrl.o(.data)
    HallC_data                               0x2000014a   Data           1  ctrl.o(.data)
    HallRate                                 0x20000158   Data           2  handle.o(.data)
    OcclusionL_rate                          0x2000015a   Data           1  handle.o(.data)
    OcclusionR_rate                          0x2000015b   Data           1  handle.o(.data)
    Center_Point                             0x2000018c   Data           4  pid_control.o(.data)
    Place_Point                              0x20000190   Data           4  pid_control.o(.data)
    Speed_Point                              0x20000194   Data           4  pid_control.o(.data)
    SPC_Point                                0x20000198   Data           4  pid_control.o(.data)
    PortFun                                  0x200001a0   Data          64  longkey.o(.data)
    ParaStorage                              0x200001e0   Data          16  lcdtest.o(.data)
    TravelCal                                0x200001f0   Data           8  lcdtest.o(.data)
    MatCal                                   0x200001f8   Data         188  lcdtest.o(.data)
    ConfirmData                              0x200002b4   Data         304  lcdtest.o(.data)
    OSCtxSwCtr                               0x200003fc   Data           4  os_core.o(.data)
    OSEventFreeList                          0x20000400   Data           4  os_core.o(.data)
    OSFlagFreeList                           0x20000404   Data           4  os_core.o(.data)
    OSCPUUsage                               0x20000408   Data           1  os_core.o(.data)
    OSIdleCtrMax                             0x2000040c   Data           4  os_core.o(.data)
    OSIdleCtrRun                             0x20000410   Data           4  os_core.o(.data)
    OSStatRdy                                0x20000414   Data           1  os_core.o(.data)
    OSIntNesting                             0x20000415   Data           1  os_core.o(.data)
    OSLockNesting                            0x20000416   Data           1  os_core.o(.data)
    OSPrioCur                                0x20000417   Data           1  os_core.o(.data)
    OSPrioHighRdy                            0x20000418   Data           1  os_core.o(.data)
    OSRdyGrp                                 0x20000419   Data           1  os_core.o(.data)
    OSRdyTbl                                 0x2000041a   Data           8  os_core.o(.data)
    OSRunning                                0x20000422   Data           1  os_core.o(.data)
    OSTaskCtr                                0x20000423   Data           1  os_core.o(.data)
    OSIdleCtr                                0x20000424   Data           4  os_core.o(.data)
    OSTCBCur                                 0x20000428   Data           4  os_core.o(.data)
    OSTCBFreeList                            0x2000042c   Data           4  os_core.o(.data)
    OSTCBHighRdy                             0x20000430   Data           4  os_core.o(.data)
    OSTCBList                                0x20000434   Data           4  os_core.o(.data)
    OSTickStepState                          0x20000438   Data           1  os_core.o(.data)
    OSQFreeList                              0x2000043c   Data           4  os_core.o(.data)
    OSTime                                   0x20000440   Data           4  os_core.o(.data)
    LongPortFun                              0x20000444   Data          22  main.o(.bss)
    Warm                                     0x2000045a   Data          12  main.o(.bss)
    START_TASK_STK                           0x20000468   Data         128  main.o(.bss)
    READ_IO_TASK_STK                         0x200004e8   Data         256  main.o(.bss)
    MODBUS_TASK_STK                          0x200005e8   Data         256  main.o(.bss)
    LCD_TASK_STK                             0x200006e8   Data         256  main.o(.bss)
    LED_TASK_STK                             0x200007e8   Data         128  main.o(.bss)
    stateMachine                             0x20000868   Data          12  stm32f10x_it.o(.bss)
    RS485_RX_BUFF                            0x20000874   Data         128  usart_485.o(.bss)
    RS485_TX_BUFF                            0x200008f4   Data         128  usart_485.o(.bss)
    RS232_RX_BUFF                            0x20000974   Data         128  usart_232.o(.bss)
    RS232_TX_BUFF                            0x200009f4   Data         128  usart_232.o(.bss)
    rest_para                                0x20000a74   Data         106  stmflash.o(.bss)
    save_para                                0x20000ade   Data         106  stmflash.o(.bss)
    SensorValue                              0x20000b48   Data          80  stmflash.o(.bss)
    STMFLASH_BUF                             0x20000b98   Data        1024  stmflash.o(.bss)
    Center_PID                               0x20000f98   Data          44  pid_control.o(.bss)
    Place_PID                                0x20000fc4   Data          40  pid_control.o(.bss)
    Speed_PID                                0x20000fec   Data          44  pid_control.o(.bss)
    SPC_PID                                  0x20001018   Data          40  pid_control.o(.bss)
    modbus                                   0x20001040   Data          86  modbus.o(.bss)
    Slave_InputIO                            0x20001096   Data         128  modbus.o(.bss)
    Slave_OutputIO                           0x20001116   Data         128  modbus.o(.bss)
    Slave_ReadReg                            0x20001196   Data          80  modbus.o(.bss)
    Slave_WriteReg                           0x200011e6   Data          80  modbus.o(.bss)
    OSEventTbl                               0x20001238   Data         200  os_core.o(.bss)
    OSFlagTbl                                0x20001300   Data          80  os_core.o(.bss)
    OSTaskStatStk                            0x20001350   Data         512  os_core.o(.bss)
    OSTaskIdleStk                            0x20001550   Data         512  os_core.o(.bss)
    OSTCBPrioTbl                             0x20001750   Data         256  os_core.o(.bss)
    OSTCBTbl                                 0x20001850   Data        1008  os_core.o(.bss)
    OSQTbl                                   0x20001c40   Data         120  os_core.o(.bss)
    __libspace_start                         0x20001cb8   Data          96  libspace.o(.bss)
    __temporary_stack_top$libspace           0x20001d18   Data           0  libspace.o(.bss)



==============================================================================

Memory Map of the image

  Image Entry point : 0x080000ed

  Load Region LR_IROM1 (Base: 0x08000000, Size: 0x0000ada4, Max: 0x00020000, ABSOLUTE, COMPRESSED[0x0000aac8])

    Execution Region ER_IROM1 (Exec base: 0x08000000, Load base: 0x08000000, Size: 0x0000a960, Max: 0x00020000, ABSOLUTE)

    Exec Addr    Load Addr    Size         Type   Attr      Idx    E Section Name        Object

    0x08000000   0x08000000   0x000000ec   Data   RO          460    RESET               startup_stm32f10x_md.o
    0x080000ec   0x080000ec   0x00000008   Code   RO         4083  * !!!main             c_w.l(__main.o)
    0x080000f4   0x080000f4   0x00000034   Code   RO         4423    !!!scatter          c_w.l(__scatter.o)
    0x08000128   0x08000128   0x0000005a   Code   RO         4421    !!dczerorl2         c_w.l(__dczerorl2.o)
    0x08000182   0x08000182   0x00000002   PAD
    0x08000184   0x08000184   0x0000001c   Code   RO         4425    !!handler_zi        c_w.l(__scatter_zi.o)
    0x080001a0   0x080001a0   0x00000000   Code   RO         4078    .ARM.Collect$$_printf_percent$$00000000  c_w.l(_printf_percent.o)
    0x080001a0   0x080001a0   0x00000006   Code   RO         4077    .ARM.Collect$$_printf_percent$$00000003  c_w.l(_printf_f.o)
    0x080001a6   0x080001a6   0x00000006   Code   RO         4076    .ARM.Collect$$_printf_percent$$00000009  c_w.l(_printf_d.o)
    0x080001ac   0x080001ac   0x00000004   Code   RO         4181    .ARM.Collect$$_printf_percent$$00000017  c_w.l(_printf_percent_end.o)
    0x080001b0   0x080001b0   0x00000002   Code   RO         4360    .ARM.Collect$$libinit$$00000000  c_w.l(libinit.o)
    0x080001b2   0x080001b2   0x00000000   Code   RO         4187    .ARM.Collect$$libinit$$00000002  c_w.l(libinit2.o)
    0x080001b2   0x080001b2   0x00000000   Code   RO         4189    .ARM.Collect$$libinit$$00000004  c_w.l(libinit2.o)
    0x080001b2   0x080001b2   0x00000000   Code   RO         4192    .ARM.Collect$$libinit$$0000000A  c_w.l(libinit2.o)
    0x080001b2   0x080001b2   0x00000000   Code   RO         4194    .ARM.Collect$$libinit$$0000000C  c_w.l(libinit2.o)
    0x080001b2   0x080001b2   0x00000000   Code   RO         4196    .ARM.Collect$$libinit$$0000000E  c_w.l(libinit2.o)
    0x080001b2   0x080001b2   0x00000006   Code   RO         4197    .ARM.Collect$$libinit$$0000000F  c_w.l(libinit2.o)
    0x080001b8   0x080001b8   0x00000000   Code   RO         4199    .ARM.Collect$$libinit$$00000011  c_w.l(libinit2.o)
    0x080001b8   0x080001b8   0x00000000   Code   RO         4201    .ARM.Collect$$libinit$$00000013  c_w.l(libinit2.o)
    0x080001b8   0x080001b8   0x00000000   Code   RO         4203    .ARM.Collect$$libinit$$00000015  c_w.l(libinit2.o)
    0x080001b8   0x080001b8   0x0000000a   Code   RO         4204    .ARM.Collect$$libinit$$00000016  c_w.l(libinit2.o)
    0x080001c2   0x080001c2   0x00000000   Code   RO         4205    .ARM.Collect$$libinit$$00000017  c_w.l(libinit2.o)
    0x080001c2   0x080001c2   0x00000000   Code   RO         4207    .ARM.Collect$$libinit$$00000019  c_w.l(libinit2.o)
    0x080001c2   0x080001c2   0x00000000   Code   RO         4209    .ARM.Collect$$libinit$$0000001B  c_w.l(libinit2.o)
    0x080001c2   0x080001c2   0x00000000   Code   RO         4211    .ARM.Collect$$libinit$$0000001D  c_w.l(libinit2.o)
    0x080001c2   0x080001c2   0x00000000   Code   RO         4213    .ARM.Collect$$libinit$$0000001F  c_w.l(libinit2.o)
    0x080001c2   0x080001c2   0x00000000   Code   RO         4215    .ARM.Collect$$libinit$$00000021  c_w.l(libinit2.o)
    0x080001c2   0x080001c2   0x00000000   Code   RO         4217    .ARM.Collect$$libinit$$00000023  c_w.l(libinit2.o)
    0x080001c2   0x080001c2   0x00000000   Code   RO         4219    .ARM.Collect$$libinit$$00000025  c_w.l(libinit2.o)
    0x080001c2   0x080001c2   0x00000000   Code   RO         4223    .ARM.Collect$$libinit$$0000002C  c_w.l(libinit2.o)
    0x080001c2   0x080001c2   0x00000000   Code   RO         4225    .ARM.Collect$$libinit$$0000002E  c_w.l(libinit2.o)
    0x080001c2   0x080001c2   0x00000000   Code   RO         4227    .ARM.Collect$$libinit$$00000030  c_w.l(libinit2.o)
    0x080001c2   0x080001c2   0x00000000   Code   RO         4229    .ARM.Collect$$libinit$$00000032  c_w.l(libinit2.o)
    0x080001c2   0x080001c2   0x00000002   Code   RO         4230    .ARM.Collect$$libinit$$00000033  c_w.l(libinit2.o)
    0x080001c4   0x080001c4   0x00000002   Code   RO         4418    .ARM.Collect$$libshutdown$$00000000  c_w.l(libshutdown.o)
    0x080001c6   0x080001c6   0x00000000   Code   RO         4374    .ARM.Collect$$libshutdown$$00000002  c_w.l(libshutdown2.o)
    0x080001c6   0x080001c6   0x00000000   Code   RO         4376    .ARM.Collect$$libshutdown$$00000004  c_w.l(libshutdown2.o)
    0x080001c6   0x080001c6   0x00000000   Code   RO         4379    .ARM.Collect$$libshutdown$$00000007  c_w.l(libshutdown2.o)
    0x080001c6   0x080001c6   0x00000000   Code   RO         4382    .ARM.Collect$$libshutdown$$0000000A  c_w.l(libshutdown2.o)
    0x080001c6   0x080001c6   0x00000000   Code   RO         4384    .ARM.Collect$$libshutdown$$0000000C  c_w.l(libshutdown2.o)
    0x080001c6   0x080001c6   0x00000000   Code   RO         4387    .ARM.Collect$$libshutdown$$0000000F  c_w.l(libshutdown2.o)
    0x080001c6   0x080001c6   0x00000002   Code   RO         4388    .ARM.Collect$$libshutdown$$00000010  c_w.l(libshutdown2.o)
    0x080001c8   0x080001c8   0x00000000   Code   RO         4149    .ARM.Collect$$rtentry$$00000000  c_w.l(__rtentry.o)
    0x080001c8   0x080001c8   0x00000000   Code   RO         4250    .ARM.Collect$$rtentry$$00000002  c_w.l(__rtentry2.o)
    0x080001c8   0x080001c8   0x00000006   Code   RO         4262    .ARM.Collect$$rtentry$$00000004  c_w.l(__rtentry4.o)
    0x080001ce   0x080001ce   0x00000000   Code   RO         4252    .ARM.Collect$$rtentry$$00000009  c_w.l(__rtentry2.o)
    0x080001ce   0x080001ce   0x00000004   Code   RO         4253    .ARM.Collect$$rtentry$$0000000A  c_w.l(__rtentry2.o)
    0x080001d2   0x080001d2   0x00000000   Code   RO         4255    .ARM.Collect$$rtentry$$0000000C  c_w.l(__rtentry2.o)
    0x080001d2   0x080001d2   0x00000008   Code   RO         4256    .ARM.Collect$$rtentry$$0000000D  c_w.l(__rtentry2.o)
    0x080001da   0x080001da   0x00000002   Code   RO         4363    .ARM.Collect$$rtexit$$00000000  c_w.l(rtexit.o)
    0x080001dc   0x080001dc   0x00000000   Code   RO         4392    .ARM.Collect$$rtexit$$00000002  c_w.l(rtexit2.o)
    0x080001dc   0x080001dc   0x00000004   Code   RO         4393    .ARM.Collect$$rtexit$$00000003  c_w.l(rtexit2.o)
    0x080001e0   0x080001e0   0x00000006   Code   RO         4394    .ARM.Collect$$rtexit$$00000004  c_w.l(rtexit2.o)
    0x080001e6   0x080001e6   0x00000002   PAD
    0x080001e8   0x080001e8   0x00000040   Code   RO          461    .text               startup_stm32f10x_md.o
    0x08000228   0x08000228   0x000000b4   Code   RO         3636    .text               os_cpu_a.o
    0x080002dc   0x080002dc   0x00000018   Code   RO         4048    .text               c_w.l(noretval__2printf.o)
    0x080002f4   0x080002f4   0x0000004e   Code   RO         4052    .text               c_w.l(_printf_pad.o)
    0x08000342   0x08000342   0x00000002   PAD
    0x08000344   0x08000344   0x00000078   Code   RO         4054    .text               c_w.l(_printf_dec.o)
    0x080003bc   0x080003bc   0x0000010e   Code   RO         4064    .text               c_w.l(__printf_wp.o)
    0x080004ca   0x080004ca   0x0000008a   Code   RO         4079    .text               c_w.l(rt_memcpy_v6.o)
    0x08000554   0x08000554   0x00000006   Code   RO         4081    .text               c_w.l(heapauxi.o)
    0x0800055a   0x0800055a   0x000000b2   Code   RO         4175    .text               c_w.l(_printf_intcommon.o)
    0x0800060c   0x0800060c   0x0000041e   Code   RO         4177    .text               c_w.l(_printf_fp_dec.o)
    0x08000a2a   0x08000a2a   0x00000002   PAD
    0x08000a2c   0x08000a2c   0x00000024   Code   RO         4179    .text               c_w.l(_printf_char_file.o)
    0x08000a50   0x08000a50   0x00000064   Code   RO         4182    .text               c_w.l(rt_memcpy_w.o)
    0x08000ab4   0x08000ab4   0x00000008   Code   RO         4246    .text               c_w.l(libspace.o)
    0x08000abc   0x08000abc   0x00000008   Code   RO         4267    .text               c_w.l(rt_locale_intlibspace.o)
    0x08000ac4   0x08000ac4   0x0000008a   Code   RO         4277    .text               c_w.l(lludiv10.o)
    0x08000b4e   0x08000b4e   0x00000002   PAD
    0x08000b50   0x08000b50   0x00000030   Code   RO         4279    .text               c_w.l(_printf_char_common.o)
    0x08000b80   0x08000b80   0x00000080   Code   RO         4281    .text               c_w.l(_printf_fp_infnan.o)
    0x08000c00   0x08000c00   0x000000e4   Code   RO         4283    .text               c_w.l(bigflt0.o)
    0x08000ce4   0x08000ce4   0x00000008   Code   RO         4308    .text               c_w.l(ferror.o)
    0x08000cec   0x08000cec   0x00000002   Code   RO         4332    .text               c_w.l(use_no_semi.o)
    0x08000cee   0x08000cee   0x00000000   Code   RO         4334    .text               c_w.l(indicate_semi.o)
    0x08000cee   0x08000cee   0x0000004a   Code   RO         4335    .text               c_w.l(sys_stackheap_outer.o)
    0x08000d38   0x08000d38   0x00000012   Code   RO         4343    .text               c_w.l(exit.o)
    0x08000d4a   0x08000d4a   0x00000002   PAD
    0x08000d4c   0x08000d4c   0x00000080   Code   RO         4349    .text               c_w.l(strcmpv7m.o)
    0x08000dcc   0x08000dcc   0x0000000c   Code   RO         4361    .text               c_w.l(sys_exit.o)
    0x08000dd8   0x08000dd8   0x0000003e   Code   RO         4286    CL$$btod_d2e        c_w.l(btod.o)
    0x08000e16   0x08000e16   0x00000046   Code   RO         4288    CL$$btod_d2e_denorm_low  c_w.l(btod.o)
    0x08000e5c   0x08000e5c   0x00000060   Code   RO         4287    CL$$btod_d2e_norm_op1  c_w.l(btod.o)
    0x08000ebc   0x08000ebc   0x00000338   Code   RO         4296    CL$$btod_div_common  c_w.l(btod.o)
    0x080011f4   0x080011f4   0x000000dc   Code   RO         4293    CL$$btod_e2e        c_w.l(btod.o)
    0x080012d0   0x080012d0   0x0000002a   Code   RO         4290    CL$$btod_ediv       c_w.l(btod.o)
    0x080012fa   0x080012fa   0x0000002a   Code   RO         4289    CL$$btod_emul       c_w.l(btod.o)
    0x08001324   0x08001324   0x00000244   Code   RO         4295    CL$$btod_mult_common  c_w.l(btod.o)
    0x08001568   0x08001568   0x00000016   Code   RO         2636    i.ADC_Cmd           stm32f10x_adc.o
    0x0800157e   0x0800157e   0x00000016   Code   RO         2637    i.ADC_DMACmd        stm32f10x_adc.o
    0x08001594   0x08001594   0x00000014   Code   RO         2644    i.ADC_GetCalibrationStatus  stm32f10x_adc.o
    0x080015a8   0x080015a8   0x00000014   Code   RO         2650    i.ADC_GetResetCalibrationStatus  stm32f10x_adc.o
    0x080015bc   0x080015bc   0x00000050   Code   RO         2654    i.ADC_Init          stm32f10x_adc.o
    0x0800160c   0x0800160c   0x000000b8   Code   RO         2658    i.ADC_RegularChannelConfig  stm32f10x_adc.o
    0x080016c4   0x080016c4   0x0000000a   Code   RO         2659    i.ADC_ResetCalibration  stm32f10x_adc.o
    0x080016ce   0x080016ce   0x00000016   Code   RO         2661    i.ADC_SoftwareStartConvCmd  stm32f10x_adc.o
    0x080016e4   0x080016e4   0x0000000a   Code   RO         2663    i.ADC_StartCalibration  stm32f10x_adc.o
    0x080016ee   0x080016ee   0x00000002   PAD
    0x080016f0   0x080016f0   0x0000012c   Code   RO          790    i.Adc_Init          adc.o
    0x0800181c   0x0800181c   0x00000244   Code   RO         1157    i.AddSub            lcdtest.o
    0x08001a60   0x08001a60   0x0000008c   Code   RO         1158    i.AdjustmentInterface  lcdtest.o
    0x08001aec   0x08001aec   0x000000f0   Code   RO          711    i.BLDCSwitchN       ctrl.o
    0x08001bdc   0x08001bdc   0x000000f8   Code   RO          712    i.BLDCSwitchP       ctrl.o
    0x08001cd4   0x08001cd4   0x00000060   Code   RO          713    i.BLDC_GPIOConfig   ctrl.o
    0x08001d34   0x08001d34   0x00000050   Code   RO          714    i.BLDC_Start        ctrl.o
    0x08001d84   0x08001d84   0x0000002c   Code   RO          715    i.BLDC_Stop         ctrl.o
    0x08001db0   0x08001db0   0x0000011c   Code   RO          716    i.BLDC_TIM1Config   ctrl.o
    0x08001ecc   0x08001ecc   0x000000ec   Code   RO          717    i.BLDC_TIM3Config   ctrl.o
    0x08001fb8   0x08001fb8   0x00000058   Code   RO          718    i.BLDC_TIM4Config   ctrl.o
    0x08002010   0x08002010   0x00000070   Code   RO          671    i.BSP_Init          bsp.o
    0x08002080   0x08002080   0x000001d8   Code   RO          802    i.Backup            stmflash.o
    0x08002258   0x08002258   0x00000050   Code   RO         1159    i.BackupRestore     lcdtest.o
    0x080022a8   0x080022a8   0x00000004   Code   RO          220    i.BusFault_Handler  stm32f10x_it.o
    0x080022ac   0x080022ac   0x00000038   Code   RO         1104    i.CRC_Compute       modbus.o
    0x080022e4   0x080022e4   0x000001c4   Code   RO          998    i.CenterPID         pid_control.o
    0x080024a8   0x080024a8   0x000001d8   Code   RO          907    i.CurrentProtection  handle.o
    0x08002680   0x08002680   0x00000028   Code   RO          221    i.DMA1_Channel1_IRQHandler  stm32f10x_it.o
    0x080026a8   0x080026a8   0x00000060   Code   RO          618    i.DMA1_Channel2_IRQHandler  usart_232.o
    0x08002708   0x08002708   0x00000078   Code   RO          619    i.DMA1_Channel2_Send  usart_232.o
    0x08002780   0x08002780   0x00000064   Code   RO          543    i.DMA1_Channel7_IRQHandler  usart_485.o
    0x080027e4   0x080027e4   0x00000084   Code   RO          544    i.DMA1_Channel7_Send  usart_485.o
    0x08002868   0x08002868   0x0000001c   Code   RO         1342    i.DMA_ClearFlag     stm32f10x_dma.o
    0x08002884   0x08002884   0x0000001c   Code   RO         1343    i.DMA_ClearITPendingBit  stm32f10x_dma.o
    0x080028a0   0x080028a0   0x00000018   Code   RO         1344    i.DMA_Cmd           stm32f10x_dma.o
    0x080028b8   0x080028b8   0x0000014c   Code   RO         1345    i.DMA_DeInit        stm32f10x_dma.o
    0x08002a04   0x08002a04   0x00000008   Code   RO         1346    i.DMA_GetCurrDataCounter  stm32f10x_dma.o
    0x08002a0c   0x08002a0c   0x0000002c   Code   RO         1347    i.DMA_GetFlagStatus  stm32f10x_dma.o
    0x08002a38   0x08002a38   0x0000002c   Code   RO         1348    i.DMA_GetITStatus   stm32f10x_dma.o
    0x08002a64   0x08002a64   0x00000012   Code   RO         1349    i.DMA_ITConfig      stm32f10x_dma.o
    0x08002a76   0x08002a76   0x0000003c   Code   RO         1350    i.DMA_Init          stm32f10x_dma.o
    0x08002ab2   0x08002ab2   0x00000004   Code   RO         1351    i.DMA_SetCurrDataCounter  stm32f10x_dma.o
    0x08002ab6   0x08002ab6   0x00000002   Code   RO          222    i.DebugMon_Handler  stm32f10x_it.o
    0x08002ab8   0x08002ab8   0x00000024   Code   RO          883    i.EXTI0_IRQHandler  pwrchk.o
    0x08002adc   0x08002adc   0x0000000c   Code   RO         2852    i.EXTI_ClearFlag    stm32f10x_exti.o
    0x08002ae8   0x08002ae8   0x00000018   Code   RO         2856    i.EXTI_GetFlagStatus  stm32f10x_exti.o
    0x08002b00   0x08002b00   0x0000004c   Code   RO         2461    i.FLASH_ErasePage   stm32f10x_flash.o
    0x08002b4c   0x08002b4c   0x00000034   Code   RO         2462    i.FLASH_GetBank1Status  stm32f10x_flash.o
    0x08002b80   0x08002b80   0x00000014   Code   RO         2471    i.FLASH_Lock        stm32f10x_flash.o
    0x08002b94   0x08002b94   0x0000001c   Code   RO         2473    i.FLASH_PrefetchBufferCmd  stm32f10x_flash.o
    0x08002bb0   0x08002bb0   0x00000040   Code   RO         2474    i.FLASH_ProgramHalfWord  stm32f10x_flash.o
    0x08002bf0   0x08002bf0   0x00000018   Code   RO         2478    i.FLASH_SetLatency  stm32f10x_flash.o
    0x08002c08   0x08002c08   0x00000018   Code   RO         2479    i.FLASH_Unlock      stm32f10x_flash.o
    0x08002c20   0x08002c20   0x00000026   Code   RO         2483    i.FLASH_WaitForLastOperation  stm32f10x_flash.o
    0x08002c46   0x08002c46   0x00000116   Code   RO         1420    i.GPIO_Init         stm32f10x_gpio.o
    0x08002d5c   0x08002d5c   0x00000090   Code   RO         1422    i.GPIO_PinRemapConfig  stm32f10x_gpio.o
    0x08002dec   0x08002dec   0x00000012   Code   RO         1424    i.GPIO_ReadInputDataBit  stm32f10x_gpio.o
    0x08002dfe   0x08002dfe   0x00000004   Code   RO         1427    i.GPIO_ResetBits    stm32f10x_gpio.o
    0x08002e02   0x08002e02   0x00000004   Code   RO         1428    i.GPIO_SetBits      stm32f10x_gpio.o
    0x08002e06   0x08002e06   0x00000016   Code   RO          908    i.GetDirection      handle.o
    0x08002e1c   0x08002e1c   0x00000016   Code   RO          909    i.GetPolar          handle.o
    0x08002e32   0x08002e32   0x00000002   PAD
    0x08002e34   0x08002e34   0x00000014   Code   RO          223    i.HardFault_Handler  stm32f10x_it.o
    0x08002e48   0x08002e48   0x00000010   Code   RO         2960    i.IWDG_Enable       stm32f10x_iwdg.o
    0x08002e58   0x08002e58   0x00000008   Code   RO         1065    i.IWDG_Feed         wdg.o
    0x08002e60   0x08002e60   0x00000024   Code   RO         1066    i.IWDG_Init         wdg.o
    0x08002e84   0x08002e84   0x00000010   Code   RO         2962    i.IWDG_ReloadCounter  stm32f10x_iwdg.o
    0x08002e94   0x08002e94   0x0000000c   Code   RO         2963    i.IWDG_SetPrescaler  stm32f10x_iwdg.o
    0x08002ea0   0x08002ea0   0x0000000c   Code   RO         2964    i.IWDG_SetReload    stm32f10x_iwdg.o
    0x08002eac   0x08002eac   0x0000000c   Code   RO         2965    i.IWDG_WriteAccessCmd  stm32f10x_iwdg.o
    0x08002eb8   0x08002eb8   0x00000088   Code   RO          672    i.Init_GPIO         bsp.o
    0x08002f40   0x08002f40   0x000000b8   Code   RO          673    i.Interrupt_Config  bsp.o
    0x08002ff8   0x08002ff8   0x0000011c   Code   RO         1038    i.KeyHandle         longkey.o
    0x08003114   0x08003114   0x0000003a   Code   RO          910    i.LimitOutput       handle.o
    0x0800314e   0x0800314e   0x00000002   PAD
    0x08003150   0x08003150   0x00000384   Code   RO          911    i.LimitProcessing   handle.o
    0x080034d4   0x080034d4   0x00000004   Code   RO          224    i.MemManage_Handler  stm32f10x_it.o
    0x080034d8   0x080034d8   0x00000098   Code   RO         1105    i.Modbus_Event      modbus.o
    0x08003570   0x08003570   0x00000118   Code   RO         1106    i.Modbus_Func3      modbus.o
    0x08003688   0x08003688   0x00000118   Code   RO         1107    i.Modbus_Func4      modbus.o
    0x080037a0   0x080037a0   0x0000010c   Code   RO         1108    i.Modbus_Func6      modbus.o
    0x080038ac   0x080038ac   0x000001c8   Code   RO         1109    i.Modbus_Init       modbus.o
    0x08003a74   0x08003a74   0x00000002   Code   RO          225    i.NMI_Handler       stm32f10x_it.o
    0x08003a76   0x08003a76   0x00000002   PAD
    0x08003a78   0x08003a78   0x00000070   Code   RO         1228    i.NVIC_Init         misc.o
    0x08003ae8   0x08003ae8   0x00000014   Code   RO         1229    i.NVIC_PriorityGroupConfig  misc.o
    0x08003afc   0x08003afc   0x00000078   Code   RO         1160    i.NoShelterDis      lcdtest.o
    0x08003b74   0x08003b74   0x00000138   Code   RO          912    i.No_Material_Detection  handle.o
    0x08003cac   0x08003cac   0x0000002c   Code   RO         3002    i.OSInit            os_core.o
    0x08003cd8   0x08003cd8   0x00000002   Code   RO         3639    i.OSInitHookBegin   os_cpu_c.o
    0x08003cda   0x08003cda   0x00000002   Code   RO         3640    i.OSInitHookEnd     os_cpu_c.o
    0x08003cdc   0x08003cdc   0x00000024   Code   RO         3003    i.OSIntEnter        os_core.o
    0x08003d00   0x08003d00   0x00000090   Code   RO         3004    i.OSIntExit         os_core.o
    0x08003d90   0x08003d90   0x0000004c   Code   RO         3266    i.OSMboxCreate      os_mbox.o
    0x08003ddc   0x08003ddc   0x00000094   Code   RO         3326    i.OSMutexCreate     os_mutex.o
    0x08003e70   0x08003e70   0x00000040   Code   RO         3005    i.OSSchedLock       os_core.o
    0x08003eb0   0x08003eb0   0x00000060   Code   RO         3006    i.OSSchedUnlock     os_core.o
    0x08003f10   0x08003f10   0x0000004c   Code   RO         3445    i.OSSemCreate       os_sem.o
    0x08003f5c   0x08003f5c   0x00000048   Code   RO         3007    i.OSStart           os_core.o
    0x08003fa4   0x08003fa4   0x0000004c   Code   RO         3008    i.OSStatInit        os_core.o
    0x08003ff0   0x08003ff0   0x00000002   Code   RO         3641    i.OSTCBInitHook     os_cpu_c.o
    0x08003ff2   0x08003ff2   0x00000002   PAD
    0x08003ff4   0x08003ff4   0x000000a0   Code   RO         3499    i.OSTaskCreate      os_task.o
    0x08004094   0x08004094   0x000000b8   Code   RO         3500    i.OSTaskCreateExt   os_task.o
    0x0800414c   0x0800414c   0x00000002   Code   RO         3642    i.OSTaskCreateHook  os_cpu_c.o
    0x0800414e   0x0800414e   0x00000002   Code   RO         3644    i.OSTaskIdleHook    os_cpu_c.o
    0x08004150   0x08004150   0x00000070   Code   RO         3504    i.OSTaskNameSet     os_task.o
    0x080041c0   0x080041c0   0x00000002   Code   RO         3646    i.OSTaskStatHook    os_cpu_c.o
    0x080041c2   0x080041c2   0x00000002   PAD
    0x080041c4   0x080041c4   0x0000008c   Code   RO         3509    i.OSTaskStkChk      os_task.o
    0x08004250   0x08004250   0x0000009a   Code   RO         3647    i.OSTaskStkInit     os_cpu_c.o
    0x080042ea   0x080042ea   0x00000002   PAD
    0x080042ec   0x080042ec   0x000000a8   Code   RO         3510    i.OSTaskSuspend     os_task.o
    0x08004394   0x08004394   0x00000002   Code   RO         3648    i.OSTaskSwHook      os_cpu_c.o
    0x08004396   0x08004396   0x00000002   PAD
    0x08004398   0x08004398   0x00000078   Code   RO         3594    i.OSTimeDly         os_time.o
    0x08004410   0x08004410   0x000000ec   Code   RO         3009    i.OSTimeTick        os_core.o
    0x080044fc   0x080044fc   0x00000002   Code   RO         3649    i.OSTimeTickHook    os_cpu_c.o
    0x080044fe   0x080044fe   0x0000001c   Code   RO         3015    i.OS_EventWaitListInit  os_core.o
    0x0800451a   0x0800451a   0x00000002   PAD
    0x0800451c   0x0800451c   0x00000058   Code   RO         3193    i.OS_FlagInit       os_flag.o
    0x08004574   0x08004574   0x00000054   Code   RO         3016    i.OS_InitEventList  os_core.o
    0x080045c8   0x080045c8   0x00000054   Code   RO         3017    i.OS_InitMisc       os_core.o
    0x0800461c   0x0800461c   0x00000044   Code   RO         3018    i.OS_InitRdyList    os_core.o
    0x08004660   0x08004660   0x00000080   Code   RO         3019    i.OS_InitTCBList    os_core.o
    0x080046e0   0x080046e0   0x00000050   Code   RO         3020    i.OS_InitTaskIdle   os_core.o
    0x08004730   0x08004730   0x00000050   Code   RO         3021    i.OS_InitTaskStat   os_core.o
    0x08004780   0x08004780   0x00000012   Code   RO         3022    i.OS_MemClr         os_core.o
    0x08004792   0x08004792   0x00000002   PAD
    0x08004794   0x08004794   0x00000050   Code   RO         3382    i.OS_QInit          os_q.o
    0x080047e4   0x080047e4   0x00000074   Code   RO         3024    i.OS_Sched          os_core.o
    0x08004858   0x08004858   0x0000002c   Code   RO         3025    i.OS_SchedNew       os_core.o
    0x08004884   0x08004884   0x00000134   Code   RO         3027    i.OS_TCBInit        os_core.o
    0x080049b8   0x080049b8   0x00000028   Code   RO         3028    i.OS_TaskIdle       os_core.o
    0x080049e0   0x080049e0   0x00000088   Code   RO         3029    i.OS_TaskStat       os_core.o
    0x08004a68   0x08004a68   0x0000003c   Code   RO         3030    i.OS_TaskStatStkChk  os_core.o
    0x08004aa4   0x08004aa4   0x0000001a   Code   RO         3512    i.OS_TaskStkClr     os_task.o
    0x08004abe   0x08004abe   0x00000002   PAD
    0x08004ac0   0x08004ac0   0x00000198   Code   RO          999    i.PIDInit           pid_control.o
    0x08004c58   0x08004c58   0x00000010   Code   RO            1    i.ParameterInit     main.o
    0x08004c68   0x08004c68   0x00000144   Code   RO          913    i.PlaceOutHandle    handle.o
    0x08004dac   0x08004dac   0x000001ac   Code   RO         1000    i.PlacePID          pid_control.o
    0x08004f58   0x08004f58   0x000000f4   Code   RO          719    i.PwmOut            ctrl.o
    0x0800504c   0x0800504c   0x00000018   Code   RO         1528    i.RCC_ADCCLKConfig  stm32f10x_rcc.o
    0x08005064   0x08005064   0x00000020   Code   RO         1529    i.RCC_AHBPeriphClockCmd  stm32f10x_rcc.o
    0x08005084   0x08005084   0x00000020   Code   RO         1530    i.RCC_APB1PeriphClockCmd  stm32f10x_rcc.o
    0x080050a4   0x080050a4   0x00000020   Code   RO         1531    i.RCC_APB1PeriphResetCmd  stm32f10x_rcc.o
    0x080050c4   0x080050c4   0x00000020   Code   RO         1532    i.RCC_APB2PeriphClockCmd  stm32f10x_rcc.o
    0x080050e4   0x080050e4   0x00000020   Code   RO         1533    i.RCC_APB2PeriphResetCmd  stm32f10x_rcc.o
    0x08005104   0x08005104   0x0000007a   Code   RO          674    i.RCC_Configuration  bsp.o
    0x0800517e   0x0800517e   0x00000002   PAD
    0x08005180   0x08005180   0x0000004c   Code   RO         1539    i.RCC_DeInit        stm32f10x_rcc.o
    0x080051cc   0x080051cc   0x000000d4   Code   RO         1540    i.RCC_GetClocksFreq  stm32f10x_rcc.o
    0x080052a0   0x080052a0   0x0000003c   Code   RO         1541    i.RCC_GetFlagStatus  stm32f10x_rcc.o
    0x080052dc   0x080052dc   0x00000010   Code   RO         1543    i.RCC_GetSYSCLKSource  stm32f10x_rcc.o
    0x080052ec   0x080052ec   0x00000018   Code   RO         1544    i.RCC_HCLKConfig    stm32f10x_rcc.o
    0x08005304   0x08005304   0x0000004c   Code   RO         1545    i.RCC_HSEConfig     stm32f10x_rcc.o
    0x08005350   0x08005350   0x00000018   Code   RO         1551    i.RCC_PCLK1Config   stm32f10x_rcc.o
    0x08005368   0x08005368   0x00000018   Code   RO         1552    i.RCC_PCLK2Config   stm32f10x_rcc.o
    0x08005380   0x08005380   0x0000000c   Code   RO         1553    i.RCC_PLLCmd        stm32f10x_rcc.o
    0x0800538c   0x0800538c   0x0000001c   Code   RO         1554    i.RCC_PLLConfig     stm32f10x_rcc.o
    0x080053a8   0x080053a8   0x00000018   Code   RO         1557    i.RCC_SYSCLKConfig  stm32f10x_rcc.o
    0x080053c0   0x080053c0   0x00000020   Code   RO          620    i.RS232_SendData    usart_232.o
    0x080053e0   0x080053e0   0x0000001c   Code   RO          545    i.RS485_SendData    usart_485.o
    0x080053fc   0x080053fc   0x00000030   Code   RO         1039    i.ReadLong          longkey.o
    0x0800542c   0x0800542c   0x00000050   Code   RO         1040    i.ReadLongIO        longkey.o
    0x0800547c   0x0800547c   0x00000250   Code   RO          804    i.ReadPara          stmflash.o
    0x080056cc   0x080056cc   0x00000214   Code   RO          805    i.ReadSensor        stmflash.o
    0x080058e0   0x080058e0   0x00000290   Code   RO         1161    i.RealTimeDis       lcdtest.o
    0x08005b70   0x08005b70   0x00000074   Code   RO          621    i.Receive232_DataPack  usart_232.o
    0x08005be4   0x08005be4   0x00000074   Code   RO          546    i.Receive_DataPack  usart_485.o
    0x08005c58   0x08005c58   0x00000220   Code   RO          806    i.Restore           stmflash.o
    0x08005e78   0x08005e78   0x000001d8   Code   RO         1001    i.SPCPID            pid_control.o
    0x08006050   0x08006050   0x00000234   Code   RO          914    i.SPC_Control       handle.o
    0x08006284   0x08006284   0x00000026   Code   RO          807    i.STMFLASH_Read     stmflash.o
    0x080062aa   0x080062aa   0x00000006   Code   RO          808    i.STMFLASH_ReadHalfWord  stmflash.o
    0x080062b0   0x080062b0   0x000000e8   Code   RO          809    i.STMFLASH_Write    stmflash.o
    0x08006398   0x08006398   0x00000026   Code   RO          810    i.STMFLASH_Write_NoCheck  stmflash.o
    0x080063be   0x080063be   0x00000002   Code   RO          226    i.SVC_Handler       stm32f10x_it.o
    0x080063c0   0x080063c0   0x000001f4   Code   RO          811    i.SavePara          stmflash.o
    0x080065b4   0x080065b4   0x00000028   Code   RO         1162    i.SensorDis         lcdtest.o
    0x080065dc   0x080065dc   0x000001b4   Code   RO            2    i.SensorInit        main.o
    0x08006790   0x08006790   0x000001b0   Code   RO            3    i.SetDataInit       main.o
    0x08006940   0x08006940   0x00000008   Code   RO          391    i.SetSysClock       system_stm32f10x.o
    0x08006948   0x08006948   0x000000e0   Code   RO          392    i.SetSysClockTo72   system_stm32f10x.o
    0x08006a28   0x08006a28   0x00000034   Code   RO          915    i.SetZone           handle.o
    0x08006a5c   0x08006a5c   0x00000088   Code   RO         1163    i.ShelterDis        lcdtest.o
    0x08006ae4   0x08006ae4   0x000001b8   Code   RO         1002    i.SpeedPID          pid_control.o
    0x08006c9c   0x08006c9c   0x00000018   Code   RO          916    i.Speed_limit       handle.o
    0x08006cb4   0x08006cb4   0x00000028   Code   RO         1232    i.SysTick_CLKSourceConfig  misc.o
    0x08006cdc   0x08006cdc   0x0000001c   Code   RO          465    i.SysTick_Handler   delay.o
    0x08006cf8   0x08006cf8   0x00000060   Code   RO          394    i.SystemInit        system_stm32f10x.o
    0x08006d58   0x08006d58   0x00000080   Code   RO         1728    i.TI1_Config        stm32f10x_tim.o
    0x08006dd8   0x08006dd8   0x00000098   Code   RO         1729    i.TI2_Config        stm32f10x_tim.o
    0x08006e70   0x08006e70   0x00000090   Code   RO         1730    i.TI3_Config        stm32f10x_tim.o
    0x08006f00   0x08006f00   0x00000098   Code   RO         1731    i.TI4_Config        stm32f10x_tim.o
    0x08006f98   0x08006f98   0x00000002   Code   RO          227    i.TIM1_BRK_IRQHandler  stm32f10x_it.o
    0x08006f9a   0x08006f9a   0x00000002   PAD
    0x08006f9c   0x08006f9c   0x00000020   Code   RO          228    i.TIM1_CC_IRQHandler  stm32f10x_it.o
    0x08006fbc   0x08006fbc   0x00000170   Code   RO          229    i.TIM3_IRQHandler   stm32f10x_it.o
    0x0800712c   0x0800712c   0x000003f0   Code   RO          230    i.TIM4_IRQHandler   stm32f10x_it.o
    0x0800751c   0x0800751c   0x00000020   Code   RO         1733    i.TIM_BDTRConfig    stm32f10x_tim.o
    0x0800753c   0x0800753c   0x00000006   Code   RO         1739    i.TIM_ClearITPendingBit  stm32f10x_tim.o
    0x08007542   0x08007542   0x00000018   Code   RO         1744    i.TIM_Cmd           stm32f10x_tim.o
    0x0800755a   0x0800755a   0x0000001e   Code   RO         1746    i.TIM_CtrlPWMOutputs  stm32f10x_tim.o
    0x08007578   0x08007578   0x000001e8   Code   RO         1749    i.TIM_DeInit        stm32f10x_tim.o
    0x08007760   0x08007760   0x000000ac   Code   RO         1767    i.TIM_ICInit        stm32f10x_tim.o
    0x0800780c   0x0800780c   0x00000012   Code   RO         1769    i.TIM_ITConfig      stm32f10x_tim.o
    0x0800781e   0x0800781e   0x00000002   PAD
    0x08007820   0x08007820   0x00000098   Code   RO         1773    i.TIM_OC1Init       stm32f10x_tim.o
    0x080078b8   0x080078b8   0x00000012   Code   RO         1776    i.TIM_OC1PreloadConfig  stm32f10x_tim.o
    0x080078ca   0x080078ca   0x00000002   PAD
    0x080078cc   0x080078cc   0x000000a4   Code   RO         1778    i.TIM_OC2Init       stm32f10x_tim.o
    0x08007970   0x08007970   0x0000001a   Code   RO         1781    i.TIM_OC2PreloadConfig  stm32f10x_tim.o
    0x0800798a   0x0800798a   0x00000002   PAD
    0x0800798c   0x0800798c   0x000000a0   Code   RO         1783    i.TIM_OC3Init       stm32f10x_tim.o
    0x08007a2c   0x08007a2c   0x00000012   Code   RO         1786    i.TIM_OC3PreloadConfig  stm32f10x_tim.o
    0x08007a3e   0x08007a3e   0x00000002   PAD
    0x08007a40   0x08007a40   0x0000007c   Code   RO         1788    i.TIM_OC4Init       stm32f10x_tim.o
    0x08007abc   0x08007abc   0x00000018   Code   RO         1796    i.TIM_SelectHallSensor  stm32f10x_tim.o
    0x08007ad4   0x08007ad4   0x00000012   Code   RO         1797    i.TIM_SelectInputTrigger  stm32f10x_tim.o
    0x08007ae6   0x08007ae6   0x00000012   Code   RO         1798    i.TIM_SelectMasterSlaveMode  stm32f10x_tim.o
    0x08007af8   0x08007af8   0x00000012   Code   RO         1801    i.TIM_SelectOutputTrigger  stm32f10x_tim.o
    0x08007b0a   0x08007b0a   0x00000012   Code   RO         1802    i.TIM_SelectSlaveMode  stm32f10x_tim.o
    0x08007b1c   0x08007b1c   0x00000012   Code   RO         1810    i.TIM_SetIC1Prescaler  stm32f10x_tim.o
    0x08007b2e   0x08007b2e   0x0000001a   Code   RO         1811    i.TIM_SetIC2Prescaler  stm32f10x_tim.o
    0x08007b48   0x08007b48   0x00000012   Code   RO         1812    i.TIM_SetIC3Prescaler  stm32f10x_tim.o
    0x08007b5a   0x08007b5a   0x0000001a   Code   RO         1813    i.TIM_SetIC4Prescaler  stm32f10x_tim.o
    0x08007b74   0x08007b74   0x000000a4   Code   RO         1815    i.TIM_TimeBaseInit  stm32f10x_tim.o
    0x08007c18   0x08007c18   0x00000030   Code   RO          231    i.T_Aplan           stm32f10x_it.o
    0x08007c48   0x08007c48   0x00000030   Code   RO          232    i.T_Cplan           stm32f10x_it.o
    0x08007c78   0x08007c78   0x00000054   Code   RO          233    i.T_Mplan           stm32f10x_it.o
    0x08007ccc   0x08007ccc   0x000000ec   Code   RO          917    i.TravelCalibration  handle.o
    0x08007db8   0x08007db8   0x00000094   Code   RO          548    i.USART2_IRQHandler  usart_485.o
    0x08007e4c   0x08007e4c   0x00000094   Code   RO          623    i.USART3_IRQHandler  usart_232.o
    0x08007ee0   0x08007ee0   0x00000012   Code   RO         2276    i.USART_ClearFlag   stm32f10x_usart.o
    0x08007ef2   0x08007ef2   0x0000001e   Code   RO         2277    i.USART_ClearITPendingBit  stm32f10x_usart.o
    0x08007f10   0x08007f10   0x00000018   Code   RO         2280    i.USART_Cmd         stm32f10x_usart.o
    0x08007f28   0x08007f28   0x00000012   Code   RO         2281    i.USART_DMACmd      stm32f10x_usart.o
    0x08007f3a   0x08007f3a   0x0000001a   Code   RO         2283    i.USART_GetFlagStatus  stm32f10x_usart.o
    0x08007f54   0x08007f54   0x00000054   Code   RO         2284    i.USART_GetITStatus  stm32f10x_usart.o
    0x08007fa8   0x08007fa8   0x0000004a   Code   RO         2286    i.USART_ITConfig    stm32f10x_usart.o
    0x08007ff2   0x08007ff2   0x00000002   PAD
    0x08007ff4   0x08007ff4   0x000000d8   Code   RO         2287    i.USART_Init        stm32f10x_usart.o
    0x080080cc   0x080080cc   0x0000000a   Code   RO         2294    i.USART_ReceiveData  stm32f10x_usart.o
    0x080080d6   0x080080d6   0x00000004   Code   RO          234    i.UsageFault_Handler  stm32f10x_it.o
    0x080080da   0x080080da   0x00000002   PAD
    0x080080dc   0x080080dc   0x00000028   Code   RO         1067    i.WWDG_IRQHandler   wdg.o
    0x08008104   0x08008104   0x00000134   Code   RO         1164    i.WarmOut           lcdtest.o
    0x08008238   0x08008238   0x000001b4   Code   RO          918    i.WorkModeOut       handle.o
    0x080083ec   0x080083ec   0x000001c4   Code   RO          813    i.WriteSensor       stmflash.o
    0x080085b0   0x080085b0   0x00000028   Code   RO         4330    i.__ARM_fpclassify  m_ws.l(fpclassify.o)
    0x080085d8   0x080085d8   0x0000000e   Code   RO         4066    i._is_digit         c_w.l(__printf_wp.o)
    0x080085e6   0x080085e6   0x00000022   Code   RO          235    i.decspeed          stm32f10x_it.o
    0x08008608   0x08008608   0x0000005c   Code   RO          466    i.delay_init        delay.o
    0x08008664   0x08008664   0x00000050   Code   RO          467    i.delay_ms          delay.o
    0x080086b4   0x080086b4   0x00000008   Code   RO          468    i.delay_osschedlock  delay.o
    0x080086bc   0x080086bc   0x00000008   Code   RO          469    i.delay_osschedunlock  delay.o
    0x080086c4   0x080086c4   0x0000000c   Code   RO          470    i.delay_ostimedly   delay.o
    0x080086d0   0x080086d0   0x0000005c   Code   RO          471    i.delay_us          delay.o
    0x0800872c   0x0800872c   0x0000002c   Code   RO          236    i.filter            stm32f10x_it.o
    0x08008758   0x08008758   0x00000024   Code   RO          425    i.fputc             fputc.o
    0x0800877c   0x0800877c   0x00000078   Code   RO          919    i.getKeepOutRate    handle.o
    0x080087f4   0x080087f4   0x000001a8   Code   RO          720    i.huanxiang         ctrl.o
    0x0800899c   0x0800899c   0x00000520   Code   RO            4    i.lcd_task          main.o
    0x08008ebc   0x08008ebc   0x00000030   Code   RO            5    i.led_task          main.o
    0x08008eec   0x08008eec   0x00000024   Code   RO            6    i.main              main.o
    0x08008f10   0x08008f10   0x00000010   Code   RO          549    i.max485Enable_RX   usart_485.o
    0x08008f20   0x08008f20   0x00000010   Code   RO          550    i.max485Enable_TX   usart_485.o
    0x08008f30   0x08008f30   0x000000b0   Code   RO            7    i.modbus_task       main.o
    0x08008fe0   0x08008fe0   0x00000078   Code   RO            8    i.readio_task       main.o
    0x08009058   0x08009058   0x00000050   Code   RO          237    i.reversal          stm32f10x_it.o
    0x080090a8   0x080090a8   0x00000170   Code   RO            9    i.start_task        main.o
    0x08009218   0x08009218   0x0000014c   Code   RO          551    i.uart2_init        usart_485.o
    0x08009364   0x08009364   0x00000134   Code   RO          624    i.uart3_init        usart_232.o
    0x08009498   0x08009498   0x0000002c   Code   RO         4313    locale$$code        c_w.l(lc_numeric_c.o)
    0x080094c4   0x080094c4   0x00000062   Code   RO         4085    x$fpl$d2f           fz_ws.l(d2f.o)
    0x08009526   0x08009526   0x00000002   PAD
    0x08009528   0x08009528   0x00000150   Code   RO         4087    x$fpl$dadd          fz_ws.l(daddsub_clz.o)
    0x08009678   0x08009678   0x00000018   Code   RO         4324    x$fpl$dcmpinf       fz_ws.l(dcmpi.o)
    0x08009690   0x08009690   0x000002b0   Code   RO         4094    x$fpl$ddiv          fz_ws.l(ddiv.o)
    0x08009940   0x08009940   0x0000005e   Code   RO         4097    x$fpl$dfix          fz_ws.l(dfix.o)
    0x0800999e   0x0800999e   0x00000002   PAD
    0x080099a0   0x080099a0   0x0000005a   Code   RO         4101    x$fpl$dfixu         fz_ws.l(dfixu.o)
    0x080099fa   0x080099fa   0x0000002e   Code   RO         4106    x$fpl$dflt          fz_ws.l(dflt_clz.o)
    0x08009a28   0x08009a28   0x00000026   Code   RO         4105    x$fpl$dfltu         fz_ws.l(dflt_clz.o)
    0x08009a4e   0x08009a4e   0x00000002   PAD
    0x08009a50   0x08009a50   0x00000078   Code   RO         4231    x$fpl$dleqf         fz_ws.l(dleqf.o)
    0x08009ac8   0x08009ac8   0x00000154   Code   RO         4111    x$fpl$dmul          fz_ws.l(dmul.o)
    0x08009c1c   0x08009c1c   0x0000009c   Code   RO         4233    x$fpl$dnaninf       fz_ws.l(dnaninf.o)
    0x08009cb8   0x08009cb8   0x0000000c   Code   RO         4235    x$fpl$dretinf       fz_ws.l(dretinf.o)
    0x08009cc4   0x08009cc4   0x0000006c   Code   RO         4113    x$fpl$drleqf        fz_ws.l(drleqf.o)
    0x08009d30   0x08009d30   0x000001d4   Code   RO         4089    x$fpl$dsub          fz_ws.l(daddsub_clz.o)
    0x08009f04   0x08009f04   0x00000056   Code   RO         4115    x$fpl$f2d           fz_ws.l(f2d.o)
    0x08009f5a   0x08009f5a   0x00000002   PAD
    0x08009f5c   0x08009f5c   0x000000c4   Code   RO         4117    x$fpl$fadd          fz_ws.l(faddsub_clz.o)
    0x0800a020   0x0800a020   0x00000018   Code   RO         4237    x$fpl$fcmpinf       fz_ws.l(fcmpi.o)
    0x0800a038   0x0800a038   0x00000068   Code   RO         4123    x$fpl$feqf          fz_ws.l(feqf.o)
    0x0800a0a0   0x0800a0a0   0x00000036   Code   RO         4125    x$fpl$ffix          fz_ws.l(ffix.o)
    0x0800a0d6   0x0800a0d6   0x00000002   PAD
    0x0800a0d8   0x0800a0d8   0x0000003e   Code   RO         4129    x$fpl$ffixu         fz_ws.l(ffixu.o)
    0x0800a116   0x0800a116   0x00000002   PAD
    0x0800a118   0x0800a118   0x00000030   Code   RO         4134    x$fpl$fflt          fz_ws.l(fflt_clz.o)
    0x0800a148   0x0800a148   0x00000026   Code   RO         4133    x$fpl$ffltu         fz_ws.l(fflt_clz.o)
    0x0800a16e   0x0800a16e   0x00000002   PAD
    0x0800a170   0x0800a170   0x00000068   Code   RO         4139    x$fpl$fleqf         fz_ws.l(fleqf.o)
    0x0800a1d8   0x0800a1d8   0x00000102   Code   RO         4141    x$fpl$fmul          fz_ws.l(fmul.o)
    0x0800a2da   0x0800a2da   0x0000008c   Code   RO         4239    x$fpl$fnaninf       fz_ws.l(fnaninf.o)
    0x0800a366   0x0800a366   0x0000000a   Code   RO         4241    x$fpl$fretinf       fz_ws.l(fretinf.o)
    0x0800a370   0x0800a370   0x00000062   Code   RO         4143    x$fpl$frleqf        fz_ws.l(frleqf.o)
    0x0800a3d2   0x0800a3d2   0x00000002   PAD
    0x0800a3d4   0x0800a3d4   0x000000ea   Code   RO         4119    x$fpl$fsub          fz_ws.l(faddsub_clz.o)
    0x0800a4be   0x0800a4be   0x00000004   Code   RO         4145    x$fpl$printf1       fz_ws.l(printf1.o)
    0x0800a4c2   0x0800a4c2   0x00000000   Code   RO         4243    x$fpl$usenofp       fz_ws.l(usenofp.o)
    0x0800a4c2   0x0800a4c2   0x00000002   PAD
    0x0800a4c4   0x0800a4c4   0x000002cc   Data   RO         1111    .constdata          modbus.o
    0x0800a790   0x0800a790   0x00000100   Data   RO         3032    .constdata          os_core.o
    0x0800a890   0x0800a890   0x00000094   Data   RO         4284    .constdata          c_w.l(bigflt0.o)
    0x0800a924   0x0800a924   0x00000020   Data   RO         4419    Region$$Table       anon$$obj.o
    0x0800a944   0x0800a944   0x0000001c   Data   RO         4312    locale$$data        c_w.l(lc_numeric_c.o)


    Execution Region RW_IRAM1 (Exec base: 0x20000000, Load base: 0x0800a960, Size: 0x00002318, Max: 0x00005000, ABSOLUTE, COMPRESSED[0x00000168])

    Exec Addr    Load Addr    Size         Type   Attr      Idx    E Section Name        Object

    0x20000000   COMPRESSED   0x000000d6   Data   RW           11    .data               main.o
    0x200000d6   COMPRESSED   0x00000002   PAD
    0x200000d8   COMPRESSED   0x0000003d   Data   RW          239    .data               stm32f10x_it.o
    0x20000115   COMPRESSED   0x00000003   PAD
    0x20000118   COMPRESSED   0x00000014   Data   RW          395    .data               system_stm32f10x.o
    0x2000012c   COMPRESSED   0x00000008   Data   RW          426    .data               fputc.o
    0x20000134   COMPRESSED   0x00000004   Data   RW          472    .data               delay.o
    0x20000138   COMPRESSED   0x00000020   Data   RW          722    .data               ctrl.o
    0x20000158   COMPRESSED   0x00000034   Data   RW          920    .data               handle.o
    0x2000018c   COMPRESSED   0x00000014   Data   RW         1004    .data               pid_control.o
    0x200001a0   COMPRESSED   0x00000040   Data   RW         1041    .data               longkey.o
    0x200001e0   COMPRESSED   0x00000207   Data   RW         1165    .data               lcdtest.o
    0x200003e7   COMPRESSED   0x00000014   Data   RW         1560    .data               stm32f10x_rcc.o
    0x200003fb   COMPRESSED   0x00000001   PAD
    0x200003fc   COMPRESSED   0x00000048   Data   RW         3033    .data               os_core.o
    0x20000444        -       0x00000424   Zero   RW           10    .bss                main.o
    0x20000868        -       0x0000000c   Zero   RW          238    .bss                stm32f10x_it.o
    0x20000874        -       0x00000100   Zero   RW          552    .bss                usart_485.o
    0x20000974        -       0x00000100   Zero   RW          625    .bss                usart_232.o
    0x20000a74        -       0x00000524   Zero   RW          814    .bss                stmflash.o
    0x20000f98        -       0x000000a8   Zero   RW         1003    .bss                pid_control.o
    0x20001040        -       0x000001f6   Zero   RW         1110    .bss                modbus.o
    0x20001236   COMPRESSED   0x00000002   PAD
    0x20001238        -       0x00000a80   Zero   RW         3031    .bss                os_core.o
    0x20001cb8        -       0x00000060   Zero   RW         4247    .bss                c_w.l(libspace.o)
    0x20001d18        -       0x00000200   Zero   RW          459    HEAP                startup_stm32f10x_md.o
    0x20001f18        -       0x00000400   Zero   RW          458    STACK               startup_stm32f10x_md.o


==============================================================================

Image component sizes


      Code (inc. data)   RO Data    RW Data    ZI Data      Debug   Object Name

       300         16          0          0          0        715   adc.o
       554         22          0          0          0       2222   bsp.o
         0          0          0          0          0         32   core_cm3.o
      1984        186          0         32          0      12809   ctrl.o
       320         40          0          4          0       3849   delay.o
        36          6          0          8          0       2514   fputc.o
      3542        304          0         52          0      10639   handle.o
      2060        158          0        519          0       8332   lcdtest.o
       412         22          0         64          0       2510   longkey.o
      2944        900          0        214       1060     297696   main.o
       172         22          0          0          0       2073   misc.o
      1492        240        716          0        502       7319   modbus.o
      2042        396        256         72       2688      20299   os_core.o
       180         36          0          0          0        340   os_cpu_a.o
       170          0          0          0          0      12827   os_cpu_c.o
        88         14          0          0          0        594   os_flag.o
        76          8          0          0          0        695   os_mbox.o
       148         14          0          0          0       1220   os_mutex.o
        80          8          0          0          0        563   os_q.o
        76          8          0          0          0        682   os_sem.o
       790         64          0          0          0       5440   os_task.o
       120         20          0          0          0        632   os_time.o
      2200        150          0         20        168       4993   pid_control.o
        36          6          0          0          0        471   pwrchk.o
        64         26        236          0       1536        808   startup_stm32f10x_md.o
       390         10          0          0          0       7441   stm32f10x_adc.o
       590         44          0          0          0       7437   stm32f10x_dma.o
        36         10          0          0          0       1098   stm32f10x_exti.o
       326         42          0          0          0       4559   stm32f10x_flash.o
       448          6          0          0          0       4522   stm32f10x_gpio.o
      1826        178          0         61         12     213199   stm32f10x_it.o
        68         30          0          0          0       2502   stm32f10x_iwdg.o
       760        116          0         20          0      12207   stm32f10x_rcc.o
      2356        264          0          0          0      18321   stm32f10x_tim.o
       500          6          0          0          0       7459   stm32f10x_usart.o
      3406       1062          0          0       1316       7873   stmflash.o
       328         28          0         20          0       2105   system_stm32f10x.o
       820         80          0          0        256       4529   usart_232.o
       888         82          0          0        256       5502   usart_485.o
        84          6          0          0          0       1450   wdg.o

    ----------------------------------------------------------------------
     32750       4630       1240       1092       7796     700478   Object Totals
         0          0         32          0          0          0   (incl. Generated)
        38          0          0          6          2          0   (incl. Padding)

    ----------------------------------------------------------------------

      Code (inc. data)   RO Data    RW Data    ZI Data      Debug   Library Member Name

        90          0          0          0          0          0   __dczerorl2.o
         8          0          0          0          0         68   __main.o
       284          0          0          0          0        156   __printf_wp.o
         0          0          0          0          0          0   __rtentry.o
        12          0          0          0          0          0   __rtentry2.o
         6          0          0          0          0          0   __rtentry4.o
        52          8          0          0          0          0   __scatter.o
        28          0          0          0          0          0   __scatter_zi.o
        48          6          0          0          0         96   _printf_char_common.o
        36          4          0          0          0         80   _printf_char_file.o
         6          0          0          0          0          0   _printf_d.o
       120         16          0          0          0         92   _printf_dec.o
         6          0          0          0          0          0   _printf_f.o
      1054          0          0          0          0        216   _printf_fp_dec.o
       128         16          0          0          0         84   _printf_fp_infnan.o
       178          0          0          0          0         88   _printf_intcommon.o
        78          0          0          0          0        108   _printf_pad.o
         0          0          0          0          0          0   _printf_percent.o
         4          0          0          0          0          0   _printf_percent_end.o
       228          4        148          0          0         96   bigflt0.o
      1936        128          0          0          0        672   btod.o
        18          0          0          0          0         80   exit.o
         8          0          0          0          0         68   ferror.o
         6          0          0          0          0        152   heapauxi.o
         0          0          0          0          0          0   indicate_semi.o
        44         10         28          0          0         76   lc_numeric_c.o
         2          0          0          0          0          0   libinit.o
        18          0          0          0          0          0   libinit2.o
         2          0          0          0          0          0   libshutdown.o
         2          0          0          0          0          0   libshutdown2.o
         8          4          0          0         96         68   libspace.o
       138          0          0          0          0         80   lludiv10.o
        24          4          0          0          0         84   noretval__2printf.o
         8          4          0          0          0         68   rt_locale_intlibspace.o
       138          0          0          0          0         68   rt_memcpy_v6.o
       100          0          0          0          0         80   rt_memcpy_w.o
         2          0          0          0          0          0   rtexit.o
        10          0          0          0          0          0   rtexit2.o
       128          0          0          0          0         68   strcmpv7m.o
        12          4          0          0          0         68   sys_exit.o
        74          0          0          0          0         80   sys_stackheap_outer.o
         2          0          0          0          0         68   use_no_semi.o
        98          4          0          0          0         92   d2f.o
       804         16          0          0          0        272   daddsub_clz.o
        24          0          0          0          0         68   dcmpi.o
       688        140          0          0          0        208   ddiv.o
        94          4          0          0          0         92   dfix.o
        90          4          0          0          0         92   dfixu.o
        84          0          0          0          0        136   dflt_clz.o
       120          4          0          0          0         92   dleqf.o
       340         12          0          0          0        104   dmul.o
       156          4          0          0          0         92   dnaninf.o
        12          0          0          0          0         68   dretinf.o
       108          0          0          0          0         80   drleqf.o
        86          4          0          0          0         84   f2d.o
       430          8          0          0          0        168   faddsub_clz.o
        24          0          0          0          0         68   fcmpi.o
       104          4          0          0          0         84   feqf.o
        54          4          0          0          0         84   ffix.o
        62          4          0          0          0         84   ffixu.o
        86          0          0          0          0        136   fflt_clz.o
       104          4          0          0          0         84   fleqf.o
       258          4          0          0          0         84   fmul.o
       140          4          0          0          0         84   fnaninf.o
        10          0          0          0          0         68   fretinf.o
        98          0          0          0          0         68   frleqf.o
         4          0          0          0          0         68   printf1.o
         0          0          0          0          0          0   usenofp.o
        40          0          0          0          0         68   fpclassify.o

    ----------------------------------------------------------------------
      9194        432        176          0         96       5492   Library Totals
        30          0          0          0          0          0   (incl. Padding)

    ----------------------------------------------------------------------

      Code (inc. data)   RO Data    RW Data    ZI Data      Debug   Library Name

      5046        208        176          0         96       2864   c_w.l
      4078        224          0          0          0       2560   fz_ws.l
        40          0          0          0          0         68   m_ws.l

    ----------------------------------------------------------------------
      9194        432        176          0         96       5492   Library Totals

    ----------------------------------------------------------------------

==============================================================================


      Code (inc. data)   RO Data    RW Data    ZI Data      Debug   

     41944       5062       1416       1092       7892     689846   Grand Totals
     41944       5062       1416        360       7892     689846   ELF Image Totals (compressed)
     41944       5062       1416        360          0          0   ROM Totals

==============================================================================

    Total RO  Size (Code + RO Data)                43360 (  42.34kB)
    Total RW  Size (RW Data + ZI Data)              8984 (   8.77kB)
    Total ROM Size (Code + RO Data + RW Data)      43720 (  42.70kB)

==============================================================================

