Component: ARM Compiler 5.06 update 6 (build 750) Tool: armlink [4d35ed]

==============================================================================

Section Cross References

    main.o(i.ParameterInit) refers to main.o(i.SetDataInit) for SetDataInit
    main.o(i.ParameterInit) refers to main.o(i.SensorInit) for SensorInit
    main.o(i.ParameterInit) refers to modbus.o(i.Modbus_Init) for Modbus_Init
    main.o(i.SensorInit) refers to main.o(.data) for g_Mat0_SensorL_H
    main.o(i.SetDataInit) refers to main.o(.data) for gCheckFlag
    main.o(i.lcd_task) refers to main.o(i.SetDataInit) for SetDataInit
    main.o(i.lcd_task) refers to lcdtest.o(i.BackupRestore) for BackupRestore
    main.o(i.lcd_task) refers to lcdtest.o(i.WarmOut) for WarmOut
    main.o(i.lcd_task) refers to lcdtest.o(i.SensorDis) for SensorDis
    main.o(i.lcd_task) refers to dflt_clz.o(x$fpl$dfltu) for __aeabi_ui2d
    main.o(i.lcd_task) refers to dmul.o(x$fpl$dmul) for __aeabi_dmul
    main.o(i.lcd_task) refers to dfixu.o(x$fpl$dfixu) for __aeabi_d2uiz
    main.o(i.lcd_task) refers to delay.o(i.delay_ms) for delay_ms
    main.o(i.lcd_task) refers to modbus.o(.constdata) for pHWorkMode
    main.o(i.lcd_task) refers to main.o(.data) for gWorkMode
    main.o(i.lcd_task) refers to lcdtest.o(.data) for MatCal
    main.o(i.lcd_task) refers to handle.o(.data) for HallRate
    main.o(i.lcd_task) refers to main.o(.bss) for LongPortFun
    main.o(i.led_task) refers to bsp.o(i.Interrupt_Config) for Interrupt_Config
    main.o(i.led_task) refers to delay.o(i.delay_ms) for delay_ms
    main.o(i.main) refers to os_core.o(i.OSInit) for OSInit
    main.o(i.main) refers to os_task.o(i.OSTaskCreate) for OSTaskCreate
    main.o(i.main) refers to os_core.o(i.OSStart) for OSStart
    main.o(i.main) refers to main.o(.bss) for START_TASK_STK
    main.o(i.main) refers to main.o(i.start_task) for start_task
    main.o(i.modbus_task) refers to os_mbox.o(i.OSMboxCreate) for OSMboxCreate
    main.o(i.modbus_task) refers to os_sem.o(i.OSSemCreate) for OSSemCreate
    main.o(i.modbus_task) refers to os_mutex.o(i.OSMutexCreate) for OSMutexCreate
    main.o(i.modbus_task) refers to modbus.o(i.Modbus_Event) for Modbus_Event
    main.o(i.modbus_task) refers to lcdtest.o(i.AddSub) for AddSub
    main.o(i.modbus_task) refers to delay.o(i.delay_ms) for delay_ms
    main.o(i.modbus_task) refers to main.o(.data) for iMbox
    main.o(i.modbus_task) refers to modbus.o(.constdata) for pHAdjustFlag
    main.o(i.modbus_task) refers to lcdtest.o(.data) for TravelCal
    main.o(i.readio_task) refers to wdg.o(i.IWDG_Init) for IWDG_Init
    main.o(i.readio_task) refers to longkey.o(i.ReadLong) for ReadLong
    main.o(i.readio_task) refers to delay.o(i.delay_ms) for delay_ms
    main.o(i.readio_task) refers to wdg.o(i.IWDG_Feed) for IWDG_Feed
    main.o(i.readio_task) refers to main.o(.bss) for LongPortFun
    main.o(i.readio_task) refers to main.o(.data) for LastSwitch1EPC
    main.o(i.readio_task) refers to modbus.o(.constdata) for pHSensorMode
    main.o(i.start_task) refers to bsp.o(i.BSP_Init) for BSP_Init
    main.o(i.start_task) refers to stm32f10x_rcc.o(i.RCC_GetFlagStatus) for RCC_GetFlagStatus
    main.o(i.start_task) refers to stmflash.o(i.ReadPara) for ReadPara
    main.o(i.start_task) refers to stmflash.o(i.ReadSensor) for ReadSensor
    main.o(i.start_task) refers to main.o(i.SetDataInit) for SetDataInit
    main.o(i.start_task) refers to main.o(i.SensorInit) for SensorInit
    main.o(i.start_task) refers to modbus.o(i.Modbus_Init) for Modbus_Init
    main.o(i.start_task) refers to os_core.o(i.OSStatInit) for OSStatInit
    main.o(i.start_task) refers to os_cpu_a.o(.text) for OS_CPU_SR_Save
    main.o(i.start_task) refers to os_task.o(i.OSTaskCreate) for OSTaskCreate
    main.o(i.start_task) refers to os_task.o(i.OSTaskSuspend) for OSTaskSuspend
    main.o(i.start_task) refers to main.o(.data) for gIwdgFlag
    main.o(i.start_task) refers to modbus.o(.constdata) for pHWorkMode
    main.o(i.start_task) refers to main.o(.bss) for READ_IO_TASK_STK
    main.o(i.start_task) refers to main.o(i.readio_task) for readio_task
    main.o(i.start_task) refers to main.o(i.modbus_task) for modbus_task
    main.o(i.start_task) refers to main.o(i.lcd_task) for lcd_task
    main.o(i.start_task) refers to main.o(i.led_task) for led_task
    stm32f10x_it.o(i.DMA1_Channel1_IRQHandler) refers to stm32f10x_dma.o(i.DMA_GetITStatus) for DMA_GetITStatus
    stm32f10x_it.o(i.DMA1_Channel1_IRQHandler) refers to stm32f10x_dma.o(i.DMA_ClearITPendingBit) for DMA_ClearITPendingBit
    stm32f10x_it.o(i.DMA1_Channel1_IRQHandler) refers to ctrl.o(i.PwmOut) for PwmOut
    stm32f10x_it.o(i.DMA1_Channel1_IRQHandler) refers to stm32f10x_it.o(.data) for SpeedOut
    stm32f10x_it.o(i.TIM1_CC_IRQHandler) refers to stm32f10x_adc.o(i.ADC_SoftwareStartConvCmd) for ADC_SoftwareStartConvCmd
    stm32f10x_it.o(i.TIM3_IRQHandler) refers to ctrl.o(i.huanxiang) for huanxiang
[...]
    OSInitHookEnd                            0x08002de7   Thumb Code     2  os_cpu_c.o(i.OSInitHookEnd)
    OSIntEnter                               0x08002de9   Thumb Code    28  os_core.o(i.OSIntEnter)
    OSIntExit                                0x08002e0d   Thumb Code   112  os_core.o(i.OSIntExit)
    OSMboxCreate                             0x08002e9d   Thumb Code    68  os_mbox.o(i.OSMboxCreate)
    OSMutexCreate                            0x08002ee9   Thumb Code   134  os_mutex.o(i.OSMutexCreate)
    OSSchedLock                              0x08002f7d   Thumb Code    50  os_core.o(i.OSSchedLock)
    OSSchedUnlock                            0x08002fbd   Thumb Code    82  os_core.o(i.OSSchedUnlock)
    OSSemCreate                              0x0800301d   Thumb Code    68  os_sem.o(i.OSSemCreate)
    OSStart                                  0x08003069   Thumb Code    48  os_core.o(i.OSStart)
    OSStatInit                               0x080030b1   Thumb Code    62  os_core.o(i.OSStatInit)
    OSTCBInitHook                            0x080030fd   Thumb Code     2  os_cpu_c.o(i.OSTCBInitHook)
    OSTaskCreate                             0x08003101   Thumb Code   148  os_task.o(i.OSTaskCreate)
    OSTaskCreateExt                          0x080031a1   Thumb Code   170  os_task.o(i.OSTaskCreateExt)
    OSTaskCreateHook                         0x08003259   Thumb Code     2  os_cpu_c.o(i.OSTaskCreateHook)
    OSTaskIdleHook                           0x0800325b   Thumb Code     2  os_cpu_c.o(i.OSTaskIdleHook)
    OSTaskNameSet                            0x0800325d   Thumb Code    98  os_task.o(i.OSTaskNameSet)
    OSTaskStatHook                           0x080032cd   Thumb Code     2  os_cpu_c.o(i.OSTaskStatHook)
    OSTaskStkChk                             0x080032d1   Thumb Code   132  os_task.o(i.OSTaskStkChk)
    OSTaskStkInit                            0x0800335d   Thumb Code   154  os_cpu_c.o(i.OSTaskStkInit)
    OSTaskSuspend                            0x080033f9   Thumb Code   152  os_task.o(i.OSTaskSuspend)
    OSTaskSwHook                             0x080034a1   Thumb Code     2  os_cpu_c.o(i.OSTaskSwHook)
    OSTimeDly                                0x080034a5   Thumb Code   100  os_time.o(i.OSTimeDly)
    OSTimeTick                               0x0800351d   Thumb Code   210  os_core.o(i.OSTimeTick)
    OSTimeTickHook                           0x08003609   Thumb Code     2  os_cpu_c.o(i.OSTimeTickHook)
    OS_EventWaitListInit                     0x0800360b   Thumb Code    28  os_core.o(i.OS_EventWaitListInit)
    OS_FlagInit                              0x08003629   Thumb Code    74  os_flag.o(i.OS_FlagInit)
    OS_MemClr                                0x0800388d   Thumb Code    18  os_core.o(i.OS_MemClr)
    OS_QInit                                 0x080038a1   Thumb Code    72  os_q.o(i.OS_QInit)
    OS_Sched                                 0x080038f1   Thumb Code    88  os_core.o(i.OS_Sched)
    OS_TCBInit                               0x08003991   Thumb Code   278  os_core.o(i.OS_TCBInit)
    OS_TaskIdle                              0x08003ac5   Thumb Code    34  os_core.o(i.OS_TaskIdle)
    OS_TaskStat                              0x08003aed   Thumb Code   116  os_core.o(i.OS_TaskStat)
    OS_TaskStatStkChk                        0x08003b75   Thumb Code    54  os_core.o(i.OS_TaskStatStkChk)
    OS_TaskStkClr                            0x08003bb1   Thumb Code    26  os_task.o(i.OS_TaskStkClr)
    PIDInit                                  0x08003bcd   Thumb Code   356  pid_control.o(i.PIDInit)
    ParameterInit                            0x08003d65   Thumb Code    16  main.o(i.ParameterInit)
    PlaceOutHandle                           0x08003d75   Thumb Code   278  handle.o(i.PlaceOutHandle)
    PlacePID                                 0x08003eb1   Thumb Code   354  pid_control.o(i.PlacePID)
    PwmOut                                   0x0800401d   Thumb Code   240  ctrl.o(i.PwmOut)
    RCC_ADCCLKConfig                         0x08004141   Thumb Code    18  stm32f10x_rcc.o(i.RCC_ADCCLKConfig)
    RCC_AHBPeriphClockCmd                    0x08004159   Thumb Code    26  stm32f10x_rcc.o(i.RCC_AHBPeriphClockCmd)
    RCC_APB1PeriphClockCmd                   0x08004179   Thumb Code    26  stm32f10x_rcc.o(i.RCC_APB1PeriphClockCmd)
    RCC_APB1PeriphResetCmd                   0x08004199   Thumb Code    26  stm32f10x_rcc.o(i.RCC_APB1PeriphResetCmd)
    RCC_APB2PeriphClockCmd                   0x080041b9   Thumb Code    26  stm32f10x_rcc.o(i.RCC_APB2PeriphClockCmd)
    RCC_APB2PeriphResetCmd                   0x080041d9   Thumb Code    26  stm32f10x_rcc.o(i.RCC_APB2PeriphResetCmd)
    RCC_Configuration                        0x080041f9   Thumb Code   122  bsp.o(i.RCC_Configuration)
    RCC_DeInit                               0x08004275   Thumb Code    64  stm32f10x_rcc.o(i.RCC_DeInit)
    RCC_GetClocksFreq                        0x080042c1   Thumb Code   192  stm32f10x_rcc.o(i.RCC_GetClocksFreq)
    RCC_GetFlagStatus                        0x08004395   Thumb Code    56  stm32f10x_rcc.o(i.RCC_GetFlagStatus)
    RCC_GetSYSCLKSource                      0x080043d1   Thumb Code    10  stm32f10x_rcc.o(i.RCC_GetSYSCLKSource)
    RCC_HCLKConfig                           0x080043e1   Thumb Code    18  stm32f10x_rcc.o(i.RCC_HCLKConfig)
    RCC_HSEConfig                            0x080043f9   Thumb Code    70  stm32f10x_rcc.o(i.RCC_HSEConfig)
    RCC_PCLK1Config                          0x08004445   Thumb Code    18  stm32f10x_rcc.o(i.RCC_PCLK1Config)
    RCC_PCLK2Config                          0x0800445d   Thumb Code    20  stm32f10x_rcc.o(i.RCC_PCLK2Config)
    RCC_PLLCmd                               0x08004475   Thumb Code     6  stm32f10x_rcc.o(i.RCC_PLLCmd)
    RCC_PLLConfig                            0x08004481   Thumb Code    24  stm32f10x_rcc.o(i.RCC_PLLConfig)
    RCC_SYSCLKConfig                         0x0800449d   Thumb Code    18  stm32f10x_rcc.o(i.RCC_SYSCLKConfig)
    RS232_SendData                           0x080044b5   Thumb Code    28  usart_232.o(i.RS232_SendData)
    RS485_SendData                           0x080044d5   Thumb Code    24  usart_485.o(i.RS485_SendData)
    ReadLong                                 0x080044f1   Thumb Code    44  longkey.o(i.ReadLong)
    ReadLongIO                               0x08004521   Thumb Code    80  longkey.o(i.ReadLongIO)
    ReadPara                                 0x08004571   Thumb Code   406  stmflash.o(i.ReadPara)
    ReadSensor                               0x080047c1   Thumb Code   362  stmflash.o(i.ReadSensor)
    RealTimeDis                              0x080049d5   Thumb Code   632  lcdtest.o(i.RealTimeDis)
    Receive232_DataPack                      0x08004c65   Thumb Code   100  usart_232.o(i.Receive232_DataPack)
    Receive_DataPack                         0x08004cd9   Thumb Code   100  usart_485.o(i.Receive_DataPack)
    Restore                                  0x08004d4d   Thumb Code   374  stmflash.o(i.Restore)
    SPCPID                                   0x08004f6d   Thumb Code   368  pid_control.o(i.SPCPID)
    SPC_Control                              0x080050f9   Thumb Code   532  handle.o(i.SPC_Control)
    STMFLASH_Read                            0x0800532d   Thumb Code    38  stmflash.o(i.STMFLASH_Read)
    STMFLASH_ReadHalfWord                    0x08005353   Thumb Code     6  stmflash.o(i.STMFLASH_ReadHalfWord)
    STMFLASH_Write                           0x08005359   Thumb Code   222  stmflash.o(i.STMFLASH_Write)
    STMFLASH_Write_NoCheck                   0x08005441   Thumb Code    38  stmflash.o(i.STMFLASH_Write_NoCheck)
    SVC_Handler                              0x08005467   Thumb Code     2  stm32f10x_it.o(i.SVC_Handler)
    SavePara                                 0x08005469   Thumb Code   316  stmflash.o(i.SavePara)
    SensorDis                                0x0800565d   Thumb Code    26  lcdtest.o(i.SensorDis)
    SensorInit                               0x08005685   Thumb Code   274  main.o(i.SensorInit)
    SetDataInit                              0x08005839   Thumb Code   256  main.o(i.SetDataInit)
    SetZone                                  0x08005ad1   Thumb Code    48  handle.o(i.SetZone)
    ShelterDis                               0x08005b05   Thumb Code   112  lcdtest.o(i.ShelterDis)
    SpeedPID                                 0x08005b8d   Thumb Code   382  pid_control.o(i.SpeedPID)
    SpeedPlan                                0x08005d15   Thumb Code   648  speedplan.o(i.SpeedPlan)
    Speed_limit                              0x08005fc9   Thumb Code    24  handle.o(i.Speed_limit)
    SysTick_CLKSourceConfig                  0x08005fe1   Thumb Code    40  misc.o(i.SysTick_CLKSourceConfig)
    SysTick_Handler                          0x08006009   Thumb Code    24  delay.o(i.SysTick_Handler)
    SystemInit                               0x08006025   Thumb Code    78  system_stm32f10x.o(i.SystemInit)
    TIM1_BRK_IRQHandler                      0x080062c5   Thumb Code     2  stm32f10x_it.o(i.TIM1_BRK_IRQHandler)
    TIM1_CC_IRQHandler                       0x080062c9   Thumb Code    22  stm32f10x_it.o(i.TIM1_CC_IRQHandler)
    TIM3_IRQHandler                          0x080062e9   Thumb Code   342  stm32f10x_it.o(i.TIM3_IRQHandler)
    TIM4_IRQHandler                          0x08006461   Thumb Code   222  stm32f10x_it.o(i.TIM4_IRQHandler)
    TIM_BDTRConfig                           0x08006585   Thumb Code    32  stm32f10x_tim.o(i.TIM_BDTRConfig)
    TIM_ClearITPendingBit                    0x080065a5   Thumb Code     6  stm32f10x_tim.o(i.TIM_ClearITPendingBit)
    TIM_Cmd                                  0x080065ab   Thumb Code    24  stm32f10x_tim.o(i.TIM_Cmd)
    TIM_CtrlPWMOutputs                       0x080065c3   Thumb Code    30  stm32f10x_tim.o(i.TIM_CtrlPWMOutputs)
    TIM_DeInit                               0x080065e1   Thumb Code   424  stm32f10x_tim.o(i.TIM_DeInit)
    TIM_ICInit                               0x080067c9   Thumb Code   150  stm32f10x_tim.o(i.TIM_ICInit)
    TIM_ITConfig                             0x08006875   Thumb Code    18  stm32f10x_tim.o(i.TIM_ITConfig)
    TIM_OC1Init                              0x08006889   Thumb Code   132  stm32f10x_tim.o(i.TIM_OC1Init)
    TIM_OC1PreloadConfig                     0x08006921   Thumb Code    18  stm32f10x_tim.o(i.TIM_OC1PreloadConfig)
    TIM_OC2Init                              0x08006935   Thumb Code   154  stm32f10x_tim.o(i.TIM_OC2Init)
    TIM_OC2PreloadConfig                     0x080069d9   Thumb Code    26  stm32f10x_tim.o(i.TIM_OC2PreloadConfig)
    TIM_OC3Init                              0x080069f5   Thumb Code   150  stm32f10x_tim.o(i.TIM_OC3Init)
    TIM_OC3PreloadConfig                     0x08006a95   Thumb Code    18  stm32f10x_tim.o(i.TIM_OC3PreloadConfig)
    TIM_OC4Init                              0x08006aa9   Thumb Code   114  stm32f10x_tim.o(i.TIM_OC4Init)
    TIM_SelectHallSensor                     0x08006b25   Thumb Code    24  stm32f10x_tim.o(i.TIM_SelectHallSensor)
    TIM_SelectInputTrigger                   0x08006b3d   Thumb Code    18  stm32f10x_tim.o(i.TIM_SelectInputTrigger)
    TIM_SelectMasterSlaveMode                0x08006b4f   Thumb Code    18  stm32f10x_tim.o(i.TIM_SelectMasterSlaveMode)
    TIM_SelectOutputTrigger                  0x08006b61   Thumb Code    18  stm32f10x_tim.o(i.TIM_SelectOutputTrigger)
    TIM_SelectSlaveMode                      0x08006b73   Thumb Code    18  stm32f10x_tim.o(i.TIM_SelectSlaveMode)
    TIM_SetIC1Prescaler                      0x08006b85   Thumb Code    18  stm32f10x_tim.o(i.TIM_SetIC1Prescaler)
    TIM_SetIC2Prescaler                      0x08006b97   Thumb Code    26  stm32f10x_tim.o(i.TIM_SetIC2Prescaler)
    TIM_SetIC3Prescaler                      0x08006bb1   Thumb Code    18  stm32f10x_tim.o(i.TIM_SetIC3Prescaler)
    TIM_SetIC4Prescaler                      0x08006bc3   Thumb Code    26  stm32f10x_tim.o(i.TIM_SetIC4Prescaler)
    TIM_TimeBaseInit                         0x08006bdd   Thumb Code   122  stm32f10x_tim.o(i.TIM_TimeBaseInit)
    T_Aplan                                  0x08006c81   Thumb Code    48  speedplan.o(i.T_Aplan)
    T_Cplan                                  0x08006cb1   Thumb Code    48  speedplan.o(i.T_Cplan)
    T_Mplan                                  0x08006ce1   Thumb Code    84  speedplan.o(i.T_Mplan)
    T_TCplan                                 0x08006d35   Thumb Code    48  speedplan.o(i.T_TCplan)
    TravelCalibration                        0x08006d65   Thumb Code   216  handle.o(i.TravelCalibration)
    USART2_IRQHandler                        0x08006e69   Thumb Code   136  usart_485.o(i.USART2_IRQHandler)
    USART3_IRQHandler                        0x08006efd   Thumb Code   134  usart_232.o(i.USART3_IRQHandler)
    USART_ClearFlag                          0x08006f91   Thumb Code    18  stm32f10x_usart.o(i.USART_ClearFlag)
    USART_ClearITPendingBit                  0x08006fa3   Thumb Code    30  stm32f10x_usart.o(i.USART_ClearITPendingBit)
    USART_Cmd                                0x08006fc1   Thumb Code    24  stm32f10x_usart.o(i.USART_Cmd)
    USART_DMACmd                             0x08006fd9   Thumb Code    18  stm32f10x_usart.o(i.USART_DMACmd)
    USART_GetFlagStatus                      0x08006feb   Thumb Code    26  stm32f10x_usart.o(i.USART_GetFlagStatus)
    USART_GetITStatus                        0x08007005   Thumb Code    84  stm32f10x_usart.o(i.USART_GetITStatus)
    USART_ITConfig                           0x08007059   Thumb Code    74  stm32f10x_usart.o(i.USART_ITConfig)
    USART_Init                               0x080070a5   Thumb Code   210  stm32f10x_usart.o(i.USART_Init)
    USART_ReceiveData                        0x0800717d   Thumb Code    10  stm32f10x_usart.o(i.USART_ReceiveData)
    UsageFault_Handler                       0x08007187   Thumb Code     4  stm32f10x_it.o(i.UsageFault_Handler)
    WWDG_IRQHandler                          0x0800718d   Thumb Code    34  wdg.o(i.WWDG_IRQHandler)
    WarmOut                                  0x080071b5   Thumb Code   284  lcdtest.o(i.WarmOut)
    WorkModeOut                              0x080072e9   Thumb Code   374  handle.o(i.WorkModeOut)
    WriteSensor                              0x080074a5   Thumb Code   284  stmflash.o(i.WriteSensor)
    _is_digit                                0x08007669   Thumb Code    14  __printf_wp.o(i._is_digit)
    decspeed                                 0x08007677   Thumb Code    34  speedplan.o(i.decspeed)
    delay_init                               0x08007699   Thumb Code    76  delay.o(i.delay_init)
    delay_ms                                 0x080076f5   Thumb Code    66  delay.o(i.delay_ms)
    delay_osschedlock                        0x08007745   Thumb Code     8  delay.o(i.delay_osschedlock)
    delay_osschedunlock                      0x0800774d   Thumb Code     8  delay.o(i.delay_osschedunlock)
    delay_ostimedly                          0x08007755   Thumb Code    12  delay.o(i.delay_ostimedly)
    delay_us                                 0x08007761   Thumb Code    86  delay.o(i.delay_us)
    filter                                   0x080077bd   Thumb Code    44  stm32f10x_it.o(i.filter)
    fputc                                    0x080077e9   Thumb Code    30  fputc.o(i.fputc)
    getKeepOutRate                           0x0800780d   Thumb Code   110  handle.o(i.getKeepOutRate)
    huanxiang                                0x08007885   Thumb Code   396  ctrl.o(i.huanxiang)
    lcd_task                                 0x08007a2d   Thumb Code   918  main.o(i.lcd_task)
    led_task                                 0x08007f4d   Thumb Code    38  main.o(i.led_task)
    main                                     0x08007f7d   Thumb Code    26  main.o(i.main)
    max485Enable_RX                          0x08007fa1   Thumb Code    12  usart_485.o(i.max485Enable_RX)
    max485Enable_TX                          0x08007fb1   Thumb Code    12  usart_485.o(i.max485Enable_TX)
    modbus_task                              0x08007fc1   Thumb Code   136  main.o(i.modbus_task)
    readio_task                              0x08008071   Thumb Code   100  main.o(i.readio_task)
    reversal                                 0x080080e9   Thumb Code    72  speedplan.o(i.reversal)
    start_task                               0x08008139   Thumb Code   280  main.o(i.start_task)
    uart2_init                               0x080082a9   Thumb Code   312  usart_485.o(i.uart2_init)
    uart3_init                               0x080083f5   Thumb Code   286  usart_232.o(i.uart3_init)
    __aeabi_d2f                              0x08008529   Thumb Code     0  d2f.o(x$fpl$d2f)
    _d2f                                     0x08008529   Thumb Code    98  d2f.o(x$fpl$d2f)
    __fpl_dcmp_Inf                           0x0800858b   Thumb Code    24  dcmpi.o(x$fpl$dcmpinf)
    __aeabi_ddiv                             0x080085a5   Thumb Code     0  ddiv.o(x$fpl$ddiv)
    _ddiv                                    0x080085a5   Thumb Code   552  ddiv.o(x$fpl$ddiv)
    __aeabi_d2uiz                            0x08008855   Thumb Code     0  dfixu.o(x$fpl$dfixu)
    _dfixu                                   0x08008855   Thumb Code    90  dfixu.o(x$fpl$dfixu)
    __aeabi_i2d                              0x080088af   Thumb Code     0  dflt_clz.o(x$fpl$dflt)
    _dflt                                    0x080088af   Thumb Code    46  dflt_clz.o(x$fpl$dflt)
    __aeabi_ui2d                             0x080088dd   Thumb Code     0  dflt_clz.o(x$fpl$dfltu)
    _dfltu                                   0x080088dd   Thumb Code    38  dflt_clz.o(x$fpl$dfltu)
    __aeabi_cdcmple                          0x08008905   Thumb Code     0  dleqf.o(x$fpl$dleqf)
    _dcmple                                  0x08008905   Thumb Code   120  dleqf.o(x$fpl$dleqf)
    __fpl_dcmple_InfNaN                      0x08008967   Thumb Code     0  dleqf.o(x$fpl$dleqf)
    __aeabi_dmul                             0x0800897d   Thumb Code     0  dmul.o(x$fpl$dmul)
    _dmul                                    0x0800897d   Thumb Code   332  dmul.o(x$fpl$dmul)
    __fpl_dnaninf                            0x08008ad1   Thumb Code   156  dnaninf.o(x$fpl$dnaninf)
    __fpl_dretinf                            0x08008b6d   Thumb Code    12  dretinf.o(x$fpl$dretinf)
    __aeabi_cdrcmple                         0x08008b79   Thumb Code     0  drleqf.o(x$fpl$drleqf)
    _drcmple                                 0x08008b79   Thumb Code   108  drleqf.o(x$fpl$drleqf)
    __aeabi_f2d                              0x08008be5   Thumb Code     0  f2d.o(x$fpl$f2d)
    _f2d                                     0x08008be5   Thumb Code    86  f2d.o(x$fpl$f2d)
    __aeabi_fadd                             0x08008c3d   Thumb Code     0  faddsub_clz.o(x$fpl$fadd)
    _fadd                                    0x08008c3d   Thumb Code   196  faddsub_clz.o(x$fpl$fadd)
    __fpl_fcmp_Inf                           0x08008d01   Thumb Code    24  fcmpi.o(x$fpl$fcmpinf)
    __aeabi_f2iz                             0x08008d19   Thumb Code     0  ffix.o(x$fpl$ffix)
    _ffix                                    0x08008d19   Thumb Code    54  ffix.o(x$fpl$ffix)
    __aeabi_f2uiz                            0x08008d51   Thumb Code     0  ffixu.o(x$fpl$ffixu)
    _ffixu                                   0x08008d51   Thumb Code    62  ffixu.o(x$fpl$ffixu)
    __aeabi_i2f                              0x08008d91   Thumb Code     0  fflt_clz.o(x$fpl$fflt)
    _fflt                                    0x08008d91   Thumb Code    48  fflt_clz.o(x$fpl$fflt)
    __aeabi_ui2f                             0x08008dc1   Thumb Code     0  fflt_clz.o(x$fpl$ffltu)
    _ffltu                                   0x08008dc1   Thumb Code    38  fflt_clz.o(x$fpl$ffltu)
    __aeabi_cfcmple                          0x08008de9   Thumb Code     0  fleqf.o(x$fpl$fleqf)
    _fcmple                                  0x08008de9   Thumb Code   104  fleqf.o(x$fpl$fleqf)
    __fpl_fcmple_InfNaN                      0x08008e3b   Thumb Code     0  fleqf.o(x$fpl$fleqf)
    __aeabi_fmul                             0x08008e51   Thumb Code     0  fmul.o(x$fpl$fmul)
    _fmul                                    0x08008e51   Thumb Code   258  fmul.o(x$fpl$fmul)
    __fpl_fnaninf                            0x08008f53   Thumb Code   140  fnaninf.o(x$fpl$fnaninf)
    __fpl_fretinf                            0x08008fdf   Thumb Code    10  fretinf.o(x$fpl$fretinf)
    __aeabi_cfrcmple                         0x08008fe9   Thumb Code     0  frleqf.o(x$fpl$frleqf)
    _frcmple                                 0x08008fe9   Thumb Code    98  frleqf.o(x$fpl$frleqf)
    __aeabi_fsub                             0x0800904d   Thumb Code     0  faddsub_clz.o(x$fpl$fsub)
    _fsub                                    0x0800904d   Thumb Code   234  faddsub_clz.o(x$fpl$fsub)
    __I$use$fp                               0x08009136   Number         0  usenofp.o(x$fpl$usenofp)
    pGainDead                                0x0800916c   Data           4  modbus.o(.constdata)
    pFineTune                                0x08009170   Data           4  modbus.o(.constdata)
    pDisPulseNum                             0x08009174   Data           4  modbus.o(.constdata)
    pSensorRate                              0x08009178   Data           4  modbus.o(.constdata)
    pSensorValue                             0x0800917c   Data           4  modbus.o(.constdata)
    pMatDis                                  0x08009180   Data           4  modbus.o(.constdata)
    pLimitFun1                               0x08009184   Data           4  modbus.o(.constdata)
    pLimitFun2                               0x08009188   Data           4  modbus.o(.constdata)
    pSPCFun1                                 0x0800918c   Data           4  modbus.o(.constdata)
    pSPCFun2                                 0x08009190   Data           4  modbus.o(.constdata)
    pNoMatFun1                               0x08009194   Data           4  modbus.o(.constdata)
    pNoMatFun2                               0x08009198   Data           4  modbus.o(.constdata)
    pAFlex                                   0x0800919c   Data           4  modbus.o(.constdata)
    pMFlex                                   0x080091a0   Data           4  modbus.o(.constdata)
    pAutoSpeed                               0x080091a4   Data           4  modbus.o(.constdata)
    pManuSpeed                               0x080091a8   Data           4  modbus.o(.constdata)
    pCentSpeed                               0x080091ac   Data           4  modbus.o(.constdata)
    pCurrentPara                             0x080091b0   Data           4  modbus.o(.constdata)
    pAdjustData                              0x080091b4   Data           4  modbus.o(.constdata)
    pPortFun                                 0x080091b8   Data           4  modbus.o(.constdata)
    pFunc                                    0x080091bc   Data           4  modbus.o(.constdata)
    pHAdjustFlag                             0x080091c0   Data           4  modbus.o(.constdata)
    pHClickBut                               0x080091c4   Data           4  modbus.o(.constdata)
    pHAddSub                                 0x080091c8   Data           4  modbus.o(.constdata)
    pHParaConfirm                            0x080091cc   Data           4  modbus.o(.constdata)
    pHSCaliStep                              0x080091d0   Data           4  modbus.o(.constdata)
    pHSensorNum                              0x080091d4   Data           4  modbus.o(.constdata)
    pHTCaliFlag                              0x080091d8   Data           4  modbus.o(.constdata)
    pHTCaliCancel                            0x080091dc   Data           4  modbus.o(.constdata)
    pHFlexSpeed                              0x080091e0   Data           4  modbus.o(.constdata)
    pHSysYes                                 0x080091e4   Data           4  modbus.o(.constdata)
    pHWarmFlag                               0x080091e8   Data           4  modbus.o(.constdata)
    pHWorkMode                               0x080091ec   Data           4  modbus.o(.constdata)
    pHMatNum                                 0x080091f0   Data           4  modbus.o(.constdata)
    pHTCaliTorque                            0x080091f4   Data           4  modbus.o(.constdata)
    pHLimitMode                              0x080091f8   Data           4  modbus.o(.constdata)
    pHSPCMode                                0x080091fc   Data           4  modbus.o(.constdata)
    pHNoWaitEN                               0x08009200   Data           4  modbus.o(.constdata)
    pHAutoPolar                              0x08009204   Data           4  modbus.o(.constdata)
    pHManuPolar                              0x08009208   Data           4  modbus.o(.constdata)
    pHSensorMode                             0x0800920c   Data           4  modbus.o(.constdata)
    pHMotorType                              0x08009210   Data           4  modbus.o(.constdata)
    pHPowerOnMode                            0x08009214   Data           4  modbus.o(.constdata)
    pHAlarmSwitch                            0x08009218   Data           4  modbus.o(.constdata)
    pHSignal                                 0x0800921c   Data           4  modbus.o(.constdata)
    pHRelay                                  0x08009220   Data           4  modbus.o(.constdata)
    pHKeepWait                               0x08009224   Data           4  modbus.o(.constdata)
    pHPortFun0                               0x08009228   Data           4  modbus.o(.constdata)
    pHPortFun1                               0x0800922c   Data           4  modbus.o(.constdata)
    pHPortFun2                               0x08009230   Data           4  modbus.o(.constdata)
    pHPortFun3                               0x08009234   Data           4  modbus.o(.constdata)
    auchCRCHi                                0x08009238   Data         256  modbus.o(.constdata)
    auchCRCLo                                0x08009338   Data         256  modbus.o(.constdata)
    OSUnMapTbl                               0x08009438   Data         256  os_core.o(.constdata)
    Region$$Table$$Base                      0x08009538   Number         0  anon$$obj.o(Region$$Table)
    Region$$Table$$Limit                     0x08009558   Number         0  anon$$obj.o(Region$$Table)
    gCheckFlag                               0x20000000   Data           2  main.o(.data)
    gIwdgFlag                                0x20000002   Data           2  main.o(.data)
    gBackupFlag                              0x20000004   Data           2  main.o(.data)
    gWorkMode                                0x20000006   Data           2  main.o(.data)
    gSensorMode                              0x20000008   Data           2  main.o(.data)
    gSensorSignal                            0x2000000a   Data           2  main.o(.data)
    gAutoPolar                               0x2000000c   Data           2  main.o(.data)
    gManuPolar                               0x2000000e   Data           2  main.o(.data)
    gMotorType                               0x20000010   Data           2  main.o(.data)
    gPowerOnMode                             0x20000012   Data           2  main.o(.data)
    gCurMatNum                               0x20000014   Data           2  main.o(.data)
    gGainData                                0x20000016   Data           2  main.o(.data)
    gDeadZone                                0x20000018   Data           2  main.o(.data)
    gFineTune                                0x2000001a   Data           2  main.o(.data)
    gAutoSpeed                               0x2000001c   Data           2  main.o(.data)
    gManuSpeed                               0x2000001e   Data           2  main.o(.data)
    gCentSpeed                               0x20000020   Data           2  main.o(.data)
    gCaliTorque                              0x20000022   Data           2  main.o(.data)
    gFuncTorque                              0x20000024   Data           2  main.o(.data)
    gCurrentPulseNum                         0x20000026   Data           2  main.o(.data)
    gMAXPulseNum                             0x20000028   Data           2  main.o(.data)
    gLimitMode                               0x2000002a   Data           2  main.o(.data)
    gExtendLimit                             0x2000002c   Data           2  main.o(.data)
    gCenterLimit                             0x2000002e   Data           2  main.o(.data)
    gIndentLimit                             0x20000030   Data           2  main.o(.data)
    gSPCMode                                 0x20000032   Data           2  main.o(.data)
    gSPCStopTime                             0x20000034   Data           2  main.o(.data)
    gSPCExtendLimit                          0x20000036   Data           2  main.o(.data)
    gSPCIndentLimit                          0x20000038   Data           2  main.o(.data)
    gNoWaitEN                                0x2000003a   Data           2  main.o(.data)
    gNoDetectValve                           0x2000003c   Data           2  main.o(.data)
    gNoDetectTime                            0x2000003e   Data           2  main.o(.data)
    gNoWaitTime                              0x20000040   Data           2  main.o(.data)
    gLongIo0Mode                             0x20000042   Data           2  main.o(.data)
    gLongIo1Mode                             0x20000044   Data           2  main.o(.data)
    gLongIo2Mode                             0x20000046   Data           2  main.o(.data)
    gLongIo3Mode                             0x20000048   Data           2  main.o(.data)
    gAFlexAcc                                0x2000004a   Data           2  main.o(.data)
    gAFlexDec                                0x2000004c   Data           2  main.o(.data)
    gMFlexAcc                                0x2000004e   Data           2  main.o(.data)
    gMFlexDec                                0x20000050   Data           2  main.o(.data)
    gAlarmSwitch                             0x20000052   Data           2  main.o(.data)
    gRelay                                   0x20000054   Data           2  main.o(.data)
    gKeepWait                                0x20000056   Data           2  main.o(.data)
    g_Mat0_SensorL_H                         0x20000058   Data           2  main.o(.data)
    g_Mat0_SensorL_L                         0x2000005a   Data           2  main.o(.data)
    g_Mat0_SensorR_H                         0x2000005c   Data           2  main.o(.data)
    g_Mat0_SensorR_L                         0x2000005e   Data           2  main.o(.data)
    Mat0EPC12                                0x20000060   Data           2  main.o(.data)
    g_Mat1_SensorL_H                         0x20000062   Data           2  main.o(.data)
    g_Mat1_SensorL_L                         0x20000064   Data           2  main.o(.data)
    g_Mat1_SensorR_H                         0x20000066   Data           2  main.o(.data)
    g_Mat1_SensorR_L                         0x20000068   Data           2  main.o(.data)
    Mat1EPC12                                0x2000006a   Data           2  main.o(.data)
    g_Mat2_SensorL_H                         0x2000006c   Data           2  main.o(.data)
    g_Mat2_SensorL_L                         0x2000006e   Data           2  main.o(.data)
    g_Mat2_SensorR_H                         0x20000070   Data           2  main.o(.data)
    g_Mat2_SensorR_L                         0x20000072   Data           2  main.o(.data)
    Mat2EPC12                                0x20000074   Data           2  main.o(.data)
    g_Mat3_SensorL_H                         0x20000076   Data           2  main.o(.data)
    g_Mat3_SensorL_L                         0x20000078   Data           2  main.o(.data)
    g_Mat3_SensorR_H                         0x2000007a   Data           2  main.o(.data)
    g_Mat3_SensorR_L                         0x2000007c   Data           2  main.o(.data)
    Mat3EPC12                                0x2000007e   Data           2  main.o(.data)
    g_Mat4_SensorL_H                         0x20000080   Data           2  main.o(.data)
    g_Mat4_SensorL_L                         0x20000082   Data           2  main.o(.data)
    g_Mat4_SensorR_H                         0x20000084   Data           2  main.o(.data)
    g_Mat4_SensorR_L                         0x20000086   Data           2  main.o(.data)
    Mat4EPC12                                0x20000088   Data           2  main.o(.data)
    g_Mat5_SensorL_H                         0x2000008a   Data           2  main.o(.data)
    g_Mat5_SensorL_L                         0x2000008c   Data           2  main.o(.data)
    g_Mat5_SensorR_H                         0x2000008e   Data           2  main.o(.data)
    g_Mat5_SensorR_L                         0x20000090   Data           2  main.o(.data)
    Mat5EPC12                                0x20000092   Data           2  main.o(.data)
    g_Mat6_SensorL_H                         0x20000094   Data           2  main.o(.data)
    g_Mat6_SensorL_L                         0x20000096   Data           2  main.o(.data)
    g_Mat6_SensorR_H                         0x20000098   Data           2  main.o(.data)
    g_Mat6_SensorR_L                         0x2000009a   Data           2  main.o(.data)
    Mat6EPC12                                0x2000009c   Data           2  main.o(.data)
    g_Mat7_SensorL_H                         0x2000009e   Data           2  main.o(.data)
    g_Mat7_SensorL_L                         0x200000a0   Data           2  main.o(.data)
    g_Mat7_SensorR_H                         0x200000a2   Data           2  main.o(.data)
    g_Mat7_SensorR_L                         0x200000a4   Data           2  main.o(.data)
    Mat7EPC12                                0x200000a6   Data           2  main.o(.data)
    ClickButton                              0x200000a8   Data           2  main.o(.data)
    g_ADC_Buf                                0x200000aa   Data           8  main.o(.data)
    SensorL_value                            0x200000b2   Data           2  main.o(.data)
    SensorR_value                            0x200000b4   Data           2  main.o(.data)
    NUMBERTURN                               0x200000b8   Data           4  main.o(.data)
    SERIES                                   0x200000bc   Data           1  main.o(.data)
    LastHallData                             0x200000bd   Data           1  main.o(.data)
    iMbox                                    0x200000c0   Data           4  main.o(.data)
    sem_p                                    0x200000c4   Data           4  main.o(.data)
    sem_v                                    0x200000c8   Data           4  main.o(.data)
    mutex                                    0x200000cc   Data           4  main.o(.data)
    time0                                    0x200000e4   Data           4  stm32f10x_it.o(.data)
    time1                                    0x200000e8   Data           4  stm32f10x_it.o(.data)
    time2                                    0x200000ec   Data           4  stm32f10x_it.o(.data)
    g_ADC_OK                                 0x200000f0   Data           1  stm32f10x_it.o(.data)
    SystemCoreClock                          0x20000104   Data           4  system_stm32f10x.o(.data)
    AHBPrescTable                            0x20000108   Data          16  system_stm32f10x.o(.data)
    __stdout                                 0x20000118   Data           4  fputc.o(.data)
    __stdin                                  0x2000011c   Data           4  fputc.o(.data)
    bldc_dev                                 0x20000124   Data          16  ctrl.o(.data)
    HallA_data                               0x20000134   Data           1  ctrl.o(.data)
    HallB_data                               0x20000135   Data           1  ctrl.o(.data)
    HallC_data                               0x20000136   Data           1  ctrl.o(.data)
    HallRate                                 0x20000148   Data           2  handle.o(.data)
    OcclusionL_rate                          0x2000014a   Data           1  handle.o(.data)
    OcclusionR_rate                          0x2000014b   Data           1  handle.o(.data)
    Center_Point                             0x2000017c   Data           4  pid_control.o(.data)
    Place_Point                              0x20000180   Data           4  pid_control.o(.data)
    Speed_Point                              0x20000184   Data           4  pid_control.o(.data)
    SPC_Point                                0x20000188   Data           4  pid_control.o(.data)
    PortFun                                  0x20000190   Data          64  longkey.o(.data)
    ParaStorage                              0x200001d0   Data          16  lcdtest.o(.data)
    TravelCal                                0x200001e0   Data           8  lcdtest.o(.data)
    MatCal                                   0x200001e8   Data         188  lcdtest.o(.data)
    ConfirmData                              0x200002a4   Data         304  lcdtest.o(.data)
    inputEvent                               0x200003d8   Data           1  speedplan.o(.data)
    OSCtxSwCtr                               0x20000400   Data           4  os_core.o(.data)
    OSEventFreeList                          0x20000404   Data           4  os_core.o(.data)
    OSFlagFreeList                           0x20000408   Data           4  os_core.o(.data)
    OSCPUUsage                               0x2000040c   Data           1  os_core.o(.data)
    OSIdleCtrMax                             0x20000410   Data           4  os_core.o(.data)
    OSIdleCtrRun                             0x20000414   Data           4  os_core.o(.data)
    OSStatRdy                                0x20000418   Data           1  os_core.o(.data)
    OSIntNesting                             0x20000419   Data           1  os_core.o(.data)
    OSLockNesting                            0x2000041a   Data           1  os_core.o(.data)
    OSPrioCur                                0x2000041b   Data           1  os_core.o(.data)
    OSPrioHighRdy                            0x2000041c   Data           1  os_core.o(.data)
    OSRdyGrp                                 0x2000041d   Data           1  os_core.o(.data)
    OSRdyTbl                                 0x2000041e   Data           8  os_core.o(.data)
    OSRunning                                0x20000426   Data           1  os_core.o(.data)
    OSTaskCtr                                0x20000427   Data           1  os_core.o(.data)
    OSIdleCtr                                0x20000428   Data           4  os_core.o(.data)
    OSTCBCur                                 0x2000042c   Data           4  os_core.o(.data)
    OSTCBFreeList                            0x20000430   Data           4  os_core.o(.data)
    OSTCBHighRdy                             0x20000434   Data           4  os_core.o(.data)
    OSTCBList                                0x20000438   Data           4  os_core.o(.data)
    OSTickStepState                          0x2000043c   Data           1  os_core.o(.data)
    OSQFreeList                              0x20000440   Data           4  os_core.o(.data)
    OSTime                                   0x20000444   Data           4  os_core.o(.data)
    LongPortFun                              0x20000448   Data          22  main.o(.bss)
    Warm                                     0x2000045e   Data          12  main.o(.bss)
    START_TASK_STK                           0x2000046c   Data         128  main.o(.bss)
    READ_IO_TASK_STK                         0x200004ec   Data         256  main.o(.bss)
    MODBUS_TASK_STK                          0x200005ec   Data         256  main.o(.bss)
    LCD_TASK_STK                             0x200006ec   Data         256  main.o(.bss)
    LED_TASK_STK                             0x200007ec   Data         128  main.o(.bss)
    RS485_RX_BUFF                            0x2000086c   Data         128  usart_485.o(.bss)
    RS485_TX_BUFF                            0x200008ec   Data         128  usart_485.o(.bss)
    RS232_RX_BUFF                            0x2000096c   Data         128  usart_232.o(.bss)
    RS232_TX_BUFF                            0x200009ec   Data         128  usart_232.o(.bss)
    rest_para                                0x20000a6c   Data         106  stmflash.o(.bss)
    save_para                                0x20000ad6   Data         106  stmflash.o(.bss)
    SensorValue                              0x20000b40   Data          80  stmflash.o(.bss)
    STMFLASH_BUF                             0x20000b90   Data        1024  stmflash.o(.bss)
    Center_PID                               0x20000f90   Data          44  pid_control.o(.bss)
    Place_PID                                0x20000fbc   Data          40  pid_control.o(.bss)
    Speed_PID                                0x20000fe4   Data          44  pid_control.o(.bss)
    SPC_PID                                  0x20001010   Data          40  pid_control.o(.bss)
    modbus                                   0x20001038   Data          86  modbus.o(.bss)
    Slave_InputIO                            0x2000108e   Data         128  modbus.o(.bss)
    Slave_OutputIO                           0x2000110e   Data         128  modbus.o(.bss)
    Slave_ReadReg                            0x2000118e   Data          80  modbus.o(.bss)
    Slave_WriteReg                           0x200011de   Data          80  modbus.o(.bss)
    stateMachine                             0x20001230   Data          12  speedplan.o(.bss)
    OSEventTbl                               0x2000123c   Data         200  os_core.o(.bss)
    OSFlagTbl                                0x20001304   Data          80  os_core.o(.bss)
    OSTaskStatStk                            0x20001354   Data         512  os_core.o(.bss)
    OSTaskIdleStk                            0x20001554   Data         512  os_core.o(.bss)
    OSTCBPrioTbl                             0x20001754   Data         256  os_core.o(.bss)
    OSTCBTbl                                 0x20001854   Data        1008  os_core.o(.bss)
    OSQTbl                                   0x20001c44   Data         120  os_core.o(.bss)
    __libspace_start                         0x20001cbc   Data          96  libspace.o(.bss)
    __temporary_stack_top$libspace           0x20001d1c   Data           0  libspace.o(.bss)



==============================================================================

Memory Map of the image

  Image Entry point : 0x080000ed

  Load Region LR_IROM1 (Base: 0x08000000, Size: 0x000099a0, Max: 0x00020000, ABSOLUTE, COMPRESSED[0x000096c0])

    Execution Region ER_IROM1 (Exec base: 0x08000000, Load base: 0x08000000, Size: 0x00009558, Max: 0x00020000, ABSOLUTE)

    Exec Addr    Load Addr    Size         Type   Attr      Idx    E Section Name        Object

    0x08000000   0x08000000   0x000000ec   Data   RO          429    RESET               startup_stm32f10x_md.o
    0x080000ec   0x080000ec   0x00000008   Code   RO         4103  * !!!main             c_w.l(__main.o)
    0x080000f4   0x080000f4   0x00000034   Code   RO         4382    !!!scatter          c_w.l(__scatter.o)
    0x08000128   0x08000128   0x0000005a   Code   RO         4380    !!dczerorl2         c_w.l(__dczerorl2.o)
    0x08000182   0x08000182   0x00000002   PAD
    0x08000184   0x08000184   0x0000001c   Code   RO         4384    !!handler_zi        c_w.l(__scatter_zi.o)
    0x080001a0   0x080001a0   0x00000000   Code   RO         4096    .ARM.Collect$$_printf_percent$$00000000  c_w.l(_printf_percent.o)
    0x080001a0   0x080001a0   0x00000006   Code   RO         4095    .ARM.Collect$$_printf_percent$$00000009  c_w.l(_printf_d.o)
    0x080001a6   0x080001a6   0x00000004   Code   RO         4185    .ARM.Collect$$_printf_percent$$00000017  c_w.l(_printf_percent_end.o)
    0x080001aa   0x080001aa   0x00000002   Code   RO         4319    .ARM.Collect$$libinit$$00000000  c_w.l(libinit.o)
    0x080001ac   0x080001ac   0x00000000   Code   RO         4189    .ARM.Collect$$libinit$$00000002  c_w.l(libinit2.o)
    0x080001ac   0x080001ac   0x00000000   Code   RO         4191    .ARM.Collect$$libinit$$00000004  c_w.l(libinit2.o)
    0x080001ac   0x080001ac   0x00000000   Code   RO         4194    .ARM.Collect$$libinit$$0000000A  c_w.l(libinit2.o)
    0x080001ac   0x080001ac   0x00000000   Code   RO         4196    .ARM.Collect$$libinit$$0000000C  c_w.l(libinit2.o)
    0x080001ac   0x080001ac   0x00000000   Code   RO         4198    .ARM.Collect$$libinit$$0000000E  c_w.l(libinit2.o)
    0x080001ac   0x080001ac   0x00000000   Code   RO         4201    .ARM.Collect$$libinit$$00000011  c_w.l(libinit2.o)
    0x080001ac   0x080001ac   0x00000000   Code   RO         4203    .ARM.Collect$$libinit$$00000013  c_w.l(libinit2.o)
    0x080001ac   0x080001ac   0x00000000   Code   RO         4205    .ARM.Collect$$libinit$$00000015  c_w.l(libinit2.o)
    0x080001ac   0x080001ac   0x00000000   Code   RO         4207    .ARM.Collect$$libinit$$00000017  c_w.l(libinit2.o)
    0x080001ac   0x080001ac   0x00000000   Code   RO         4209    .ARM.Collect$$libinit$$00000019  c_w.l(libinit2.o)
    0x080001ac   0x080001ac   0x00000000   Code   RO         4211    .ARM.Collect$$libinit$$0000001B  c_w.l(libinit2.o)
    0x080001ac   0x080001ac   0x00000000   Code   RO         4213    .ARM.Collect$$libinit$$0000001D  c_w.l(libinit2.o)
    0x080001ac   0x080001ac   0x00000000   Code   RO         4215    .ARM.Collect$$libinit$$0000001F  c_w.l(libinit2.o)
    0x080001ac   0x080001ac   0x00000000   Code   RO         4217    .ARM.Collect$$libinit$$00000021  c_w.l(libinit2.o)
    0x080001ac   0x080001ac   0x00000000   Code   RO         4219    .ARM.Collect$$libinit$$00000023  c_w.l(libinit2.o)
    0x080001ac   0x080001ac   0x00000000   Code   RO         4221    .ARM.Collect$$libinit$$00000025  c_w.l(libinit2.o)
    0x080001ac   0x080001ac   0x00000000   Code   RO         4225    .ARM.Collect$$libinit$$0000002C  c_w.l(libinit2.o)
    0x080001ac   0x080001ac   0x00000000   Code   RO         4227    .ARM.Collect$$libinit$$0000002E  c_w.l(libinit2.o)
    0x080001ac   0x080001ac   0x00000000   Code   RO         4229    .ARM.Collect$$libinit$$00000030  c_w.l(libinit2.o)
    0x080001ac   0x080001ac   0x00000000   Code   RO         4231    .ARM.Collect$$libinit$$00000032  c_w.l(libinit2.o)
    0x080001ac   0x080001ac   0x00000002   Code   RO         4232    .ARM.Collect$$libinit$$00000033  c_w.l(libinit2.o)
    0x080001ae   0x080001ae   0x00000002   Code   RO         4377    .ARM.Collect$$libshutdown$$00000000  c_w.l(libshutdown.o)
    0x080001b0   0x080001b0   0x00000000   Code   RO         4333    .ARM.Collect$$libshutdown$$00000002  c_w.l(libshutdown2.o)
    0x080001b0   0x080001b0   0x00000000   Code   RO         4335    .ARM.Collect$$libshutdown$$00000004  c_w.l(libshutdown2.o)
    0x080001b0   0x080001b0   0x00000000   Code   RO         4338    .ARM.Collect$$libshutdown$$00000007  c_w.l(libshutdown2.o)
    0x080001b0   0x080001b0   0x00000000   Code   RO         4341    .ARM.Collect$$libshutdown$$0000000A  c_w.l(libshutdown2.o)
    0x080001b0   0x080001b0   0x00000000   Code   RO         4343    .ARM.Collect$$libshutdown$$0000000C  c_w.l(libshutdown2.o)
    0x080001b0   0x080001b0   0x00000000   Code   RO         4346    .ARM.Collect$$libshutdown$$0000000F  c_w.l(libshutdown2.o)
    0x080001b0   0x080001b0   0x00000002   Code   RO         4347    .ARM.Collect$$libshutdown$$00000010  c_w.l(libshutdown2.o)
    0x080001b2   0x080001b2   0x00000000   Code   RO         4155    .ARM.Collect$$rtentry$$00000000  c_w.l(__rtentry.o)
    0x080001b2   0x080001b2   0x00000000   Code   RO         4252    .ARM.Collect$$rtentry$$00000002  c_w.l(__rtentry2.o)
    0x080001b2   0x080001b2   0x00000006   Code   RO         4264    .ARM.Collect$$rtentry$$00000004  c_w.l(__rtentry4.o)
    0x080001b8   0x080001b8   0x00000000   Code   RO         4254    .ARM.Collect$$rtentry$$00000009  c_w.l(__rtentry2.o)
    0x080001b8   0x080001b8   0x00000004   Code   RO         4255    .ARM.Collect$$rtentry$$0000000A  c_w.l(__rtentry2.o)
    0x080001bc   0x080001bc   0x00000000   Code   RO         4257    .ARM.Collect$$rtentry$$0000000C  c_w.l(__rtentry2.o)
    0x080001bc   0x080001bc   0x00000008   Code   RO         4258    .ARM.Collect$$rtentry$$0000000D  c_w.l(__rtentry2.o)
    0x080001c4   0x080001c4   0x00000002   Code   RO         4322    .ARM.Collect$$rtexit$$00000000  c_w.l(rtexit.o)
    0x080001c6   0x080001c6   0x00000000   Code   RO         4351    .ARM.Collect$$rtexit$$00000002  c_w.l(rtexit2.o)
    0x080001c6   0x080001c6   0x00000004   Code   RO         4352    .ARM.Collect$$rtexit$$00000003  c_w.l(rtexit2.o)
    0x080001ca   0x080001ca   0x00000006   Code   RO         4353    .ARM.Collect$$rtexit$$00000004  c_w.l(rtexit2.o)
    0x080001d0   0x080001d0   0x00000040   Code   RO          430    .text               startup_stm32f10x_md.o
    0x08000210   0x08000210   0x000000b4   Code   RO         3655    .text               os_cpu_a.o
    0x080002c4   0x080002c4   0x00000018   Code   RO         4067    .text               c_w.l(noretval__2printf.o)
    0x080002dc   0x080002dc   0x0000004e   Code   RO         4071    .text               c_w.l(_printf_pad.o)
    0x0800032a   0x0800032a   0x00000002   PAD
    0x0800032c   0x0800032c   0x00000078   Code   RO         4073    .text               c_w.l(_printf_dec.o)
    0x080003a4   0x080003a4   0x0000010e   Code   RO         4083    .text               c_w.l(__printf_wp.o)
    0x080004b2   0x080004b2   0x0000008a   Code   RO         4097    .text               c_w.l(rt_memcpy_v6.o)
    0x0800053c   0x0800053c   0x00000064   Code   RO         4099    .text               c_w.l(rt_memcpy_w.o)
    0x080005a0   0x080005a0   0x00000006   Code   RO         4101    .text               c_w.l(heapauxi.o)
    0x080005a6   0x080005a6   0x000000b2   Code   RO         4181    .text               c_w.l(_printf_intcommon.o)
    0x08000658   0x08000658   0x00000024   Code   RO         4183    .text               c_w.l(_printf_char_file.o)
    0x0800067c   0x0800067c   0x00000008   Code   RO         4248    .text               c_w.l(libspace.o)
    0x08000684   0x08000684   0x00000030   Code   RO         4274    .text               c_w.l(_printf_char_common.o)
    0x080006b4   0x080006b4   0x00000008   Code   RO         4276    .text               c_w.l(ferror.o)
    0x080006bc   0x080006bc   0x00000002   Code   RO         4293    .text               c_w.l(use_no_semi.o)
    0x080006be   0x080006be   0x00000000   Code   RO         4295    .text               c_w.l(indicate_semi.o)
    0x080006be   0x080006be   0x0000004a   Code   RO         4296    .text               c_w.l(sys_stackheap_outer.o)
    0x08000708   0x08000708   0x00000012   Code   RO         4304    .text               c_w.l(exit.o)
    0x0800071a   0x0800071a   0x00000002   PAD
    0x0800071c   0x0800071c   0x0000000c   Code   RO         4320    .text               c_w.l(sys_exit.o)
    0x08000728   0x08000728   0x00000016   Code   RO         2655    i.ADC_Cmd           stm32f10x_adc.o
    0x0800073e   0x0800073e   0x00000016   Code   RO         2656    i.ADC_DMACmd        stm32f10x_adc.o
    0x08000754   0x08000754   0x00000014   Code   RO         2663    i.ADC_GetCalibrationStatus  stm32f10x_adc.o
    0x08000768   0x08000768   0x00000014   Code   RO         2669    i.ADC_GetResetCalibrationStatus  stm32f10x_adc.o
    0x0800077c   0x0800077c   0x00000050   Code   RO         2673    i.ADC_Init          stm32f10x_adc.o
    0x080007cc   0x080007cc   0x000000b8   Code   RO         2677    i.ADC_RegularChannelConfig  stm32f10x_adc.o
    0x08000884   0x08000884   0x0000000a   Code   RO         2678    i.ADC_ResetCalibration  stm32f10x_adc.o
    0x0800088e   0x0800088e   0x00000016   Code   RO         2680    i.ADC_SoftwareStartConvCmd  stm32f10x_adc.o
    0x080008a4   0x080008a4   0x0000000a   Code   RO         2682    i.ADC_StartCalibration  stm32f10x_adc.o
    0x080008ae   0x080008ae   0x00000002   PAD
    0x080008b0   0x080008b0   0x0000012c   Code   RO          753    i.Adc_Init          adc.o
    0x080009dc   0x080009dc   0x00000244   Code   RO         1118    i.AddSub            lcdtest.o
    0x08000c20   0x08000c20   0x0000008c   Code   RO         1119    i.AdjustmentInterface  lcdtest.o
    0x08000cac   0x08000cac   0x000000f0   Code   RO          680    i.BLDCSwitchN       ctrl.o
    0x08000d9c   0x08000d9c   0x000000f8   Code   RO          681    i.BLDCSwitchP       ctrl.o
    0x08000e94   0x08000e94   0x00000060   Code   RO          682    i.BLDC_GPIOConfig   ctrl.o
    0x08000ef4   0x08000ef4   0x00000050   Code   RO          683    i.BLDC_Start        ctrl.o
    0x08000f44   0x08000f44   0x0000002c   Code   RO          684    i.BLDC_Stop         ctrl.o
    0x08000f70   0x08000f70   0x0000011c   Code   RO          685    i.BLDC_TIM1Config   ctrl.o
    0x0800108c   0x0800108c   0x000000ec   Code   RO          686    i.BLDC_TIM3Config   ctrl.o
    0x08001178   0x08001178   0x00000058   Code   RO          687    i.BLDC_TIM4Config   ctrl.o
    0x080011d0   0x080011d0   0x00000070   Code   RO          640    i.BSP_Init          bsp.o
    0x08001240   0x08001240   0x000001d8   Code   RO          765    i.Backup            stmflash.o
    0x08001418   0x08001418   0x00000050   Code   RO         1120    i.BackupRestore     lcdtest.o
    0x08001468   0x08001468   0x00000004   Code   RO          220    i.BusFault_Handler  stm32f10x_it.o
    0x0800146c   0x0800146c   0x00000038   Code   RO         1065    i.CRC_Compute       modbus.o
    0x080014a4   0x080014a4   0x00000174   Code   RO          959    i.CenterPID         pid_control.o
    0x08001618   0x08001618   0x000001bc   Code   RO          870    i.CurrentProtection  handle.o
    0x080017d4   0x080017d4   0x00000028   Code   RO          221    i.DMA1_Channel1_IRQHandler  stm32f10x_it.o
    0x080017fc   0x080017fc   0x00000060   Code   RO          587    i.DMA1_Channel2_IRQHandler  usart_232.o
    0x0800185c   0x0800185c   0x00000078   Code   RO          588    i.DMA1_Channel2_Send  usart_232.o
    0x080018d4   0x080018d4   0x00000064   Code   RO          512    i.DMA1_Channel7_IRQHandler  usart_485.o
    0x08001938   0x08001938   0x00000084   Code   RO          513    i.DMA1_Channel7_Send  usart_485.o
    0x080019bc   0x080019bc   0x0000001c   Code   RO         1361    i.DMA_ClearFlag     stm32f10x_dma.o
    0x080019d8   0x080019d8   0x0000001c   Code   RO         1362    i.DMA_ClearITPendingBit  stm32f10x_dma.o
    0x080019f4   0x080019f4   0x00000018   Code   RO         1363    i.DMA_Cmd           stm32f10x_dma.o
    0x08001a0c   0x08001a0c   0x0000014c   Code   RO         1364    i.DMA_DeInit        stm32f10x_dma.o
    0x08001b58   0x08001b58   0x00000008   Code   RO         1365    i.DMA_GetCurrDataCounter  stm32f10x_dma.o
    0x08001b60   0x08001b60   0x0000002c   Code   RO         1366    i.DMA_GetFlagStatus  stm32f10x_dma.o
    0x08001b8c   0x08001b8c   0x0000002c   Code   RO         1367    i.DMA_GetITStatus   stm32f10x_dma.o
    0x08001bb8   0x08001bb8   0x00000012   Code   RO         1368    i.DMA_ITConfig      stm32f10x_dma.o
    0x08001bca   0x08001bca   0x0000003c   Code   RO         1369    i.DMA_Init          stm32f10x_dma.o
    0x08001c06   0x08001c06   0x00000004   Code   RO         1370    i.DMA_SetCurrDataCounter  stm32f10x_dma.o
    0x08001c0a   0x08001c0a   0x00000002   Code   RO          222    i.DebugMon_Handler  stm32f10x_it.o
    0x08001c0c   0x08001c0c   0x00000024   Code   RO          846    i.EXTI0_IRQHandler  pwrchk.o
    0x08001c30   0x08001c30   0x0000000c   Code   RO         2871    i.EXTI_ClearFlag    stm32f10x_exti.o
    0x08001c3c   0x08001c3c   0x00000018   Code   RO         2875    i.EXTI_GetFlagStatus  stm32f10x_exti.o
    0x08001c54   0x08001c54   0x0000004c   Code   RO         2480    i.FLASH_ErasePage   stm32f10x_flash.o
    0x08001ca0   0x08001ca0   0x00000034   Code   RO         2481    i.FLASH_GetBank1Status  stm32f10x_flash.o
    0x08001cd4   0x08001cd4   0x00000014   Code   RO         2490    i.FLASH_Lock        stm32f10x_flash.o
    0x08001ce8   0x08001ce8   0x0000001c   Code   RO         2492    i.FLASH_PrefetchBufferCmd  stm32f10x_flash.o
    0x08001d04   0x08001d04   0x00000040   Code   RO         2493    i.FLASH_ProgramHalfWord  stm32f10x_flash.o
    0x08001d44   0x08001d44   0x00000018   Code   RO         2497    i.FLASH_SetLatency  stm32f10x_flash.o
    0x08001d5c   0x08001d5c   0x00000018   Code   RO         2498    i.FLASH_Unlock      stm32f10x_flash.o
    0x08001d74   0x08001d74   0x00000026   Code   RO         2502    i.FLASH_WaitForLastOperation  stm32f10x_flash.o
    0x08001d9a   0x08001d9a   0x00000116   Code   RO         1439    i.GPIO_Init         stm32f10x_gpio.o
    0x08001eb0   0x08001eb0   0x00000090   Code   RO         1441    i.GPIO_PinRemapConfig  stm32f10x_gpio.o
    0x08001f40   0x08001f40   0x00000012   Code   RO         1443    i.GPIO_ReadInputDataBit  stm32f10x_gpio.o
    0x08001f52   0x08001f52   0x00000004   Code   RO         1446    i.GPIO_ResetBits    stm32f10x_gpio.o
    0x08001f56   0x08001f56   0x00000004   Code   RO         1447    i.GPIO_SetBits      stm32f10x_gpio.o
    0x08001f5a   0x08001f5a   0x00000016   Code   RO         1189    i.GetDirection      speedplan.o
    0x08001f70   0x08001f70   0x00000016   Code   RO          871    i.GetPolar          handle.o
    0x08001f86   0x08001f86   0x00000002   PAD
    0x08001f88   0x08001f88   0x00000014   Code   RO          223    i.HardFault_Handler  stm32f10x_it.o
    0x08001f9c   0x08001f9c   0x00000010   Code   RO         2979    i.IWDG_Enable       stm32f10x_iwdg.o
    0x08001fac   0x08001fac   0x00000008   Code   RO         1026    i.IWDG_Feed         wdg.o
    0x08001fb4   0x08001fb4   0x00000024   Code   RO         1027    i.IWDG_Init         wdg.o
    0x08001fd8   0x08001fd8   0x00000010   Code   RO         2981    i.IWDG_ReloadCounter  stm32f10x_iwdg.o
    0x08001fe8   0x08001fe8   0x0000000c   Code   RO         2982    i.IWDG_SetPrescaler  stm32f10x_iwdg.o
    0x08001ff4   0x08001ff4   0x0000000c   Code   RO         2983    i.IWDG_SetReload    stm32f10x_iwdg.o
    0x08002000   0x08002000   0x0000000c   Code   RO         2984    i.IWDG_WriteAccessCmd  stm32f10x_iwdg.o
    0x0800200c   0x0800200c   0x00000088   Code   RO          641    i.Init_GPIO         bsp.o
    0x08002094   0x08002094   0x000000b8   Code   RO          642    i.Interrupt_Config  bsp.o
    0x0800214c   0x0800214c   0x0000011c   Code   RO          999    i.KeyHandle         longkey.o
    0x08002268   0x08002268   0x00000038   Code   RO          872    i.LimitOutput       handle.o
    0x080022a0   0x080022a0   0x00000360   Code   RO          873    i.LimitProcessing   handle.o
    0x08002600   0x08002600   0x00000004   Code   RO          224    i.MemManage_Handler  stm32f10x_it.o
    0x08002604   0x08002604   0x00000098   Code   RO         1066    i.Modbus_Event      modbus.o
    0x0800269c   0x0800269c   0x00000118   Code   RO         1067    i.Modbus_Func3      modbus.o
    0x080027b4   0x080027b4   0x00000118   Code   RO         1068    i.Modbus_Func4      modbus.o
    0x080028cc   0x080028cc   0x0000010c   Code   RO         1069    i.Modbus_Func6      modbus.o
    0x080029d8   0x080029d8   0x000001c8   Code   RO         1070    i.Modbus_Init       modbus.o
    0x08002ba0   0x08002ba0   0x00000002   Code   RO          225    i.NMI_Handler       stm32f10x_it.o
    0x08002ba2   0x08002ba2   0x00000002   PAD
    0x08002ba4   0x08002ba4   0x00000070   Code   RO         1247    i.NVIC_Init         misc.o
    0x08002c14   0x08002c14   0x00000014   Code   RO         1248    i.NVIC_PriorityGroupConfig  misc.o
    0x08002c28   0x08002c28   0x00000078   Code   RO         1121    i.NoShelterDis      lcdtest.o
    0x08002ca0   0x08002ca0   0x00000118   Code   RO          874    i.No_Material_Detection  handle.o
    0x08002db8   0x08002db8   0x0000002c   Code   RO         3021    i.OSInit            os_core.o
    0x08002de4   0x08002de4   0x00000002   Code   RO         3658    i.OSInitHookBegin   os_cpu_c.o
    0x08002de6   0x08002de6   0x00000002   Code   RO         3659    i.OSInitHookEnd     os_cpu_c.o
    0x08002de8   0x08002de8   0x00000024   Code   RO         3022    i.OSIntEnter        os_core.o
    0x08002e0c   0x08002e0c   0x00000090   Code   RO         3023    i.OSIntExit         os_core.o
    0x08002e9c   0x08002e9c   0x0000004c   Code   RO         3285    i.OSMboxCreate      os_mbox.o
    0x08002ee8   0x08002ee8   0x00000094   Code   RO         3345    i.OSMutexCreate     os_mutex.o
    0x08002f7c   0x08002f7c   0x00000040   Code   RO         3024    i.OSSchedLock       os_core.o
    0x08002fbc   0x08002fbc   0x00000060   Code   RO         3025    i.OSSchedUnlock     os_core.o
    0x0800301c   0x0800301c   0x0000004c   Code   RO         3464    i.OSSemCreate       os_sem.o
    0x08003068   0x08003068   0x00000048   Code   RO         3026    i.OSStart           os_core.o
    0x080030b0   0x080030b0   0x0000004c   Code   RO         3027    i.OSStatInit        os_core.o
    0x080030fc   0x080030fc   0x00000002   Code   RO         3660    i.OSTCBInitHook     os_cpu_c.o
    0x080030fe   0x080030fe   0x00000002   PAD
    0x08003100   0x08003100   0x000000a0   Code   RO         3518    i.OSTaskCreate      os_task.o
    0x080031a0   0x080031a0   0x000000b8   Code   RO         3519    i.OSTaskCreateExt   os_task.o
    0x08003258   0x08003258   0x00000002   Code   RO         3661    i.OSTaskCreateHook  os_cpu_c.o
    0x0800325a   0x0800325a   0x00000002   Code   RO         3663    i.OSTaskIdleHook    os_cpu_c.o
    0x0800325c   0x0800325c   0x00000070   Code   RO         3523    i.OSTaskNameSet     os_task.o
    0x080032cc   0x080032cc   0x00000002   Code   RO         3665    i.OSTaskStatHook    os_cpu_c.o
    0x080032ce   0x080032ce   0x00000002   PAD
    0x080032d0   0x080032d0   0x0000008c   Code   RO         3528    i.OSTaskStkChk      os_task.o
    0x0800335c   0x0800335c   0x0000009a   Code   RO         3666    i.OSTaskStkInit     os_cpu_c.o
    0x080033f6   0x080033f6   0x00000002   PAD
    0x080033f8   0x080033f8   0x000000a8   Code   RO         3529    i.OSTaskSuspend     os_task.o
    0x080034a0   0x080034a0   0x00000002   Code   RO         3667    i.OSTaskSwHook      os_cpu_c.o
    0x080034a2   0x080034a2   0x00000002   PAD
    0x080034a4   0x080034a4   0x00000078   Code   RO         3613    i.OSTimeDly         os_time.o
    0x0800351c   0x0800351c   0x000000ec   Code   RO         3028    i.OSTimeTick        os_core.o
    0x08003608   0x08003608   0x00000002   Code   RO         3668    i.OSTimeTickHook    os_cpu_c.o
    0x0800360a   0x0800360a   0x0000001c   Code   RO         3034    i.OS_EventWaitListInit  os_core.o
    0x08003626   0x08003626   0x00000002   PAD
    0x08003628   0x08003628   0x00000058   Code   RO         3212    i.OS_FlagInit       os_flag.o
    0x08003680   0x08003680   0x00000054   Code   RO         3035    i.OS_InitEventList  os_core.o
    0x080036d4   0x080036d4   0x00000054   Code   RO         3036    i.OS_InitMisc       os_core.o
    0x08003728   0x08003728   0x00000044   Code   RO         3037    i.OS_InitRdyList    os_core.o
    0x0800376c   0x0800376c   0x00000080   Code   RO         3038    i.OS_InitTCBList    os_core.o
    0x080037ec   0x080037ec   0x00000050   Code   RO         3039    i.OS_InitTaskIdle   os_core.o
    0x0800383c   0x0800383c   0x00000050   Code   RO         3040    i.OS_InitTaskStat   os_core.o
    0x0800388c   0x0800388c   0x00000012   Code   RO         3041    i.OS_MemClr         os_core.o
    0x0800389e   0x0800389e   0x00000002   PAD
    0x080038a0   0x080038a0   0x00000050   Code   RO         3401    i.OS_QInit          os_q.o
    0x080038f0   0x080038f0   0x00000074   Code   RO         3043    i.OS_Sched          os_core.o
    0x08003964   0x08003964   0x0000002c   Code   RO         3044    i.OS_SchedNew       os_core.o
    0x08003990   0x08003990   0x00000134   Code   RO         3046    i.OS_TCBInit        os_core.o
    0x08003ac4   0x08003ac4   0x00000028   Code   RO         3047    i.OS_TaskIdle       os_core.o
    0x08003aec   0x08003aec   0x00000088   Code   RO         3048    i.OS_TaskStat       os_core.o
    0x08003b74   0x08003b74   0x0000003c   Code   RO         3049    i.OS_TaskStatStkChk  os_core.o
    0x08003bb0   0x08003bb0   0x0000001a   Code   RO         3531    i.OS_TaskStkClr     os_task.o
    0x08003bca   0x08003bca   0x00000002   PAD
    0x08003bcc   0x08003bcc   0x00000198   Code   RO          960    i.PIDInit           pid_control.o
    0x08003d64   0x08003d64   0x00000010   Code   RO            1    i.ParameterInit     main.o
    0x08003d74   0x08003d74   0x0000013c   Code   RO          875    i.PlaceOutHandle    handle.o
    0x08003eb0   0x08003eb0   0x0000016c   Code   RO          961    i.PlacePID          pid_control.o
    0x0800401c   0x0800401c   0x00000124   Code   RO          688    i.PwmOut            ctrl.o
    0x08004140   0x08004140   0x00000018   Code   RO         1547    i.RCC_ADCCLKConfig  stm32f10x_rcc.o
    0x08004158   0x08004158   0x00000020   Code   RO         1548    i.RCC_AHBPeriphClockCmd  stm32f10x_rcc.o
    0x08004178   0x08004178   0x00000020   Code   RO         1549    i.RCC_APB1PeriphClockCmd  stm32f10x_rcc.o
    0x08004198   0x08004198   0x00000020   Code   RO         1550    i.RCC_APB1PeriphResetCmd  stm32f10x_rcc.o
    0x080041b8   0x080041b8   0x00000020   Code   RO         1551    i.RCC_APB2PeriphClockCmd  stm32f10x_rcc.o
    0x080041d8   0x080041d8   0x00000020   Code   RO         1552    i.RCC_APB2PeriphResetCmd  stm32f10x_rcc.o
    0x080041f8   0x080041f8   0x0000007a   Code   RO          643    i.RCC_Configuration  bsp.o
    0x08004272   0x08004272   0x00000002   PAD
    0x08004274   0x08004274   0x0000004c   Code   RO         1558    i.RCC_DeInit        stm32f10x_rcc.o
    0x080042c0   0x080042c0   0x000000d4   Code   RO         1559    i.RCC_GetClocksFreq  stm32f10x_rcc.o
    0x08004394   0x08004394   0x0000003c   Code   RO         1560    i.RCC_GetFlagStatus  stm32f10x_rcc.o
    0x080043d0   0x080043d0   0x00000010   Code   RO         1562    i.RCC_GetSYSCLKSource  stm32f10x_rcc.o
    0x080043e0   0x080043e0   0x00000018   Code   RO         1563    i.RCC_HCLKConfig    stm32f10x_rcc.o
    0x080043f8   0x080043f8   0x0000004c   Code   RO         1564    i.RCC_HSEConfig     stm32f10x_rcc.o
    0x08004444   0x08004444   0x00000018   Code   RO         1570    i.RCC_PCLK1Config   stm32f10x_rcc.o
    0x0800445c   0x0800445c   0x00000018   Code   RO         1571    i.RCC_PCLK2Config   stm32f10x_rcc.o
    0x08004474   0x08004474   0x0000000c   Code   RO         1572    i.RCC_PLLCmd        stm32f10x_rcc.o
    0x08004480   0x08004480   0x0000001c   Code   RO         1573    i.RCC_PLLConfig     stm32f10x_rcc.o
    0x0800449c   0x0800449c   0x00000018   Code   RO         1576    i.RCC_SYSCLKConfig  stm32f10x_rcc.o
    0x080044b4   0x080044b4   0x00000020   Code   RO          589    i.RS232_SendData    usart_232.o
    0x080044d4   0x080044d4   0x0000001c   Code   RO          514    i.RS485_SendData    usart_485.o
    0x080044f0   0x080044f0   0x00000030   Code   RO         1000    i.ReadLong          longkey.o
    0x08004520   0x08004520   0x00000050   Code   RO         1001    i.ReadLongIO        longkey.o
    0x08004570   0x08004570   0x00000250   Code   RO          767    i.ReadPara          stmflash.o
    0x080047c0   0x080047c0   0x00000214   Code   RO          768    i.ReadSensor        stmflash.o
    0x080049d4   0x080049d4   0x00000290   Code   RO         1122    i.RealTimeDis       lcdtest.o
    0x08004c64   0x08004c64   0x00000074   Code   RO          590    i.Receive232_DataPack  usart_232.o
    0x08004cd8   0x08004cd8   0x00000074   Code   RO          515    i.Receive_DataPack  usart_485.o
    0x08004d4c   0x08004d4c   0x00000220   Code   RO          769    i.Restore           stmflash.o
    0x08004f6c   0x08004f6c   0x0000018c   Code   RO          962    i.SPCPID            pid_control.o
    0x080050f8   0x080050f8   0x00000234   Code   RO          876    i.SPC_Control       handle.o
    0x0800532c   0x0800532c   0x00000026   Code   RO          770    i.STMFLASH_Read     stmflash.o
    0x08005352   0x08005352   0x00000006   Code   RO          771    i.STMFLASH_ReadHalfWord  stmflash.o
    0x08005358   0x08005358   0x000000e8   Code   RO          772    i.STMFLASH_Write    stmflash.o
    0x08005440   0x08005440   0x00000026   Code   RO          773    i.STMFLASH_Write_NoCheck  stmflash.o
    0x08005466   0x08005466   0x00000002   Code   RO          226    i.SVC_Handler       stm32f10x_it.o
    0x08005468   0x08005468   0x000001f4   Code   RO          774    i.SavePara          stmflash.o
    0x0800565c   0x0800565c   0x00000028   Code   RO         1123    i.SensorDis         lcdtest.o
    0x08005684   0x08005684   0x000001b4   Code   RO            2    i.SensorInit        main.o
    0x08005838   0x08005838   0x000001b0   Code   RO            3    i.SetDataInit       main.o
    0x080059e8   0x080059e8   0x00000008   Code   RO          360    i.SetSysClock       system_stm32f10x.o
    0x080059f0   0x080059f0   0x000000e0   Code   RO          361    i.SetSysClockTo72   system_stm32f10x.o
    0x08005ad0   0x08005ad0   0x00000034   Code   RO          877    i.SetZone           handle.o
    0x08005b04   0x08005b04   0x00000088   Code   RO         1124    i.ShelterDis        lcdtest.o
    0x08005b8c   0x08005b8c   0x00000188   Code   RO          963    i.SpeedPID          pid_control.o
    0x08005d14   0x08005d14   0x000002b4   Code   RO         1190    i.SpeedPlan         speedplan.o
    0x08005fc8   0x08005fc8   0x00000018   Code   RO          878    i.Speed_limit       handle.o
    0x08005fe0   0x08005fe0   0x00000028   Code   RO         1251    i.SysTick_CLKSourceConfig  misc.o
    0x08006008   0x08006008   0x0000001c   Code   RO          434    i.SysTick_Handler   delay.o
    0x08006024   0x08006024   0x00000060   Code   RO          363    i.SystemInit        system_stm32f10x.o
    0x08006084   0x08006084   0x00000080   Code   RO         1747    i.TI1_Config        stm32f10x_tim.o
    0x08006104   0x08006104   0x00000098   Code   RO         1748    i.TI2_Config        stm32f10x_tim.o
    0x0800619c   0x0800619c   0x00000090   Code   RO         1749    i.TI3_Config        stm32f10x_tim.o
    0x0800622c   0x0800622c   0x00000098   Code   RO         1750    i.TI4_Config        stm32f10x_tim.o
    0x080062c4   0x080062c4   0x00000002   Code   RO          227    i.TIM1_BRK_IRQHandler  stm32f10x_it.o
    0x080062c6   0x080062c6   0x00000002   PAD
    0x080062c8   0x080062c8   0x00000020   Code   RO          228    i.TIM1_CC_IRQHandler  stm32f10x_it.o
    0x080062e8   0x080062e8   0x00000178   Code   RO          229    i.TIM3_IRQHandler   stm32f10x_it.o
    0x08006460   0x08006460   0x00000124   Code   RO          230    i.TIM4_IRQHandler   stm32f10x_it.o
    0x08006584   0x08006584   0x00000020   Code   RO         1752    i.TIM_BDTRConfig    stm32f10x_tim.o
    0x080065a4   0x080065a4   0x00000006   Code   RO         1758    i.TIM_ClearITPendingBit  stm32f10x_tim.o
    0x080065aa   0x080065aa   0x00000018   Code   RO         1763    i.TIM_Cmd           stm32f10x_tim.o
    0x080065c2   0x080065c2   0x0000001e   Code   RO         1765    i.TIM_CtrlPWMOutputs  stm32f10x_tim.o
    0x080065e0   0x080065e0   0x000001e8   Code   RO         1768    i.TIM_DeInit        stm32f10x_tim.o
    0x080067c8   0x080067c8   0x000000ac   Code   RO         1786    i.TIM_ICInit        stm32f10x_tim.o
    0x08006874   0x08006874   0x00000012   Code   RO         1788    i.TIM_ITConfig      stm32f10x_tim.o
    0x08006886   0x08006886   0x00000002   PAD
    0x08006888   0x08006888   0x00000098   Code   RO         1792    i.TIM_OC1Init       stm32f10x_tim.o
    0x08006920   0x08006920   0x00000012   Code   RO         1795    i.TIM_OC1PreloadConfig  stm32f10x_tim.o
    0x08006932   0x08006932   0x00000002   PAD
    0x08006934   0x08006934   0x000000a4   Code   RO         1797    i.TIM_OC2Init       stm32f10x_tim.o
    0x080069d8   0x080069d8   0x0000001a   Code   RO         1800    i.TIM_OC2PreloadConfig  stm32f10x_tim.o
    0x080069f2   0x080069f2   0x00000002   PAD
    0x080069f4   0x080069f4   0x000000a0   Code   RO         1802    i.TIM_OC3Init       stm32f10x_tim.o
    0x08006a94   0x08006a94   0x00000012   Code   RO         1805    i.TIM_OC3PreloadConfig  stm32f10x_tim.o
    0x08006aa6   0x08006aa6   0x00000002   PAD
    0x08006aa8   0x08006aa8   0x0000007c   Code   RO         1807    i.TIM_OC4Init       stm32f10x_tim.o
    0x08006b24   0x08006b24   0x00000018   Code   RO         1815    i.TIM_SelectHallSensor  stm32f10x_tim.o
    0x08006b3c   0x08006b3c   0x00000012   Code   RO         1816    i.TIM_SelectInputTrigger  stm32f10x_tim.o
    0x08006b4e   0x08006b4e   0x00000012   Code   RO         1817    i.TIM_SelectMasterSlaveMode  stm32f10x_tim.o
    0x08006b60   0x08006b60   0x00000012   Code   RO         1820    i.TIM_SelectOutputTrigger  stm32f10x_tim.o
    0x08006b72   0x08006b72   0x00000012   Code   RO         1821    i.TIM_SelectSlaveMode  stm32f10x_tim.o
    0x08006b84   0x08006b84   0x00000012   Code   RO         1829    i.TIM_SetIC1Prescaler  stm32f10x_tim.o
    0x08006b96   0x08006b96   0x0000001a   Code   RO         1830    i.TIM_SetIC2Prescaler  stm32f10x_tim.o
    0x08006bb0   0x08006bb0   0x00000012   Code   RO         1831    i.TIM_SetIC3Prescaler  stm32f10x_tim.o
    0x08006bc2   0x08006bc2   0x0000001a   Code   RO         1832    i.TIM_SetIC4Prescaler  stm32f10x_tim.o
    0x08006bdc   0x08006bdc   0x000000a4   Code   RO         1834    i.TIM_TimeBaseInit  stm32f10x_tim.o
    0x08006c80   0x08006c80   0x00000030   Code   RO         1191    i.T_Aplan           speedplan.o
    0x08006cb0   0x08006cb0   0x00000030   Code   RO         1192    i.T_Cplan           speedplan.o
    0x08006ce0   0x08006ce0   0x00000054   Code   RO         1193    i.T_Mplan           speedplan.o
    0x08006d34   0x08006d34   0x00000030   Code   RO         1194    i.T_TCplan          speedplan.o
    0x08006d64   0x08006d64   0x00000104   Code   RO          879    i.TravelCalibration  handle.o
    0x08006e68   0x08006e68   0x00000094   Code   RO          517    i.USART2_IRQHandler  usart_485.o
    0x08006efc   0x08006efc   0x00000094   Code   RO          592    i.USART3_IRQHandler  usart_232.o
    0x08006f90   0x08006f90   0x00000012   Code   RO         2295    i.USART_ClearFlag   stm32f10x_usart.o
    0x08006fa2   0x08006fa2   0x0000001e   Code   RO         2296    i.USART_ClearITPendingBit  stm32f10x_usart.o
    0x08006fc0   0x08006fc0   0x00000018   Code   RO         2299    i.USART_Cmd         stm32f10x_usart.o
    0x08006fd8   0x08006fd8   0x00000012   Code   RO         2300    i.USART_DMACmd      stm32f10x_usart.o
    0x08006fea   0x08006fea   0x0000001a   Code   RO         2302    i.USART_GetFlagStatus  stm32f10x_usart.o
    0x08007004   0x08007004   0x00000054   Code   RO         2303    i.USART_GetITStatus  stm32f10x_usart.o
    0x08007058   0x08007058   0x0000004a   Code   RO         2305    i.USART_ITConfig    stm32f10x_usart.o
    0x080070a2   0x080070a2   0x00000002   PAD
    0x080070a4   0x080070a4   0x000000d8   Code   RO         2306    i.USART_Init        stm32f10x_usart.o
    0x0800717c   0x0800717c   0x0000000a   Code   RO         2313    i.USART_ReceiveData  stm32f10x_usart.o
    0x08007186   0x08007186   0x00000004   Code   RO          231    i.UsageFault_Handler  stm32f10x_it.o
    0x0800718a   0x0800718a   0x00000002   PAD
    0x0800718c   0x0800718c   0x00000028   Code   RO         1028    i.WWDG_IRQHandler   wdg.o
    0x080071b4   0x080071b4   0x00000134   Code   RO         1125    i.WarmOut           lcdtest.o
    0x080072e8   0x080072e8   0x000001bc   Code   RO          880    i.WorkModeOut       handle.o
    0x080074a4   0x080074a4   0x000001c4   Code   RO          776    i.WriteSensor       stmflash.o
    0x08007668   0x08007668   0x0000000e   Code   RO         4085    i._is_digit         c_w.l(__printf_wp.o)
    0x08007676   0x08007676   0x00000022   Code   RO         1195    i.decspeed          speedplan.o
    0x08007698   0x08007698   0x0000005c   Code   RO          435    i.delay_init        delay.o
    0x080076f4   0x080076f4   0x00000050   Code   RO          436    i.delay_ms          delay.o
    0x08007744   0x08007744   0x00000008   Code   RO          437    i.delay_osschedlock  delay.o
    0x0800774c   0x0800774c   0x00000008   Code   RO          438    i.delay_osschedunlock  delay.o
    0x08007754   0x08007754   0x0000000c   Code   RO          439    i.delay_ostimedly   delay.o
    0x08007760   0x08007760   0x0000005c   Code   RO          440    i.delay_us          delay.o
    0x080077bc   0x080077bc   0x0000002c   Code   RO          232    i.filter            stm32f10x_it.o
    0x080077e8   0x080077e8   0x00000024   Code   RO          394    i.fputc             fputc.o
    0x0800780c   0x0800780c   0x00000078   Code   RO          881    i.getKeepOutRate    handle.o
    0x08007884   0x08007884   0x000001a8   Code   RO          689    i.huanxiang         ctrl.o
    0x08007a2c   0x08007a2c   0x00000520   Code   RO            4    i.lcd_task          main.o
    0x08007f4c   0x08007f4c   0x00000030   Code   RO            5    i.led_task          main.o
    0x08007f7c   0x08007f7c   0x00000024   Code   RO            6    i.main              main.o
    0x08007fa0   0x08007fa0   0x00000010   Code   RO          518    i.max485Enable_RX   usart_485.o
    0x08007fb0   0x08007fb0   0x00000010   Code   RO          519    i.max485Enable_TX   usart_485.o
    0x08007fc0   0x08007fc0   0x000000b0   Code   RO            7    i.modbus_task       main.o
    0x08008070   0x08008070   0x00000078   Code   RO            8    i.readio_task       main.o
    0x080080e8   0x080080e8   0x00000050   Code   RO         1196    i.reversal          speedplan.o
    0x08008138   0x08008138   0x00000170   Code   RO            9    i.start_task        main.o
    0x080082a8   0x080082a8   0x0000014c   Code   RO          520    i.uart2_init        usart_485.o
    0x080083f4   0x080083f4   0x00000134   Code   RO          593    i.uart3_init        usart_232.o
    0x08008528   0x08008528   0x00000062   Code   RO         4105    x$fpl$d2f           fz_ws.l(d2f.o)
    0x0800858a   0x0800858a   0x00000018   Code   RO         4289    x$fpl$dcmpinf       fz_ws.l(dcmpi.o)
    0x080085a2   0x080085a2   0x00000002   PAD
    0x080085a4   0x080085a4   0x000002b0   Code   RO         4108    x$fpl$ddiv          fz_ws.l(ddiv.o)
    0x08008854   0x08008854   0x0000005a   Code   RO         4111    x$fpl$dfixu         fz_ws.l(dfixu.o)
    0x080088ae   0x080088ae   0x0000002e   Code   RO         4116    x$fpl$dflt          fz_ws.l(dflt_clz.o)
    0x080088dc   0x080088dc   0x00000026   Code   RO         4115    x$fpl$dfltu         fz_ws.l(dflt_clz.o)
    0x08008902   0x08008902   0x00000002   PAD
    0x08008904   0x08008904   0x00000078   Code   RO         4233    x$fpl$dleqf         fz_ws.l(dleqf.o)
    0x0800897c   0x0800897c   0x00000154   Code   RO         4121    x$fpl$dmul          fz_ws.l(dmul.o)
    0x08008ad0   0x08008ad0   0x0000009c   Code   RO         4235    x$fpl$dnaninf       fz_ws.l(dnaninf.o)
    0x08008b6c   0x08008b6c   0x0000000c   Code   RO         4237    x$fpl$dretinf       fz_ws.l(dretinf.o)
    0x08008b78   0x08008b78   0x0000006c   Code   RO         4123    x$fpl$drleqf        fz_ws.l(drleqf.o)
    0x08008be4   0x08008be4   0x00000056   Code   RO         4125    x$fpl$f2d           fz_ws.l(f2d.o)
    0x08008c3a   0x08008c3a   0x00000002   PAD
    0x08008c3c   0x08008c3c   0x000000c4   Code   RO         4127    x$fpl$fadd          fz_ws.l(faddsub_clz.o)
    0x08008d00   0x08008d00   0x00000018   Code   RO         4239    x$fpl$fcmpinf       fz_ws.l(fcmpi.o)
    0x08008d18   0x08008d18   0x00000036   Code   RO         4133    x$fpl$ffix          fz_ws.l(ffix.o)
    0x08008d4e   0x08008d4e   0x00000002   PAD
    0x08008d50   0x08008d50   0x0000003e   Code   RO         4137    x$fpl$ffixu         fz_ws.l(ffixu.o)
    0x08008d8e   0x08008d8e   0x00000002   PAD
    0x08008d90   0x08008d90   0x00000030   Code   RO         4142    x$fpl$fflt          fz_ws.l(fflt_clz.o)
    0x08008dc0   0x08008dc0   0x00000026   Code   RO         4141    x$fpl$ffltu         fz_ws.l(fflt_clz.o)
    0x08008de6   0x08008de6   0x00000002   PAD
    0x08008de8   0x08008de8   0x00000068   Code   RO         4147    x$fpl$fleqf         fz_ws.l(fleqf.o)
    0x08008e50   0x08008e50   0x00000102   Code   RO         4149    x$fpl$fmul          fz_ws.l(fmul.o)
    0x08008f52   0x08008f52   0x0000008c   Code   RO         4241    x$fpl$fnaninf       fz_ws.l(fnaninf.o)
    0x08008fde   0x08008fde   0x0000000a   Code   RO         4243    x$fpl$fretinf       fz_ws.l(fretinf.o)
    0x08008fe8   0x08008fe8   0x00000062   Code   RO         4151    x$fpl$frleqf        fz_ws.l(frleqf.o)
    0x0800904a   0x0800904a   0x00000002   PAD
    0x0800904c   0x0800904c   0x000000ea   Code   RO         4129    x$fpl$fsub          fz_ws.l(faddsub_clz.o)
    0x08009136   0x08009136   0x00000000   Code   RO         4245    x$fpl$usenofp       fz_ws.l(usenofp.o)
    0x08009136   0x08009136   0x00000002   PAD
    0x08009138   0x08009138   0x00000034   Data   RO          882    .constdata          handle.o
    0x0800916c   0x0800916c   0x000002cc   Data   RO         1072    .constdata          modbus.o
    0x08009438   0x08009438   0x00000100   Data   RO         3051    .constdata          os_core.o
    0x08009538   0x08009538   0x00000020   Data   RO         4378    Region$$Table       anon$$obj.o


    Execution Region RW_IRAM1 (Exec base: 0x20000000, Load base: 0x08009558, Size: 0x00002320, Max: 0x00005000, ABSOLUTE, COMPRESSED[0x00000168])

    Exec Addr    Load Addr    Size         Type   Attr      Idx    E Section Name        Object

    0x20000000   COMPRESSED   0x000000d6   Data   RW           11    .data               main.o
    0x200000d6   COMPRESSED   0x00000002   PAD
    0x200000d8   COMPRESSED   0x0000002c   Data   RW          233    .data               stm32f10x_it.o
    0x20000104   COMPRESSED   0x00000014   Data   RW          364    .data               system_stm32f10x.o
    0x20000118   COMPRESSED   0x00000008   Data   RW          395    .data               fputc.o
    0x20000120   COMPRESSED   0x00000004   Data   RW          441    .data               delay.o
    0x20000124   COMPRESSED   0x00000024   Data   RW          690    .data               ctrl.o
    0x20000148   COMPRESSED   0x00000034   Data   RW          883    .data               handle.o
    0x2000017c   COMPRESSED   0x00000014   Data   RW          965    .data               pid_control.o
    0x20000190   COMPRESSED   0x00000040   Data   RW         1002    .data               longkey.o
    0x200001d0   COMPRESSED   0x00000207   Data   RW         1126    .data               lcdtest.o
    0x200003d7   COMPRESSED   0x00000001   PAD
    0x200003d8   COMPRESSED   0x00000011   Data   RW         1198    .data               speedplan.o
    0x200003e9   COMPRESSED   0x00000014   Data   RW         1579    .data               stm32f10x_rcc.o
    0x200003fd   COMPRESSED   0x00000003   PAD
    0x20000400   COMPRESSED   0x00000048   Data   RW         3052    .data               os_core.o
    0x20000448        -       0x00000424   Zero   RW           10    .bss                main.o
    0x2000086c        -       0x00000100   Zero   RW          521    .bss                usart_485.o
    0x2000096c        -       0x00000100   Zero   RW          594    .bss                usart_232.o
    0x20000a6c        -       0x00000524   Zero   RW          777    .bss                stmflash.o
    0x20000f90        -       0x000000a8   Zero   RW          964    .bss                pid_control.o
    0x20001038        -       0x000001f6   Zero   RW         1071    .bss                modbus.o
    0x2000122e   COMPRESSED   0x00000002   PAD
    0x20001230        -       0x0000000c   Zero   RW         1197    .bss                speedplan.o
    0x2000123c        -       0x00000a80   Zero   RW         3050    .bss                os_core.o
    0x20001cbc        -       0x00000060   Zero   RW         4249    .bss                c_w.l(libspace.o)
    0x20001d1c   COMPRESSED   0x00000004   PAD
    0x20001d20        -       0x00000200   Zero   RW          428    HEAP                startup_stm32f10x_md.o
    0x20001f20        -       0x00000400   Zero   RW          427    STACK               startup_stm32f10x_md.o


==============================================================================

Image component sizes


      Code (inc. data)   RO Data    RW Data    ZI Data      Debug   Object Name

       300         16          0          0          0        715   adc.o
       554         22          0          0          0       2222   bsp.o
         0          0          0          0          0         32   core_cm3.o
      2032        190          0         36          0      12777   ctrl.o
       320         40          0          4          0       3849   delay.o
        36          6          0          8          0       2514   fputc.o
      3446        314         52         52          0      10248   handle.o
      2060        158          0        519          0       8332   lcdtest.o
       412         22          0         64          0       2510   longkey.o
      2944        900          0        214       1060     297696   main.o
       172         22          0          0          0       2073   misc.o
      1492        240        716          0        502       7319   modbus.o
      2042        396        256         72       2688      20299   os_core.o
       180         36          0          0          0        340   os_cpu_a.o
       170          0          0          0          0      12827   os_cpu_c.o
        88         14          0          0          0        594   os_flag.o
        76          8          0          0          0        695   os_mbox.o
       148         14          0          0          0       1220   os_mutex.o
        80          8          0          0          0        563   os_q.o
        76          8          0          0          0        682   os_sem.o
       790         64          0          0          0       5440   os_task.o
       120         20          0          0          0        632   os_time.o
      1932        108          0         20        168       5021   pid_control.o
        36          6          0          0          0        471   pwrchk.o
      1056         52          0         17         12       6912   speedplan.o
        64         26        236          0       1536        808   startup_stm32f10x_md.o
       390         10          0          0          0       7441   stm32f10x_adc.o
       590         44          0          0          0       7437   stm32f10x_dma.o
        36         10          0          0          0       1098   stm32f10x_exti.o
       326         42          0          0          0       4559   stm32f10x_flash.o
       448          6          0          0          0       4522   stm32f10x_gpio.o
       824        126          0         44          0     208727   stm32f10x_it.o
        68         30          0          0          0       2502   stm32f10x_iwdg.o
       760        116          0         20          0      12207   stm32f10x_rcc.o
      2356        264          0          0          0      18321   stm32f10x_tim.o
       500          6          0          0          0       7459   stm32f10x_usart.o
      3406       1062          0          0       1316       7873   stmflash.o
       328         28          0         20          0       2105   system_stm32f10x.o
       820         80          0          0        256       4529   usart_232.o
       888         82          0          0        256       5502   usart_485.o
        84          6          0          0          0       1450   wdg.o

    ----------------------------------------------------------------------
     32486       4602       1292       1096       7796     702523   Object Totals
         0          0         32          0          0          0   (incl. Generated)
        36          0          0          6          2          0   (incl. Padding)

    ----------------------------------------------------------------------

      Code (inc. data)   RO Data    RW Data    ZI Data      Debug   Library Member Name

        90          0          0          0          0          0   __dczerorl2.o
         8          0          0          0          0         68   __main.o
       284          0          0          0          0        156   __printf_wp.o
         0          0          0          0          0          0   __rtentry.o
        12          0          0          0          0          0   __rtentry2.o
         6          0          0          0          0          0   __rtentry4.o
        52          8          0          0          0          0   __scatter.o
        28          0          0          0          0          0   __scatter_zi.o
        48          6          0          0          0         96   _printf_char_common.o
        36          4          0          0          0         80   _printf_char_file.o
         6          0          0          0          0          0   _printf_d.o
       120         16          0          0          0         92   _printf_dec.o
       178          0          0          0          0         88   _printf_intcommon.o
        78          0          0          0          0        108   _printf_pad.o
         0          0          0          0          0          0   _printf_percent.o
         4          0          0          0          0          0   _printf_percent_end.o
        18          0          0          0          0         80   exit.o
         8          0          0          0          0         68   ferror.o
         6          0          0          0          0        152   heapauxi.o
         0          0          0          0          0          0   indicate_semi.o
         2          0          0          0          0          0   libinit.o
         2          0          0          0          0          0   libinit2.o
         2          0          0          0          0          0   libshutdown.o
         2          0          0          0          0          0   libshutdown2.o
         8          4          0          0         96         68   libspace.o
        24          4          0          0          0         84   noretval__2printf.o
       138          0          0          0          0         68   rt_memcpy_v6.o
       100          0          0          0          0         80   rt_memcpy_w.o
         2          0          0          0          0          0   rtexit.o
        10          0          0          0          0          0   rtexit2.o
        12          4          0          0          0         68   sys_exit.o
        74          0          0          0          0         80   sys_stackheap_outer.o
         2          0          0          0          0         68   use_no_semi.o
        98          4          0          0          0         92   d2f.o
        24          0          0          0          0         68   dcmpi.o
       688        140          0          0          0        208   ddiv.o
        90          4          0          0          0         92   dfixu.o
        84          0          0          0          0        136   dflt_clz.o
       120          4          0          0          0         92   dleqf.o
       340         12          0          0          0        104   dmul.o
       156          4          0          0          0         92   dnaninf.o
        12          0          0          0          0         68   dretinf.o
       108          0          0          0          0         80   drleqf.o
        86          4          0          0          0         84   f2d.o
       430          8          0          0          0        168   faddsub_clz.o
        24          0          0          0          0         68   fcmpi.o
        54          4          0          0          0         84   ffix.o
        62          4          0          0          0         84   ffixu.o
        86          0          0          0          0        136   fflt_clz.o
       104          4          0          0          0         84   fleqf.o
       258          4          0          0          0         84   fmul.o
       140          4          0          0          0         84   fnaninf.o
        10          0          0          0          0         68   fretinf.o
        98          0          0          0          0         68   frleqf.o
         0          0          0          0          0          0   usenofp.o

    ----------------------------------------------------------------------
      4454        246          0          0        100       3548   Library Totals
        22          0          0          0          4          0   (incl. Padding)

    ----------------------------------------------------------------------

      Code (inc. data)   RO Data    RW Data    ZI Data      Debug   Library Name

      1360         46          0          0         96       1504   c_w.l
      3072        200          0          0          0       2044   fz_ws.l

    ----------------------------------------------------------------------
      4454        246          0          0        100       3548   Library Totals

    ----------------------------------------------------------------------

==============================================================================


      Code (inc. data)   RO Data    RW Data    ZI Data      Debug   

     36940       4848       1292       1096       7896     690987   Grand Totals
     36940       4848       1292        360       7896     690987   ELF Image Totals (compressed)
     36940       4848       1292        360          0          0   ROM Totals

==============================================================================

    Total RO  Size (Code + RO Data)                38232 (  37.34kB)
    Total RW  Size (RW Data + ZI Data)              8992 (   8.78kB)
    Total ROM Size (Code + RO Data + RW Data)      38592 (  37.69kB)

==============================================================================

